Archive member included to satisfy reference by file (symbol)

c:/vsarm/armcc/102021~1.10/bin/../lib/gcc/arm-none-eabi/10.3.1/thumb/v6-m/nofp\libgcc.a(_dvmd_tls.o)
                              CMakeFiles/CompressionRigFirmware.dir/C_/VSARM/sdk/pico/pico-sdk/src/rp2_common/pico_divider/divider.S.obj (__aeabi_idiv0)
c:/vsarm/armcc/102021~1.10/bin/../lib/gcc/arm-none-eabi/10.3.1/../../../../arm-none-eabi/lib/thumb/v6-m/nofp\libc.a(lib_a-calloc.o)
                              CMakeFiles/CompressionRigFirmware.dir/C_/VSARM/sdk/pico/pico-sdk/src/rp2_common/pico_malloc/pico_malloc.c.obj (calloc)
c:/vsarm/armcc/102021~1.10/bin/../lib/gcc/arm-none-eabi/10.3.1/../../../../arm-none-eabi/lib/thumb/v6-m/nofp\libc.a(lib_a-callocr.o)
                              c:/vsarm/armcc/102021~1.10/bin/../lib/gcc/arm-none-eabi/10.3.1/../../../../arm-none-eabi/lib/thumb/v6-m/nofp\libc.a(lib_a-calloc.o) (_calloc_r)
c:/vsarm/armcc/102021~1.10/bin/../lib/gcc/arm-none-eabi/10.3.1/../../../../arm-none-eabi/lib/thumb/v6-m/nofp\libc.a(lib_a-errno.o)
                              c:/vsarm/armcc/102021~1.10/bin/../lib/gcc/arm-none-eabi/10.3.1/../../../../arm-none-eabi/lib/thumb/v6-m/nofp\libc.a(lib_a-callocr.o) (__errno)
c:/vsarm/armcc/102021~1.10/bin/../lib/gcc/arm-none-eabi/10.3.1/../../../../arm-none-eabi/lib/thumb/v6-m/nofp\libc.a(lib_a-impure.o)
                              c:/vsarm/armcc/102021~1.10/bin/../lib/gcc/arm-none-eabi/10.3.1/../../../../arm-none-eabi/lib/thumb/v6-m/nofp\libc.a(lib_a-calloc.o) (_impure_ptr)
c:/vsarm/armcc/102021~1.10/bin/../lib/gcc/arm-none-eabi/10.3.1/../../../../arm-none-eabi/lib/thumb/v6-m/nofp\libc.a(lib_a-init.o)
                              c:/vsarm/armcc/102021~1.10/bin/../lib/gcc/arm-none-eabi/10.3.1/../../../../arm-none-eabi/lib/thumb/v6-m/nofp/crt0.o (__libc_init_array)
c:/vsarm/armcc/102021~1.10/bin/../lib/gcc/arm-none-eabi/10.3.1/../../../../arm-none-eabi/lib/thumb/v6-m/nofp\libc.a(lib_a-malloc.o)
                              CMakeFiles/CompressionRigFirmware.dir/C_/VSARM/sdk/pico/pico-sdk/src/rp2_common/pico_malloc/pico_malloc.c.obj (malloc)
c:/vsarm/armcc/102021~1.10/bin/../lib/gcc/arm-none-eabi/10.3.1/../../../../arm-none-eabi/lib/thumb/v6-m/nofp\libc.a(lib_a-mallocr.o)
                              c:/vsarm/armcc/102021~1.10/bin/../lib/gcc/arm-none-eabi/10.3.1/../../../../arm-none-eabi/lib/thumb/v6-m/nofp\libc.a(lib_a-callocr.o) (_malloc_r)
c:/vsarm/armcc/102021~1.10/bin/../lib/gcc/arm-none-eabi/10.3.1/../../../../arm-none-eabi/lib/thumb/v6-m/nofp\libc.a(lib_a-mlock.o)
                              c:/vsarm/armcc/102021~1.10/bin/../lib/gcc/arm-none-eabi/10.3.1/../../../../arm-none-eabi/lib/thumb/v6-m/nofp\libc.a(lib_a-mallocr.o) (__malloc_lock)
c:/vsarm/armcc/102021~1.10/bin/../lib/gcc/arm-none-eabi/10.3.1/../../../../arm-none-eabi/lib/thumb/v6-m/nofp\libc.a(lib_a-sbrkr.o)
                              c:/vsarm/armcc/102021~1.10/bin/../lib/gcc/arm-none-eabi/10.3.1/../../../../arm-none-eabi/lib/thumb/v6-m/nofp\libc.a(lib_a-mallocr.o) (_sbrk_r)
c:/vsarm/armcc/102021~1.10/bin/../lib/gcc/arm-none-eabi/10.3.1/../../../../arm-none-eabi/lib/thumb/v6-m/nofp\libc.a(lib_a-sscanf.o)
                              CMakeFiles/CompressionRigFirmware.dir/main.c.obj (sscanf)
c:/vsarm/armcc/102021~1.10/bin/../lib/gcc/arm-none-eabi/10.3.1/../../../../arm-none-eabi/lib/thumb/v6-m/nofp\libc.a(lib_a-stdio.o)
                              c:/vsarm/armcc/102021~1.10/bin/../lib/gcc/arm-none-eabi/10.3.1/../../../../arm-none-eabi/lib/thumb/v6-m/nofp\libc.a(lib_a-sscanf.o) (__seofread)
c:/vsarm/armcc/102021~1.10/bin/../lib/gcc/arm-none-eabi/10.3.1/../../../../arm-none-eabi/lib/thumb/v6-m/nofp\libc.a(lib_a-strlen-stub.o)
                              CMakeFiles/CompressionRigFirmware.dir/C_/VSARM/sdk/pico/pico-sdk/src/rp2_common/pico_stdio/stdio.c.obj (strlen)
c:/vsarm/armcc/102021~1.10/bin/../lib/gcc/arm-none-eabi/10.3.1/../../../../arm-none-eabi/lib/thumb/v6-m/nofp\libc.a(lib_a-svfscanf.o)
                              c:/vsarm/armcc/102021~1.10/bin/../lib/gcc/arm-none-eabi/10.3.1/../../../../arm-none-eabi/lib/thumb/v6-m/nofp\libc.a(lib_a-sscanf.o) (__ssvfscanf_r)
c:/vsarm/armcc/102021~1.10/bin/../lib/gcc/arm-none-eabi/10.3.1/../../../../arm-none-eabi/lib/thumb/v6-m/nofp\libc.a(lib_a-writer.o)
                              c:/vsarm/armcc/102021~1.10/bin/../lib/gcc/arm-none-eabi/10.3.1/../../../../arm-none-eabi/lib/thumb/v6-m/nofp\libc.a(lib_a-stdio.o) (_write_r)
c:/vsarm/armcc/102021~1.10/bin/../lib/gcc/arm-none-eabi/10.3.1/../../../../arm-none-eabi/lib/thumb/v6-m/nofp\libc.a(lib_a-closer.o)
                              c:/vsarm/armcc/102021~1.10/bin/../lib/gcc/arm-none-eabi/10.3.1/../../../../arm-none-eabi/lib/thumb/v6-m/nofp\libc.a(lib_a-stdio.o) (_close_r)
c:/vsarm/armcc/102021~1.10/bin/../lib/gcc/arm-none-eabi/10.3.1/../../../../arm-none-eabi/lib/thumb/v6-m/nofp\libc.a(lib_a-ctype_.o)
[...]
Memory Configuration

Name             Origin             Length             Attributes
FLASH            0x10000000         0x00200000         xr
RAM              0x20000000         0x00040000         xrw
SCRATCH_X        0x20040000         0x00001000         xrw
SCRATCH_Y        0x20041000         0x00001000         xrw
*default*        0x00000000         0xffffffff

Linker script and memory map

LOAD c:/vsarm/armcc/102021~1.10/bin/../lib/gcc/arm-none-eabi/10.3.1/thumb/v6-m/nofp/crti.o
LOAD c:/vsarm/armcc/102021~1.10/bin/../lib/gcc/arm-none-eabi/10.3.1/thumb/v6-m/nofp/crtbegin.o
LOAD c:/vsarm/armcc/102021~1.10/bin/../lib/gcc/arm-none-eabi/10.3.1/../../../../arm-none-eabi/lib/thumb/v6-m/nofp/crt0.o

.flash_begin    0x10000000        0x0
                0x10000000                __flash_binary_start = .

.boot2          0x10000000      0x100
                0x10000000                __boot2_start__ = .
 *(.boot2)
 .boot2         0x10000000      0x100 C:\Users\logan\AppData\Local\Temp\ccEavf7Y.o
                0x10000100                __boot2_end__ = .
                0x00000001                ASSERT (((__boot2_end__ - __boot2_start__) == 0x100), ERROR: Pico second stage bootloader must be 256 bytes in size)

.text           0x10000100     0xcf90
                0x10000100                __logical_binary_start = .
 *(.vectors)
 .vectors       0x10000100       0xd4 CMakeFiles/CompressionRigFirmware.dir/C_/VSARM/sdk/pico/pico-sdk/src/rp2_common/pico_standard_link/crt0.S.obj
                0x10000100                __VECTOR_TABLE
                0x10000100                __vectors
                0x100001c0                isr_invalid
                0x100001c0                __default_isrs_start
                0x100001c2                isr_nmi
                0x100001c4                isr_hardfault
                0x100001c6                isr_svcall
                0x100001c8                isr_pendsv
                0x100001ca                isr_systick
                0x100001cc                isr_irq23
                0x100001cc                isr_irq18
                0x100001cc                isr_irq11
                0x100001cc                isr_irq28
                0x100001cc                isr_irq19
                0x100001cc                isr_irq0
                0x100001cc                isr_irq6
                0x100001cc                isr_irq5
                0x100001cc                isr_irq12
                0x100001cc                isr_irq22
                0x100001cc                isr_irq31
                0x100001cc                isr_irq17
                0x100001cc                isr_irq27
                0x100001cc                isr_irq30
                0x100001cc                isr_irq2
                0x100001cc                isr_irq10
                0x100001cc                isr_irq8
                0x100001cc                isr_irq24
                0x100001cc                isr_irq1
                0x100001cc                isr_irq7
                0x100001cc                isr_irq21
                0x100001cc                isr_irq20
                0x100001cc                isr_irq15
                0x100001cc                isr_irq25
                0x100001cc                isr_irq13
                0x100001cc                __unhandled_user_irq
                0x100001cc                isr_irq4
                0x100001cc                isr_irq16
                0x100001cc                isr_irq29
                0x100001cc                isr_irq26
                0x100001cc                __default_isrs_end
                0x100001cc                isr_irq3
                0x100001cc                isr_irq14
                0x100001cc                isr_irq9
                0x100001d2                unhandled_user_irq_num_in_r0
 *(.binary_info_header)
 .binary_info_header
                0x100001d4       0x14 CMakeFiles/CompressionRigFirmware.dir/C_/VSARM/sdk/pico/pico-sdk/src/rp2_common/pico_standard_link/crt0.S.obj
                0x100001e8                __binary_info_header_end = .
 *(.reset)
 .reset         0x100001e8       0xa8 CMakeFiles/CompressionRigFirmware.dir/C_/VSARM/sdk/pico/pico-sdk/src/rp2_common/pico_standard_link/crt0.S.obj
                0x100001e8                _entry_point
                0x10000266                __get_current_exception
 .reset         0x10000290       0x30 CMakeFiles/CompressionRigFirmware.dir/C_/VSARM/sdk/pico/pico-sdk/src/rp2_common/pico_standard_link/binary_info.c.obj
 *(.init)
 .init          0x100002c0        0x4 c:/vsarm/armcc/102021~1.10/bin/../lib/gcc/arm-none-eabi/10.3.1/thumb/v6-m/nofp/crti.o
                0x100002c0                _init
 *(EXCLUDE_FILE(*libm.a: *libc.a:*lib_a-mem*.o *libgcc.a:) .text*)
 .text          0x100002c4       0x48 c:/vsarm/armcc/102021~1.10/bin/../lib/gcc/arm-none-eabi/10.3.1/thumb/v6-m/nofp/crtbegin.o
 .text.core1_main
                0x1000030c       0x58 CMakeFiles/CompressionRigFirmware.dir/main.c.obj
                0x1000030c                core1_main
 .text.on_uart1_rx
                0x10000364       0x68 CMakeFiles/CompressionRigFirmware.dir/main.c.obj
                0x10000364                on_uart1_rx
 .text.start_test
                0x100003cc      0x41c CMakeFiles/CompressionRigFirmware.dir/main.c.obj
                0x100003cc                start_test
 .text.commandHandler
                0x100007e8      0x18c CMakeFiles/CompressionRigFirmware.dir/main.c.obj
                0x100007e8                commandHandler
 .text.startup.main
                0x10000974      0x19c CMakeFiles/CompressionRigFirmware.dir/main.c.obj
                0x10000974                main
 .text.gpio_set_function
                0x10000b10       0x30 CMakeFiles/CompressionRigFirmware.dir/C_/VSARM/sdk/pico/pico-sdk/src/rp2_common/hardware_gpio/gpio.c.obj
                0x10000b10                gpio_set_function
 .text.gpio_set_pulls
                0x10000b40       0x30 CMakeFiles/CompressionRigFirmware.dir/C_/VSARM/sdk/pico/pico-sdk/src/rp2_common/hardware_gpio/gpio.c.obj
                0x10000b40                gpio_set_pulls
 .text.gpio_init
                0x10000b70       0x3c CMakeFiles/CompressionRigFirmware.dir/C_/VSARM/sdk/pico/pico-sdk/src/rp2_common/hardware_gpio/gpio.c.obj
                0x10000b70                gpio_init
 .text.hw_claim_lock
                0x10000bac       0x18 CMakeFiles/CompressionRigFirmware.dir/C_/VSARM/sdk/pico/pico-sdk/src/rp2_common/hardware_claim/claim.c.obj
                0x10000bac                hw_claim_lock
 .text.hw_claim_unlock
                0x10000bc4       0x14 CMakeFiles/CompressionRigFirmware.dir/C_/VSARM/sdk/pico/pico-sdk/src/rp2_common/hardware_claim/claim.c.obj
                0x10000bc4                hw_claim_unlock
 .text.hw_claim_or_assert
                0x10000bd8       0x44 CMakeFiles/CompressionRigFirmware.dir/C_/VSARM/sdk/pico/pico-sdk/src/rp2_common/hardware_claim/claim.c.obj
                0x10000bd8                hw_claim_or_assert
 .text.hw_claim_unused_from_range
                0x10000c1c       0x9c CMakeFiles/CompressionRigFirmware.dir/C_/VSARM/sdk/pico/pico-sdk/src/rp2_common/hardware_claim/claim.c.obj
                0x10000c1c                hw_claim_unused_from_range
 .text.running_on_fpga
                0x10000cb8       0x10 CMakeFiles/CompressionRigFirmware.dir/C_/VSARM/sdk/pico/pico-sdk/src/rp2_common/pico_platform/platform.c.obj
                0x10000cb8                running_on_fpga
 .text.spin_locks_reset
                0x10000cc8       0x1c CMakeFiles/CompressionRigFirmware.dir/C_/VSARM/sdk/pico/pico-sdk/src/rp2_common/hardware_sync/sync.c.obj
                0x10000cc8                spin_locks_reset
 .text.next_striped_spin_lock_num
                0x10000ce4       0x18 CMakeFiles/CompressionRigFirmware.dir/C_/VSARM/sdk/pico/pico-sdk/src/rp2_common/hardware_sync/sync.c.obj
                0x10000ce4                next_striped_spin_lock_num
 .text.spin_lock_claim_unused
                0x10000cfc       0x20 CMakeFiles/CompressionRigFirmware.dir/C_/VSARM/sdk/pico/pico-sdk/src/rp2_common/hardware_sync/sync.c.obj
                0x10000cfc                spin_lock_claim_unused
 .text.uart_init
                0x10000d1c       0xe0 CMakeFiles/CompressionRigFirmware.dir/C_/VSARM/sdk/pico/pico-sdk/src/rp2_common/hardware_uart/uart.c.obj
                0x10000d1c                uart_init
 .text.timer_pool_entry_comparator
                0x10000dfc       0x34 CMakeFiles/CompressionRigFirmware.dir/C_/VSARM/sdk/pico/pico-sdk/src/common/pico_time/time.c.obj
                0x10000dfc                timer_pool_entry_comparator
 .text.sleep_until_callback
                0x10000e30       0x30 CMakeFiles/CompressionRigFirmware.dir/C_/VSARM/sdk/pico/pico-sdk/src/common/pico_time/time.c.obj
 .text.add_alarm_under_lock.isra.0
                0x10000e60      0x100 CMakeFiles/CompressionRigFirmware.dir/C_/VSARM/sdk/pico/pico-sdk/src/common/pico_time/time.c.obj
 .text.alarm_pool_alarm_callback
                0x10000f60      0x1c8 CMakeFiles/CompressionRigFirmware.dir/C_/VSARM/sdk/pico/pico-sdk/src/common/pico_time/time.c.obj
 .text.alarm_pool_add_alarm_at.constprop.0
                0x10001128      0x11c CMakeFiles/CompressionRigFirmware.dir/C_/VSARM/sdk/pico/pico-sdk/src/common/pico_time/time.c.obj
 .text.alarm_pool_init_default
                0x10001244       0x64 CMakeFiles/CompressionRigFirmware.dir/C_/VSARM/sdk/pico/pico-sdk/src/common/pico_time/time.c.obj
                0x10001244                alarm_pool_init_default
 .text.alarm_pool_get_default
                0x100012a8        0x8 CMakeFiles/CompressionRigFirmware.dir/C_/VSARM/sdk/pico/pico-sdk/src/common/pico_time/time.c.obj
                0x100012a8                alarm_pool_get_default
 .text.alarm_pool_add_alarm_at
                0x100012b0      0x194 CMakeFiles/CompressionRigFirmware.dir/C_/VSARM/sdk/pico/pico-sdk/src/common/pico_time/time.c.obj
                0x100012b0                alarm_pool_add_alarm_at
 .text.sleep_until
                0x10001444       0xac CMakeFiles/CompressionRigFirmware.dir/C_/VSARM/sdk/pico/pico-sdk/src/common/pico_time/time.c.obj
                0x10001444                sleep_until
 .text.sleep_ms
                0x100014f0       0x38 CMakeFiles/CompressionRigFirmware.dir/C_/VSARM/sdk/pico/pico-sdk/src/common/pico_time/time.c.obj
                0x100014f0                sleep_ms
 .text.best_effort_wfe_or_timeout
                0x10001528       0xd4 CMakeFiles/CompressionRigFirmware.dir/C_/VSARM/sdk/pico/pico-sdk/src/common/pico_time/time.c.obj
                0x10001528                best_effort_wfe_or_timeout
 .text.hardware_alarm_irq_handler
                0x100015fc       0xb8 CMakeFiles/CompressionRigFirmware.dir/C_/VSARM/sdk/pico/pico-sdk/src/rp2_common/hardware_timer/timer.c.obj
 .text.hardware_alarm_claim
                0x100016b4       0x18 CMakeFiles/CompressionRigFirmware.dir/C_/VSARM/sdk/pico/pico-sdk/src/rp2_common/hardware_timer/timer.c.obj
                0x100016b4                hardware_alarm_claim
 .text.time_us_64
                0x100016cc       0x14 CMakeFiles/CompressionRigFirmware.dir/C_/VSARM/sdk/pico/pico-sdk/src/rp2_common/hardware_timer/timer.c.obj
                0x100016cc                time_us_64
 .text.busy_wait_us
                0x100016e0       0x54 CMakeFiles/CompressionRigFirmware.dir/C_/VSARM/sdk/pico/pico-sdk/src/rp2_common/hardware_timer/timer.c.obj
                0x100016e0                busy_wait_us
 .text.busy_wait_until
                0x10001734       0x20 CMakeFiles/CompressionRigFirmware.dir/C_/VSARM/sdk/pico/pico-sdk/src/rp2_common/hardware_timer/timer.c.obj
                0x10001734                busy_wait_until
 .text.hardware_alarm_set_callback
                0x10001754       0x8c CMakeFiles/CompressionRigFirmware.dir/C_/VSARM/sdk/pico/pico-sdk/src/rp2_common/hardware_timer/timer.c.obj
                0x10001754                hardware_alarm_set_callback
 .text.hardware_alarm_set_target
                0x100017e0       0xe0 CMakeFiles/CompressionRigFirmware.dir/C_/VSARM/sdk/pico/pico-sdk/src/rp2_common/hardware_timer/timer.c.obj
                0x100017e0                hardware_alarm_set_target
 .text.hardware_alarm_cancel
                0x100018c0       0x3c CMakeFiles/CompressionRigFirmware.dir/C_/VSARM/sdk/pico/pico-sdk/src/rp2_common/hardware_timer/timer.c.obj
                0x100018c0                hardware_alarm_cancel
 .text.lock_init
                0x100018fc       0x10 CMakeFiles/CompressionRigFirmware.dir/C_/VSARM/sdk/pico/pico-sdk/src/common/pico_sync/lock_core.c.obj
                0x100018fc                lock_init
 .text.mutex_init
                0x1000190c       0x1c CMakeFiles/CompressionRigFirmware.dir/C_/VSARM/sdk/pico/pico-sdk/src/common/pico_sync/mutex.c.obj
                0x1000190c                mutex_init
 .text.recursive_mutex_init
                0x10001928       0x1c CMakeFiles/CompressionRigFirmware.dir/C_/VSARM/sdk/pico/pico-sdk/src/common/pico_sync/mutex.c.obj
                0x10001928                recursive_mutex_init
 .text.critical_section_init
                0x10001944       0x20 CMakeFiles/CompressionRigFirmware.dir/C_/VSARM/sdk/pico/pico-sdk/src/common/pico_sync/critical_section.c.obj
                0x10001944                critical_section_init
 .text.ph_merge_nodes
                0x10001964       0x68 CMakeFiles/CompressionRigFirmware.dir/C_/VSARM/sdk/pico/pico-sdk/src/common/pico_util/pheap.c.obj
 .text.ph_post_alloc_init
                0x100019cc       0x3c CMakeFiles/CompressionRigFirmware.dir/C_/VSARM/sdk/pico/pico-sdk/src/common/pico_util/pheap.c.obj
                0x100019cc                ph_post_alloc_init
 .text.ph_merge_two_pass
                0x10001a08       0x90 CMakeFiles/CompressionRigFirmware.dir/C_/VSARM/sdk/pico/pico-sdk/src/common/pico_util/pheap.c.obj
                0x10001a08                ph_merge_two_pass
 .text.ph_remove_any_head
                0x10001a98       0xf8 CMakeFiles/CompressionRigFirmware.dir/C_/VSARM/sdk/pico/pico-sdk/src/common/pico_util/pheap.c.obj
 .text.ph_remove_head
                0x10001b90       0xfc CMakeFiles/CompressionRigFirmware.dir/C_/VSARM/sdk/pico/pico-sdk/src/common/pico_util/pheap.c.obj
                0x10001b90                ph_remove_head
 .text.ph_remove_and_free_node
                0x10001c8c       0x7c CMakeFiles/CompressionRigFirmware.dir/C_/VSARM/sdk/pico/pico-sdk/src/common/pico_util/pheap.c.obj
                0x10001c8c                ph_remove_and_free_node
 .text.runtime_init
                0x10001d08       0xf0 CMakeFiles/CompressionRigFirmware.dir/C_/VSARM/sdk/pico/pico-sdk/src/rp2_common/pico_runtime/runtime.c.obj
                0x10001d08                runtime_init
 .text._sbrk    0x10001df8       0x34 CMakeFiles/CompressionRigFirmware.dir/C_/VSARM/sdk/pico/pico-sdk/src/rp2_common/pico_runtime/runtime.c.obj
                0x10001df8                _sbrk
 .text.exit     0x10001e2c        0x4 CMakeFiles/CompressionRigFirmware.dir/C_/VSARM/sdk/pico/pico-sdk/src/rp2_common/pico_runtime/runtime.c.obj
                0x10001e2c                exit
 .text.__assert_func
                0x10001e30       0x34 CMakeFiles/CompressionRigFirmware.dir/C_/VSARM/sdk/pico/pico-sdk/src/rp2_common/pico_runtime/runtime.c.obj
                0x10001e30                __assert_func
 .text.panic    0x10001e64       0x30 CMakeFiles/CompressionRigFirmware.dir/C_/VSARM/sdk/pico/pico-sdk/src/rp2_common/pico_runtime/runtime.c.obj
                0x10001e64                panic
 .text.hard_assertion_failure
                0x10001e94        0xc CMakeFiles/CompressionRigFirmware.dir/C_/VSARM/sdk/pico/pico-sdk/src/rp2_common/pico_runtime/runtime.c.obj
                0x10001e94                hard_assertion_failure
 .text.clocks_init
                0x10001ea0      0x2bc CMakeFiles/CompressionRigFirmware.dir/C_/VSARM/sdk/pico/pico-sdk/src/rp2_common/hardware_clocks/clocks.c.obj
                0x10001ea0                clocks_init
 .text.clock_get_hz
                0x1000215c        0xc CMakeFiles/CompressionRigFirmware.dir/C_/VSARM/sdk/pico/pico-sdk/src/rp2_common/hardware_clocks/clocks.c.obj
                0x1000215c                clock_get_hz
 .text.irq_set_enabled
                0x10002168       0x24 CMakeFiles/CompressionRigFirmware.dir/C_/VSARM/sdk/pico/pico-sdk/src/rp2_common/hardware_irq/irq.c.obj
                0x10002168                irq_set_enabled
 .text.irq_is_enabled
                0x1000218c       0x18 CMakeFiles/CompressionRigFirmware.dir/C_/VSARM/sdk/pico/pico-sdk/src/rp2_common/hardware_irq/irq.c.obj
                0x1000218c                irq_is_enabled
 .text.irq_set_pending
                0x100021a4       0x10 CMakeFiles/CompressionRigFirmware.dir/C_/VSARM/sdk/pico/pico-sdk/src/rp2_common/hardware_irq/irq.c.obj
                0x100021a4                irq_set_pending
 .text.irq_get_vtable_handler
                0x100021b4       0x10 CMakeFiles/CompressionRigFirmware.dir/C_/VSARM/sdk/pico/pico-sdk/src/rp2_common/hardware_irq/irq.c.obj
                0x100021b4                irq_get_vtable_handler
 .text.irq_set_exclusive_handler
                0x100021c4       0x54 CMakeFiles/CompressionRigFirmware.dir/C_/VSARM/sdk/pico/pico-sdk/src/rp2_common/hardware_irq/irq.c.obj
                0x100021c4                irq_set_exclusive_handler
 .text.irq_remove_handler
                0x10002218      0x1b4 CMakeFiles/CompressionRigFirmware.dir/C_/VSARM/sdk/pico/pico-sdk/src/rp2_common/hardware_irq/irq.c.obj
                0x10002218                irq_remove_handler
 .text.irq_add_tail_to_free_list
                0x100023cc       0xb4 CMakeFiles/CompressionRigFirmware.dir/C_/VSARM/sdk/pico/pico-sdk/src/rp2_common/hardware_irq/irq.c.obj
                0x100023cc                irq_add_tail_to_free_list
 .text.irq_init_priorities
                0x10002480       0x24 CMakeFiles/CompressionRigFirmware.dir/C_/VSARM/sdk/pico/pico-sdk/src/rp2_common/hardware_irq/irq.c.obj
                0x10002480                irq_init_priorities
 .text.pll_init
                0x100024a4       0xa8 CMakeFiles/CompressionRigFirmware.dir/C_/VSARM/sdk/pico/pico-sdk/src/rp2_common/hardware_pll/pll.c.obj
                0x100024a4                pll_init
 .text.watchdog_start_tick
                0x1000254c       0x10 CMakeFiles/CompressionRigFirmware.dir/C_/VSARM/sdk/pico/pico-sdk/src/rp2_common/hardware_watchdog/watchdog.c.obj
                0x1000254c                watchdog_start_tick
 .text.watchdog_reboot
                0x1000255c       0x98 CMakeFiles/CompressionRigFirmware.dir/C_/VSARM/sdk/pico/pico-sdk/src/rp2_common/hardware_watchdog/watchdog.c.obj
                0x1000255c                watchdog_reboot
 .text.xosc_init
                0x100025f4       0x28 CMakeFiles/CompressionRigFirmware.dir/C_/VSARM/sdk/pico/pico-sdk/src/rp2_common/hardware_xosc/xosc.c.obj
                0x100025f4                xosc_init
 .text._out_buffer
                0x1000261c        0x8 CMakeFiles/CompressionRigFirmware.dir/C_/VSARM/sdk/pico/pico-sdk/src/rp2_common/pico_printf/printf.c.obj
 .text._out_null
                0x10002624        0x4 CMakeFiles/CompressionRigFirmware.dir/C_/VSARM/sdk/pico/pico-sdk/src/rp2_common/pico_printf/printf.c.obj
 .text._out_rev
                0x10002628       0x9c CMakeFiles/CompressionRigFirmware.dir/C_/VSARM/sdk/pico/pico-sdk/src/rp2_common/pico_printf/printf.c.obj
 .text._ntoa_format
                0x100026c4      0x1cc CMakeFiles/CompressionRigFirmware.dir/C_/VSARM/sdk/pico/pico-sdk/src/rp2_common/pico_printf/printf.c.obj
 .text._out_char
                0x10002890       0x10 CMakeFiles/CompressionRigFirmware.dir/C_/VSARM/sdk/pico/pico-sdk/src/rp2_common/pico_printf/printf.c.obj
 .text._out_fct
                0x100028a0       0x10 CMakeFiles/CompressionRigFirmware.dir/C_/VSARM/sdk/pico/pico-sdk/src/rp2_common/pico_printf/printf.c.obj
 .text._etoa    0x100028b0      0x44c CMakeFiles/CompressionRigFirmware.dir/C_/VSARM/sdk/pico/pico-sdk/src/rp2_common/pico_printf/printf.c.obj
 .text._ftoa    0x10002cfc      0x398 CMakeFiles/CompressionRigFirmware.dir/C_/VSARM/sdk/pico/pico-sdk/src/rp2_common/pico_printf/printf.c.obj
 .text._vsnprintf
                0x10003094      0xb04 CMakeFiles/CompressionRigFirmware.dir/C_/VSARM/sdk/pico/pico-sdk/src/rp2_common/pico_printf/printf.c.obj
 .text.__wrap_sprintf
                0x10003b98       0x28 CMakeFiles/CompressionRigFirmware.dir/C_/VSARM/sdk/pico/pico-sdk/src/rp2_common/pico_printf/printf.c.obj
                0x10003b98                __wrap_sprintf
 .text.vfctprintf
                0x10003bc0       0x20 CMakeFiles/CompressionRigFirmware.dir/C_/VSARM/sdk/pico/pico-sdk/src/rp2_common/pico_printf/printf.c.obj
                0x10003bc0                vfctprintf
 .text.weak_raw_printf
                0x10003be0       0x40 CMakeFiles/CompressionRigFirmware.dir/C_/VSARM/sdk/pico/pico-sdk/src/rp2_common/pico_printf/printf.c.obj
                0x10003be0                weak_raw_printf
 .text.weak_raw_vprintf
                0x10003c20       0x30 CMakeFiles/CompressionRigFirmware.dir/C_/VSARM/sdk/pico/pico-sdk/src/rp2_common/pico_printf/printf.c.obj
                0x10003c20                weak_raw_vprintf
 .text          0x10003c50       0x10 CMakeFiles/CompressionRigFirmware.dir/C_/VSARM/sdk/pico/pico-sdk/src/rp2_common/pico_bit_ops/bit_ops_aeabi.S.obj
 .text.rom_func_lookup
                0x10003c60       0x10 CMakeFiles/CompressionRigFirmware.dir/C_/VSARM/sdk/pico/pico-sdk/src/rp2_common/pico_bootrom/bootrom.c.obj
                0x10003c60                rom_func_lookup
 .text.rom_data_lookup
                0x10003c70       0x10 CMakeFiles/CompressionRigFirmware.dir/C_/VSARM/sdk/pico/pico-sdk/src/rp2_common/pico_bootrom/bootrom.c.obj
                0x10003c70                rom_data_lookup
 .text.rom_funcs_lookup
                0x10003c80       0x44 CMakeFiles/CompressionRigFirmware.dir/C_/VSARM/sdk/pico/pico-sdk/src/rp2_common/pico_bootrom/bootrom.c.obj
                0x10003c80                rom_funcs_lookup
 .text.__wrap___aeabi_idiv
                0x10003cc4       0x50 CMakeFiles/CompressionRigFirmware.dir/C_/VSARM/sdk/pico/pico-sdk/src/rp2_common/pico_divider/divider.S.obj
                0x10003cc4                __wrap___aeabi_idivmod
                0x10003cc4                divmod_s32s32
                0x10003cc4                div_s32s32
                0x10003cc4                __wrap___aeabi_idiv
                0x10003ccc                divmod_s32s32_unsafe
                0x10003cf8                divmod_s32s32_savestate
 .text.__wrap___aeabi_uidiv
                0x10003d14       0x4c CMakeFiles/CompressionRigFirmware.dir/C_/VSARM/sdk/pico/pico-sdk/src/rp2_common/pico_divider/divider.S.obj
                0x10003d14                __wrap___aeabi_uidiv
                0x10003d14                __wrap___aeabi_uidivmod
                0x10003d14                div_u32u32
                0x10003d14                divmod_u32u32
                0x10003d1c                divmod_u32u32_unsafe
                0x10003d44                divmod_u32u32_savestate
 .text.__wrap___aeabi_ldiv
                0x10003d60      0x434 CMakeFiles/CompressionRigFirmware.dir/C_/VSARM/sdk/pico/pico-sdk/src/rp2_common/pico_divider/divider.S.obj
                0x10003d60                div_s64s64
                0x10003d60                divmod_s64s64
                0x10003d60                __wrap___aeabi_ldivmod
                0x10003d98                divmod_u64u64
                0x10003d98                div_u64u64
                0x10003d98                __wrap___aeabi_uldivmod
                0x10003da8                divmod_u64u64_savestate
                0x10003dd0                divmod_s64s64_unsafe
                0x10003e58                divmod_u64u64_unsafe
 .text.__wrap___aeabi_darithmetic
                0x10004194       0x80 CMakeFiles/CompressionRigFirmware.dir/C_/VSARM/sdk/pico/pico-sdk/src/rp2_common/pico_double/double_aeabi.S.obj
                0x10004194                __wrap___aeabi_drsub
                0x1000419a                __wrap___aeabi_dsub
                0x100041ac                __wrap___aeabi_dadd
                0x100041be                __wrap___aeabi_ddiv
                0x100041fa                __wrap___aeabi_dmul
 .text.__wrap___aeabi_cdcmple
                0x10004214       0x6c CMakeFiles/CompressionRigFirmware.dir/C_/VSARM/sdk/pico/pico-sdk/src/rp2_common/pico_double/double_aeabi.S.obj
                0x10004214                __wrap___aeabi_cdrcmple
                0x10004224                __wrap___aeabi_cdcmpeq
                0x10004224                __wrap___aeabi_cdcmple
 .text.__wrap___aeabi_dcmpeq
                0x10004280       0x10 CMakeFiles/CompressionRigFirmware.dir/C_/VSARM/sdk/pico/pico-sdk/src/rp2_common/pico_double/double_aeabi.S.obj
                0x10004280                __wrap___aeabi_dcmpeq
 .text.__wrap___aeabi_dcmplt
                0x10004290        0xc CMakeFiles/CompressionRigFirmware.dir/C_/VSARM/sdk/pico/pico-sdk/src/rp2_common/pico_double/double_aeabi.S.obj
                0x10004290                __wrap___aeabi_dcmplt
 .text.__wrap___aeabi_dcmple
                0x1000429c       0x10 CMakeFiles/CompressionRigFirmware.dir/C_/VSARM/sdk/pico/pico-sdk/src/rp2_common/pico_double/double_aeabi.S.obj
                0x1000429c                __wrap___aeabi_dcmple
 .text.__wrap___aeabi_dcmpge
                0x100042ac       0x10 CMakeFiles/CompressionRigFirmware.dir/C_/VSARM/sdk/pico/pico-sdk/src/rp2_common/pico_double/double_aeabi.S.obj
                0x100042ac                __wrap___aeabi_dcmpge
 .text.__wrap___aeabi_dcmpgt
                0x100042bc        0xa CMakeFiles/CompressionRigFirmware.dir/C_/VSARM/sdk/pico/pico-sdk/src/rp2_common/pico_double/double_aeabi.S.obj
                0x100042bc                __wrap___aeabi_dcmpgt
 .text.__wrap___aeabi_dcmpun
                0x100042c6       0x1c CMakeFiles/CompressionRigFirmware.dir/C_/VSARM/sdk/pico/pico-sdk/src/rp2_common/pico_double/double_aeabi.S.obj
                0x100042c6                __wrap___aeabi_dcmpun
 *fill*         0x100042e2        0x2 
 .text.__wrap___aeabi_i2d
                0x100042e4       0x38 CMakeFiles/CompressionRigFirmware.dir/C_/VSARM/sdk/pico/pico-sdk/src/rp2_common/pico_double/double_aeabi.S.obj
                0x100042e4                __wrap___aeabi_ui2d
                0x100042ec                __wrap___aeabi_i2d
 .text.__wrap___aeabi_d2iz
                0x1000431c       0x48 CMakeFiles/CompressionRigFirmware.dir/C_/VSARM/sdk/pico/pico-sdk/src/rp2_common/pico_double/double_aeabi.S.obj
                0x1000431c                double2int_z
                0x1000431c                __wrap___aeabi_d2iz
 .text.__wrap___aeabi_d2uiz
                0x10004364       0x18 CMakeFiles/CompressionRigFirmware.dir/C_/VSARM/sdk/pico/pico-sdk/src/rp2_common/pico_double/double_aeabi.S.obj
                0x10004364                __wrap___aeabi_d2uiz
                0x10004364                double2uint
 .text.__wrap___aeabi_l2d
                0x1000437c       0x18 CMakeFiles/CompressionRigFirmware.dir/C_/VSARM/sdk/pico/pico-sdk/src/rp2_common/pico_double/double_aeabi.S.obj
                0x1000437c                __wrap___aeabi_l2d
 .text.__wrap___aeabi_d2lz
                0x10004394       0x26 CMakeFiles/CompressionRigFirmware.dir/C_/VSARM/sdk/pico/pico-sdk/src/rp2_common/pico_double/double_aeabi.S.obj
                0x10004394                double2int64_z
                0x10004394                __wrap___aeabi_d2lz
 *fill*         0x100043ba        0x2 
 .text.double2int64
                0x100043bc       0x18 CMakeFiles/CompressionRigFirmware.dir/C_/VSARM/sdk/pico/pico-sdk/src/rp2_common/pico_double/double_aeabi.S.obj
                0x100043bc                double2int64
 .text.double2ufix64
                0x100043d4       0x18 CMakeFiles/CompressionRigFirmware.dir/C_/VSARM/sdk/pico/pico-sdk/src/rp2_common/pico_double/double_aeabi.S.obj
                0x100043d4                double2ufix64
 .text.__wrap___aeabi_d2f
                0x100043ec       0x18 CMakeFiles/CompressionRigFirmware.dir/C_/VSARM/sdk/pico/pico-sdk/src/rp2_common/pico_double/double_aeabi.S.obj
                0x100043ec                __wrap___aeabi_d2f
 .text.__aeabi_double_init
                0x10004404       0x94 CMakeFiles/CompressionRigFirmware.dir/C_/VSARM/sdk/pico/pico-sdk/src/rp2_common/pico_double/double_init_rom.c.obj
                0x10004404                __aeabi_double_init
 .text.double_table_shim_on_use_helper
                0x10004498       0x2c CMakeFiles/CompressionRigFirmware.dir/C_/VSARM/sdk/pico/pico-sdk/src/rp2_common/pico_double/double_v1_rom_shim.S.obj
                0x10004498                double_table_shim_on_use_helper
 .text.__wrap___aeabi_dsub
                0x100044c4       0x10 CMakeFiles/CompressionRigFirmware.dir/C_/VSARM/sdk/pico/pico-sdk/src/rp2_common/pico_double/double_v1_rom_shim.S.obj
                0x100044c4                drsub_shim
                0x100044ca                dsub_shim
 .text.dadd_shim
                0x100044d4      0x15c CMakeFiles/CompressionRigFirmware.dir/C_/VSARM/sdk/pico/pico-sdk/src/rp2_common/pico_double/double_v1_rom_shim.S.obj
                0x100044d4                dadd_shim
 .text.dmul_shim
                0x10004630      0x15c CMakeFiles/CompressionRigFirmware.dir/C_/VSARM/sdk/pico/pico-sdk/src/rp2_common/pico_double/double_v1_rom_shim.S.obj
                0x10004630                dmul_shim
 .text.ddiv_shim
                0x1000478c      0x1b0 CMakeFiles/CompressionRigFirmware.dir/C_/VSARM/sdk/pico/pico-sdk/src/rp2_common/pico_double/double_v1_rom_shim.S.obj
                0x1000478c                ddiv_shim
 .text.double2uint_shim
                0x1000493c        0xe CMakeFiles/CompressionRigFirmware.dir/C_/VSARM/sdk/pico/pico-sdk/src/rp2_common/pico_double/double_v1_rom_shim.S.obj
                0x1000493c                double2uint_shim
                0x1000493e                double2ufix_shim
 .text.double2int64_shim
                0x1000494a       0x1a CMakeFiles/CompressionRigFirmware.dir/C_/VSARM/sdk/pico/pico-sdk/src/rp2_common/pico_double/double_v1_rom_shim.S.obj
                0x1000494a                double2int64_shim
                0x1000494c                double2fix64_shim
 .text.double2uint64_shim
                0x10004964       0x70 CMakeFiles/CompressionRigFirmware.dir/C_/VSARM/sdk/pico/pico-sdk/src/rp2_common/pico_double/double_v1_rom_shim.S.obj
                0x10004964                double2uint64_shim
                0x10004966                double2ufix64_shim
                0x10004986                d2fix_a
 .text.double2float_shim
                0x100049d4       0x5c CMakeFiles/CompressionRigFirmware.dir/C_/VSARM/sdk/pico/pico-sdk/src/rp2_common/pico_double/double_v1_rom_shim.S.obj
                0x100049d4                double2float_shim
 .text.x2double_shims
                0x10004a30       0x90 CMakeFiles/CompressionRigFirmware.dir/C_/VSARM/sdk/pico/pico-sdk/src/rp2_common/pico_double/double_v1_rom_shim.S.obj
                0x10004a30                uint2double_shim
                0x10004a32                ufix2double_shim
                0x10004a38                int2double_shim
                0x10004a3a                fix2double_shim
                0x10004a40                uint642double_shim
                0x10004a42                ufix642double_shim
                0x10004a48                int642double_shim
                0x10004a4a                fix642double_shim
 .text.dunpacks
                0x10004ac0       0x3c CMakeFiles/CompressionRigFirmware.dir/C_/VSARM/sdk/pico/pico-sdk/src/rp2_common/pico_double/double_v1_rom_shim.S.obj
                0x10004ac0                dunpacks
 .text.__aeabi_lmul
                0x10004afc       0x32 CMakeFiles/CompressionRigFirmware.dir/C_/VSARM/sdk/pico/pico-sdk/src/rp2_common/pico_int64_ops/pico_int64_ops_aeabi.S.obj
                0x10004afc                __wrap___aeabi_lmul
 *fill*         0x10004b2e        0x2 
 .text.__wrap___aeabi_farithmetic
                0x10004b30       0x48 CMakeFiles/CompressionRigFirmware.dir/C_/VSARM/sdk/pico/pico-sdk/src/rp2_common/pico_float/float_aeabi.S.obj
                0x10004b30                __wrap___aeabi_frsub
                0x10004b36                __wrap___aeabi_fsub
                0x10004b3c                __wrap___aeabi_fadd
                0x10004b42                __wrap___aeabi_fdiv
                0x10004b6a                __wrap___aeabi_fmul
 .text.__wrap___aeabi_cfcmple
                0x10004b78       0x50 CMakeFiles/CompressionRigFirmware.dir/C_/VSARM/sdk/pico/pico-sdk/src/rp2_common/pico_float/float_aeabi.S.obj
                0x10004b78                __wrap___aeabi_cfrcmple
                0x10004b84                __wrap___aeabi_cfcmple
                0x10004b84                __wrap___aeabi_cfcmpeq
 .text.__wrap___aeabi_fcmpgt
                0x10004bc8        0xa CMakeFiles/CompressionRigFirmware.dir/C_/VSARM/sdk/pico/pico-sdk/src/rp2_common/pico_float/float_aeabi.S.obj
                0x10004bc8                __wrap___aeabi_fcmpgt
 *fill*         0x10004bd2        0x2 
 .text.__wrap___aeabi_f2d
                0x10004bd4       0x14 CMakeFiles/CompressionRigFirmware.dir/C_/VSARM/sdk/pico/pico-sdk/src/rp2_common/pico_float/float_aeabi.S.obj
                0x10004bd4                __wrap___aeabi_f2d
 .text.__aeabi_float_init
                0x10004be8       0x64 CMakeFiles/CompressionRigFirmware.dir/C_/VSARM/sdk/pico/pico-sdk/src/rp2_common/pico_float/float_init_rom.c.obj
                0x10004be8                __aeabi_float_init
 .text.float_table_shim_on_use_helper
                0x10004c4c       0x2c CMakeFiles/CompressionRigFirmware.dir/C_/VSARM/sdk/pico/pico-sdk/src/rp2_common/pico_float/float_v1_rom_shim.S.obj
                0x10004c4c                float_table_shim_on_use_helper
 .text.float2double_shim
                0x10004c78       0x30 CMakeFiles/CompressionRigFirmware.dir/C_/VSARM/sdk/pico/pico-sdk/src/rp2_common/pico_float/float_v1_rom_shim.S.obj
                0x10004c78                float2double_shim
 .text.__wrap_malloc
                0x10004ca8       0x3c CMakeFiles/CompressionRigFirmware.dir/C_/VSARM/sdk/pico/pico-sdk/src/rp2_common/pico_malloc/pico_malloc.c.obj
                0x10004ca8                __wrap_malloc
 .text.__wrap_free
                0x10004ce4       0x20 CMakeFiles/CompressionRigFirmware.dir/C_/VSARM/sdk/pico/pico-sdk/src/rp2_common/pico_malloc/pico_malloc.c.obj
                0x10004ce4                __wrap_free
 .text          0x10004d04       0x10 CMakeFiles/CompressionRigFirmware.dir/C_/VSARM/sdk/pico/pico-sdk/src/rp2_common/pico_mem_ops/mem_ops_aeabi.S.obj
                0x10004d04                __aeabi_mem_init
 .text.memset   0x10004d14        0xc CMakeFiles/CompressionRigFirmware.dir/C_/VSARM/sdk/pico/pico-sdk/src/rp2_common/pico_mem_ops/mem_ops_aeabi.S.obj
                0x10004d14                __wrap_memset
 .text.memcpy   0x10004d20        0xc CMakeFiles/CompressionRigFirmware.dir/C_/VSARM/sdk/pico/pico-sdk/src/rp2_common/pico_mem_ops/mem_ops_aeabi.S.obj
                0x10004d20                __wrap_memcpy
                0x10004d20                __wrap___aeabi_memcpy
 .text.stdio_out_chars_no_crlf
                0x10004d2c       0x10 CMakeFiles/CompressionRigFirmware.dir/C_/VSARM/sdk/pico/pico-sdk/src/rp2_common/pico_stdio/stdio.c.obj
 .text.stdio_out_chars_crlf
                0x10004d3c       0xb4 CMakeFiles/CompressionRigFirmware.dir/C_/VSARM/sdk/pico/pico-sdk/src/rp2_common/pico_stdio/stdio.c.obj
 .text.stdio_buffered_printer
                0x10004df0       0x64 CMakeFiles/CompressionRigFirmware.dir/C_/VSARM/sdk/pico/pico-sdk/src/rp2_common/pico_stdio/stdio.c.obj
 .text.stdio_put_string.isra.0
                0x10004e54       0xfc CMakeFiles/CompressionRigFirmware.dir/C_/VSARM/sdk/pico/pico-sdk/src/rp2_common/pico_stdio/stdio.c.obj
 .text.__wrap_putchar
                0x10004f50       0xa0 CMakeFiles/CompressionRigFirmware.dir/C_/VSARM/sdk/pico/pico-sdk/src/rp2_common/pico_stdio/stdio.c.obj
                0x10004f50                __wrap_putchar
 .text.__wrap_puts
                0x10004ff0       0x3c CMakeFiles/CompressionRigFirmware.dir/C_/VSARM/sdk/pico/pico-sdk/src/rp2_common/pico_stdio/stdio.c.obj
                0x10004ff0                __wrap_puts
 .text.stdio_set_driver_enabled
                0x1000502c       0x3c CMakeFiles/CompressionRigFirmware.dir/C_/VSARM/sdk/pico/pico-sdk/src/rp2_common/pico_stdio/stdio.c.obj
                0x1000502c                stdio_set_driver_enabled
 .text.__wrap_vprintf
                0x10005068       0xd8 CMakeFiles/CompressionRigFirmware.dir/C_/VSARM/sdk/pico/pico-sdk/src/rp2_common/pico_stdio/stdio.c.obj
                0x10005068                __wrap_vprintf
 .text.__wrap_printf
                0x10005140       0x18 CMakeFiles/CompressionRigFirmware.dir/C_/VSARM/sdk/pico/pico-sdk/src/rp2_common/pico_stdio/stdio.c.obj
                0x10005140                __wrap_printf
 .text.stdio_init_all
                0x10005158        0x8 CMakeFiles/CompressionRigFirmware.dir/C_/VSARM/sdk/pico/pico-sdk/src/rp2_common/pico_stdio/stdio.c.obj
                0x10005158                stdio_init_all
 .text.__wrap_getchar
                0x10005160       0x74 CMakeFiles/CompressionRigFirmware.dir/C_/VSARM/sdk/pico/pico-sdk/src/rp2_common/pico_stdio/stdio.c.obj
                0x10005160                __wrap_getchar
 .text.getchar_timeout_us
                0x100051d4       0xa0 CMakeFiles/CompressionRigFirmware.dir/C_/VSARM/sdk/pico/pico-sdk/src/rp2_common/pico_stdio/stdio.c.obj
                0x100051d4                getchar_timeout_us
 .text.resetd_init
                0x10005274        0x4 CMakeFiles/CompressionRigFirmware.dir/C_/VSARM/sdk/pico/pico-sdk/src/rp2_common/pico_stdio_usb/reset_interface.c.obj
 .text.resetd_reset
                0x10005278        0xc CMakeFiles/CompressionRigFirmware.dir/C_/VSARM/sdk/pico/pico-sdk/src/rp2_common/pico_stdio_usb/reset_interface.c.obj
 .text.resetd_open
                0x10005284       0x28 CMakeFiles/CompressionRigFirmware.dir/C_/VSARM/sdk/pico/pico-sdk/src/rp2_common/pico_stdio_usb/reset_interface.c.obj
 .text.resetd_xfer_cb
                0x100052ac        0x4 CMakeFiles/CompressionRigFirmware.dir/C_/VSARM/sdk/pico/pico-sdk/src/rp2_common/pico_stdio_usb/reset_interface.c.obj
 .text.resetd_control_xfer_cb
                0x100052b0       0x64 CMakeFiles/CompressionRigFirmware.dir/C_/VSARM/sdk/pico/pico-sdk/src/rp2_common/pico_stdio_usb/reset_interface.c.obj
 .text.usbd_app_driver_get_cb
                0x10005314        0xc CMakeFiles/CompressionRigFirmware.dir/C_/VSARM/sdk/pico/pico-sdk/src/rp2_common/pico_stdio_usb/reset_interface.c.obj
                0x10005314                usbd_app_driver_get_cb
 .text.tud_cdc_line_coding_cb
                0x10005320       0x34 CMakeFiles/CompressionRigFirmware.dir/C_/VSARM/sdk/pico/pico-sdk/src/rp2_common/pico_stdio_usb/reset_interface.c.obj
                0x10005320                tud_cdc_line_coding_cb
 .text.stdio_usb_in_chars
                0x10005354       0x68 CMakeFiles/CompressionRigFirmware.dir/C_/VSARM/sdk/pico/pico-sdk/src/rp2_common/pico_stdio_usb/stdio_usb.c.obj
                0x10005354                stdio_usb_in_chars
 .text.stdio_usb_out_chars
                0x100053bc       0xe4 CMakeFiles/CompressionRigFirmware.dir/C_/VSARM/sdk/pico/pico-sdk/src/rp2_common/pico_stdio_usb/stdio_usb.c.obj
 .text.timer_task
                0x100054a0       0x10 CMakeFiles/CompressionRigFirmware.dir/C_/VSARM/sdk/pico/pico-sdk/src/rp2_common/pico_stdio_usb/stdio_usb.c.obj
 .text.low_priority_worker_irq
                0x100054b0       0x24 CMakeFiles/CompressionRigFirmware.dir/C_/VSARM/sdk/pico/pico-sdk/src/rp2_common/pico_stdio_usb/stdio_usb.c.obj
 .text.stdio_usb_init
                0x100054d4       0x90 CMakeFiles/CompressionRigFirmware.dir/C_/VSARM/sdk/pico/pico-sdk/src/rp2_common/pico_stdio_usb/stdio_usb.c.obj
                0x100054d4                stdio_usb_init
 .text.stdio_usb_connected
                0x10005564        0xc CMakeFiles/CompressionRigFirmware.dir/C_/VSARM/sdk/pico/pico-sdk/src/rp2_common/pico_stdio_usb/stdio_usb.c.obj
                0x10005564                stdio_usb_connected
 .text.tud_descriptor_device_cb
                0x10005570        0x8 CMakeFiles/CompressionRigFirmware.dir/C_/VSARM/sdk/pico/pico-sdk/src/rp2_common/pico_stdio_usb/stdio_usb_descriptors.c.obj
                0x10005570                tud_descriptor_device_cb
 .text.tud_descriptor_configuration_cb
                0x10005578        0x8 CMakeFiles/CompressionRigFirmware.dir/C_/VSARM/sdk/pico/pico-sdk/src/rp2_common/pico_stdio_usb/stdio_usb_descriptors.c.obj
                0x10005578                tud_descriptor_configuration_cb
 .text.tud_descriptor_string_cb
                0x10005580       0x74 CMakeFiles/CompressionRigFirmware.dir/C_/VSARM/sdk/pico/pico-sdk/src/rp2_common/pico_stdio_usb/stdio_usb_descriptors.c.obj
                0x10005580                tud_descriptor_string_cb
 .text.dcd_rp2040_irq
                0x100055f4      0x21c CMakeFiles/CompressionRigFirmware.dir/C_/VSARM/sdk/pico/pico-sdk/lib/tinyusb/src/portable/raspberrypi/rp2040/dcd_rp2040.c.obj
 .text.dcd_int_enable
                0x10005810        0xc CMakeFiles/CompressionRigFirmware.dir/C_/VSARM/sdk/pico/pico-sdk/lib/tinyusb/src/portable/raspberrypi/rp2040/dcd_rp2040.c.obj
                0x10005810                dcd_int_enable
 .text.dcd_set_address
                0x1000581c       0x14 CMakeFiles/CompressionRigFirmware.dir/C_/VSARM/sdk/pico/pico-sdk/lib/tinyusb/src/portable/raspberrypi/rp2040/dcd_rp2040.c.obj
                0x1000581c                dcd_set_address
 .text.dcd_connect
                0x10005830       0x10 CMakeFiles/CompressionRigFirmware.dir/C_/VSARM/sdk/pico/pico-sdk/lib/tinyusb/src/portable/raspberrypi/rp2040/dcd_rp2040.c.obj
                0x10005830                dcd_connect
 .text.dcd_init
                0x10005840      0x144 CMakeFiles/CompressionRigFirmware.dir/C_/VSARM/sdk/pico/pico-sdk/lib/tinyusb/src/portable/raspberrypi/rp2040/dcd_rp2040.c.obj
                0x10005840                dcd_init
 .text.dcd_edpt0_status_complete
                0x10005984       0x1c CMakeFiles/CompressionRigFirmware.dir/C_/VSARM/sdk/pico/pico-sdk/lib/tinyusb/src/portable/raspberrypi/rp2040/dcd_rp2040.c.obj
                0x10005984                dcd_edpt0_status_complete
 .text.dcd_edpt_open
                0x100059a0       0xf0 CMakeFiles/CompressionRigFirmware.dir/C_/VSARM/sdk/pico/pico-sdk/lib/tinyusb/src/portable/raspberrypi/rp2040/dcd_rp2040.c.obj
                0x100059a0                dcd_edpt_open
 .text.dcd_edpt_close_all
                0x10005a90       0xbc CMakeFiles/CompressionRigFirmware.dir/C_/VSARM/sdk/pico/pico-sdk/lib/tinyusb/src/portable/raspberrypi/rp2040/dcd_rp2040.c.obj
                0x10005a90                dcd_edpt_close_all
 .text.dcd_edpt_xfer
                0x10005b4c       0x24 CMakeFiles/CompressionRigFirmware.dir/C_/VSARM/sdk/pico/pico-sdk/lib/tinyusb/src/portable/raspberrypi/rp2040/dcd_rp2040.c.obj
                0x10005b4c                dcd_edpt_xfer
 .text.dcd_edpt_stall
                0x10005b70       0x38 CMakeFiles/CompressionRigFirmware.dir/C_/VSARM/sdk/pico/pico-sdk/lib/tinyusb/src/portable/raspberrypi/rp2040/dcd_rp2040.c.obj
                0x10005b70                dcd_edpt_stall
 .text.dcd_edpt_clear_stall
                0x10005ba8       0x30 CMakeFiles/CompressionRigFirmware.dir/C_/VSARM/sdk/pico/pico-sdk/lib/tinyusb/src/portable/raspberrypi/rp2040/dcd_rp2040.c.obj
                0x10005ba8                dcd_edpt_clear_stall
 .text._hw_endpoint_buffer_control_update32.part.0.isra.0
                0x10005bd8       0x1c CMakeFiles/CompressionRigFirmware.dir/C_/VSARM/sdk/pico/pico-sdk/lib/tinyusb/src/portable/raspberrypi/rp2040/rp2040_usb.c.obj
 .text.rp2040_usb_init
                0x10005bf4       0x4c CMakeFiles/CompressionRigFirmware.dir/C_/VSARM/sdk/pico/pico-sdk/lib/tinyusb/src/portable/raspberrypi/rp2040/rp2040_usb.c.obj
                0x10005bf4                rp2040_usb_init
 .text.hw_endpoint_reset_transfer
                0x10005c40        0xc CMakeFiles/CompressionRigFirmware.dir/C_/VSARM/sdk/pico/pico-sdk/lib/tinyusb/src/portable/raspberrypi/rp2040/rp2040_usb.c.obj
                0x10005c40                hw_endpoint_reset_transfer
 .text._hw_endpoint_buffer_control_update32
                0x10005c4c       0x44 CMakeFiles/CompressionRigFirmware.dir/C_/VSARM/sdk/pico/pico-sdk/lib/tinyusb/src/portable/raspberrypi/rp2040/rp2040_usb.c.obj
                0x10005c4c                _hw_endpoint_buffer_control_update32
 .text.hw_endpoint_xfer_start
                0x10005c90      0x138 CMakeFiles/CompressionRigFirmware.dir/C_/VSARM/sdk/pico/pico-sdk/lib/tinyusb/src/portable/raspberrypi/rp2040/rp2040_usb.c.obj
                0x10005c90                hw_endpoint_xfer_start
 .text.hw_endpoint_xfer_continue
                0x10005dc8      0x1e4 CMakeFiles/CompressionRigFirmware.dir/C_/VSARM/sdk/pico/pico-sdk/lib/tinyusb/src/portable/raspberrypi/rp2040/rp2040_usb.c.obj
                0x10005dc8                hw_endpoint_xfer_continue
 .text.tud_mounted
                0x10005fac       0x10 CMakeFiles/CompressionRigFirmware.dir/C_/VSARM/sdk/pico/pico-sdk/lib/tinyusb/src/device/usbd.c.obj
                0x10005fac                tud_mounted
 .text.tud_suspended
                0x10005fbc       0x10 CMakeFiles/CompressionRigFirmware.dir/C_/VSARM/sdk/pico/pico-sdk/lib/tinyusb/src/device/usbd.c.obj
                0x10005fbc                tud_suspended
 .text.tud_inited
                0x10005fcc        0xc CMakeFiles/CompressionRigFirmware.dir/C_/VSARM/sdk/pico/pico-sdk/lib/tinyusb/src/device/usbd.c.obj
                0x10005fcc                tud_inited
 .text.tud_init
                0x10005fd8       0xd8 CMakeFiles/CompressionRigFirmware.dir/C_/VSARM/sdk/pico/pico-sdk/lib/tinyusb/src/device/usbd.c.obj
                0x10005fd8                tud_init
 .text.tud_task
                0x100060b0      0x8ec CMakeFiles/CompressionRigFirmware.dir/C_/VSARM/sdk/pico/pico-sdk/lib/tinyusb/src/device/usbd.c.obj
                0x100060b0                tud_task
 .text.dcd_event_bus_signal
                0x1000699c      0x120 CMakeFiles/CompressionRigFirmware.dir/C_/VSARM/sdk/pico/pico-sdk/lib/tinyusb/src/device/usbd.c.obj
                0x1000699c                dcd_event_bus_signal
 .text.dcd_event_bus_reset
                0x10006abc       0x54 CMakeFiles/CompressionRigFirmware.dir/C_/VSARM/sdk/pico/pico-sdk/lib/tinyusb/src/device/usbd.c.obj
                0x10006abc                dcd_event_bus_reset
 .text.dcd_event_setup_received
                0x10006b10       0x50 CMakeFiles/CompressionRigFirmware.dir/C_/VSARM/sdk/pico/pico-sdk/lib/tinyusb/src/device/usbd.c.obj
                0x10006b10                dcd_event_setup_received
 .text.dcd_event_xfer_complete
                0x10006b60       0x68 CMakeFiles/CompressionRigFirmware.dir/C_/VSARM/sdk/pico/pico-sdk/lib/tinyusb/src/device/usbd.c.obj
                0x10006b60                dcd_event_xfer_complete
 .text.usbd_open_edpt_pair
                0x10006bc8       0x80 CMakeFiles/CompressionRigFirmware.dir/C_/VSARM/sdk/pico/pico-sdk/lib/tinyusb/src/device/usbd.c.obj
                0x10006bc8                usbd_open_edpt_pair
 .text.usbd_edpt_open
                0x10006c48       0x30 CMakeFiles/CompressionRigFirmware.dir/C_/VSARM/sdk/pico/pico-sdk/lib/tinyusb/src/device/usbd.c.obj
                0x10006c48                usbd_edpt_open
 .text.usbd_edpt_claim
                0x10006c78       0x64 CMakeFiles/CompressionRigFirmware.dir/C_/VSARM/sdk/pico/pico-sdk/lib/tinyusb/src/device/usbd.c.obj
                0x10006c78                usbd_edpt_claim
 .text.usbd_edpt_release
                0x10006cdc       0x4c CMakeFiles/CompressionRigFirmware.dir/C_/VSARM/sdk/pico/pico-sdk/lib/tinyusb/src/device/usbd.c.obj
                0x10006cdc                usbd_edpt_release
 .text.usbd_edpt_xfer
                0x10006d28       0x48 CMakeFiles/CompressionRigFirmware.dir/C_/VSARM/sdk/pico/pico-sdk/lib/tinyusb/src/device/usbd.c.obj
                0x10006d28                usbd_edpt_xfer
 .text.tud_control_status
                0x10006d70       0x30 CMakeFiles/CompressionRigFirmware.dir/C_/VSARM/sdk/pico/pico-sdk/lib/tinyusb/src/device/usbd_control.c.obj
                0x10006d70                tud_control_status
 .text.tud_control_xfer
                0x10006da0       0xbc CMakeFiles/CompressionRigFirmware.dir/C_/VSARM/sdk/pico/pico-sdk/lib/tinyusb/src/device/usbd_control.c.obj
                0x10006da0                tud_control_xfer
 .text.usbd_control_reset
                0x10006e5c       0x14 CMakeFiles/CompressionRigFirmware.dir/C_/VSARM/sdk/pico/pico-sdk/lib/tinyusb/src/device/usbd_control.c.obj
                0x10006e5c                usbd_control_reset
 .text.usbd_control_set_complete_callback
                0x10006e70        0xc CMakeFiles/CompressionRigFirmware.dir/C_/VSARM/sdk/pico/pico-sdk/lib/tinyusb/src/device/usbd_control.c.obj
                0x10006e70                usbd_control_set_complete_callback
 .text.usbd_control_set_request
                0x10006e7c       0x1c CMakeFiles/CompressionRigFirmware.dir/C_/VSARM/sdk/pico/pico-sdk/lib/tinyusb/src/device/usbd_control.c.obj
                0x10006e7c                usbd_control_set_request
 .text.usbd_control_xfer_cb
                0x10006e98       0xfc CMakeFiles/CompressionRigFirmware.dir/C_/VSARM/sdk/pico/pico-sdk/lib/tinyusb/src/device/usbd_control.c.obj
                0x10006e98                usbd_control_xfer_cb
 .text.tud_cdc_n_connected
                0x10006f94       0x30 CMakeFiles/CompressionRigFirmware.dir/C_/VSARM/sdk/pico/pico-sdk/lib/tinyusb/src/class/cdc/cdc_device.c.obj
                0x10006f94                tud_cdc_n_connected
 .text.tud_cdc_n_available
                0x10006fc4       0x18 CMakeFiles/CompressionRigFirmware.dir/C_/VSARM/sdk/pico/pico-sdk/lib/tinyusb/src/class/cdc/cdc_device.c.obj
                0x10006fc4                tud_cdc_n_available
 .text.tud_cdc_n_read
                0x10006fdc       0x70 CMakeFiles/CompressionRigFirmware.dir/C_/VSARM/sdk/pico/pico-sdk/lib/tinyusb/src/class/cdc/cdc_device.c.obj
                0x10006fdc                tud_cdc_n_read
 .text.tud_cdc_n_write_flush
                0x1000704c       0x78 CMakeFiles/CompressionRigFirmware.dir/C_/VSARM/sdk/pico/pico-sdk/lib/tinyusb/src/class/cdc/cdc_device.c.obj
                0x1000704c                tud_cdc_n_write_flush
 .text.tud_cdc_n_write
                0x100070c4       0x34 CMakeFiles/CompressionRigFirmware.dir/C_/VSARM/sdk/pico/pico-sdk/lib/tinyusb/src/class/cdc/cdc_device.c.obj
                0x100070c4                tud_cdc_n_write
 .text.tud_cdc_n_write_available
                0x100070f8       0x18 CMakeFiles/CompressionRigFirmware.dir/C_/VSARM/sdk/pico/pico-sdk/lib/tinyusb/src/class/cdc/cdc_device.c.obj
                0x100070f8                tud_cdc_n_write_available
 .text.cdcd_init
                0x10007110       0x7c CMakeFiles/CompressionRigFirmware.dir/C_/VSARM/sdk/pico/pico-sdk/lib/tinyusb/src/class/cdc/cdc_device.c.obj
                0x10007110                cdcd_init
 .text.cdcd_reset
                0x1000718c       0x2c CMakeFiles/CompressionRigFirmware.dir/C_/VSARM/sdk/pico/pico-sdk/lib/tinyusb/src/class/cdc/cdc_device.c.obj
                0x1000718c                cdcd_reset
 .text.cdcd_open
                0x100071b8       0xe4 CMakeFiles/CompressionRigFirmware.dir/C_/VSARM/sdk/pico/pico-sdk/lib/tinyusb/src/class/cdc/cdc_device.c.obj
                0x100071b8                cdcd_open
 .text.cdcd_control_xfer_cb
                0x1000729c       0xe4 CMakeFiles/CompressionRigFirmware.dir/C_/VSARM/sdk/pico/pico-sdk/lib/tinyusb/src/class/cdc/cdc_device.c.obj
                0x1000729c                cdcd_control_xfer_cb
 .text.cdcd_xfer_cb
                0x10007380      0x148 CMakeFiles/CompressionRigFirmware.dir/C_/VSARM/sdk/pico/pico-sdk/lib/tinyusb/src/class/cdc/cdc_device.c.obj
                0x10007380                cdcd_xfer_cb
 .text.tusb_init
                0x100074c8        0xc CMakeFiles/CompressionRigFirmware.dir/C_/VSARM/sdk/pico/pico-sdk/lib/tinyusb/src/tusb.c.obj
                0x100074c8                tusb_init
 .text.tusb_inited
                0x100074d4        0x8 CMakeFiles/CompressionRigFirmware.dir/C_/VSARM/sdk/pico/pico-sdk/lib/tinyusb/src/tusb.c.obj
                0x100074d4                tusb_inited
 .text.tu_edpt_validate
                0x100074dc       0x78 CMakeFiles/CompressionRigFirmware.dir/C_/VSARM/sdk/pico/pico-sdk/lib/tinyusb/src/tusb.c.obj
                0x100074dc                tu_edpt_validate
 .text.tu_edpt_bind_driver
                0x10007554       0x2c CMakeFiles/CompressionRigFirmware.dir/C_/VSARM/sdk/pico/pico-sdk/lib/tinyusb/src/tusb.c.obj
                0x10007554                tu_edpt_bind_driver
 .text.tu_fifo_config
                0x10007580       0x78 CMakeFiles/CompressionRigFirmware.dir/C_/VSARM/sdk/pico/pico-sdk/lib/tinyusb/src/common/tusb_fifo.c.obj
                0x10007580                tu_fifo_config
 .text.tu_fifo_count
                0x100075f8       0x20 CMakeFiles/CompressionRigFirmware.dir/C_/VSARM/sdk/pico/pico-sdk/lib/tinyusb/src/common/tusb_fifo.c.obj
                0x100075f8                tu_fifo_count
 .text.tu_fifo_empty
                0x10007618       0x10 CMakeFiles/CompressionRigFirmware.dir/C_/VSARM/sdk/pico/pico-sdk/lib/tinyusb/src/common/tusb_fifo.c.obj
                0x10007618                tu_fifo_empty
 .text.tu_fifo_remaining
                0x10007628       0x1c CMakeFiles/CompressionRigFirmware.dir/C_/VSARM/sdk/pico/pico-sdk/lib/tinyusb/src/common/tusb_fifo.c.obj
                0x10007628                tu_fifo_remaining
 .text.tu_fifo_read
                0x10007644       0x9c CMakeFiles/CompressionRigFirmware.dir/C_/VSARM/sdk/pico/pico-sdk/lib/tinyusb/src/common/tusb_fifo.c.obj
                0x10007644                tu_fifo_read
 .text.tu_fifo_read_n
                0x100076e0      0x100 CMakeFiles/CompressionRigFirmware.dir/C_/VSARM/sdk/pico/pico-sdk/lib/tinyusb/src/common/tusb_fifo.c.obj
                0x100076e0                tu_fifo_read_n
 .text.tu_fifo_write
                0x100077e0       0x7c CMakeFiles/CompressionRigFirmware.dir/C_/VSARM/sdk/pico/pico-sdk/lib/tinyusb/src/common/tusb_fifo.c.obj
                0x100077e0                tu_fifo_write
 .text.tu_fifo_write_n
                0x1000785c      0x100 CMakeFiles/CompressionRigFirmware.dir/C_/VSARM/sdk/pico/pico-sdk/lib/tinyusb/src/common/tusb_fifo.c.obj
                0x1000785c                tu_fifo_write_n
 .text.tu_fifo_clear
                0x1000795c       0x4c CMakeFiles/CompressionRigFirmware.dir/C_/VSARM/sdk/pico/pico-sdk/lib/tinyusb/src/common/tusb_fifo.c.obj
                0x1000795c                tu_fifo_clear
 .text.tu_fifo_set_overwritable
                0x100079a8       0x3c CMakeFiles/CompressionRigFirmware.dir/C_/VSARM/sdk/pico/pico-sdk/lib/tinyusb/src/common/tusb_fifo.c.obj
                0x100079a8                tu_fifo_set_overwritable
 .text.startup._retrieve_unique_id_on_boot
                0x100079e4       0x10 CMakeFiles/CompressionRigFirmware.dir/C_/VSARM/sdk/pico/pico-sdk/src/rp2_common/pico_unique_id/unique_id.c.obj
 .text.pico_get_unique_board_id_string
                0x100079f4      0x1a8 CMakeFiles/CompressionRigFirmware.dir/C_/VSARM/sdk/pico/pico-sdk/src/rp2_common/pico_unique_id/unique_id.c.obj
                0x100079f4                pico_get_unique_board_id_string
 .text.flash_get_unique_id
                0x10007b9c       0x40 CMakeFiles/CompressionRigFirmware.dir/C_/VSARM/sdk/pico/pico-sdk/src/rp2_common/hardware_flash/flash.c.obj
                0x10007b9c                flash_get_unique_id
 .text.core1_trampoline
                0x10007bdc        0x4 CMakeFiles/CompressionRigFirmware.dir/C_/VSARM/sdk/pico/pico-sdk/src/rp2_common/pico_multicore/multicore.c.obj
 .text.core1_wrapper
                0x10007be0        0xc CMakeFiles/CompressionRigFirmware.dir/C_/VSARM/sdk/pico/pico-sdk/src/rp2_common/pico_multicore/multicore.c.obj
                0x10007be0                core1_wrapper
 .text.multicore_launch_core1_raw
                0x10007bec       0x84 CMakeFiles/CompressionRigFirmware.dir/C_/VSARM/sdk/pico/pico-sdk/src/rp2_common/pico_multicore/multicore.c.obj
                0x10007bec                multicore_launch_core1_raw
 .text.multicore_launch_core1
                0x10007c70       0x4c CMakeFiles/CompressionRigFirmware.dir/C_/VSARM/sdk/pico/pico-sdk/src/rp2_common/pico_multicore/multicore.c.obj
                0x10007c70                multicore_launch_core1
 .text.pio_add_program
                0x10007cbc       0xc8 CMakeFiles/CompressionRigFirmware.dir/C_/VSARM/sdk/pico/pico-sdk/src/rp2_common/hardware_pio/pio.c.obj
                0x10007cbc                pio_add_program
 .text.pio_sm_set_consecutive_pindirs
                0x10007d84       0x84 CMakeFiles/CompressionRigFirmware.dir/C_/VSARM/sdk/pico/pico-sdk/src/rp2_common/hardware_pio/pio.c.obj
                0x10007d84                pio_sm_set_consecutive_pindirs
 .text.pio_sm_init
                0x10007e08       0x90 CMakeFiles/CompressionRigFirmware.dir/C_/VSARM/sdk/pico/pico-sdk/src/rp2_common/hardware_pio/pio.c.obj
                0x10007e08                pio_sm_init
 .text._calloc_r
                0x10007e98       0x9c c:/vsarm/armcc/102021~1.10/bin/../lib/gcc/arm-none-eabi/10.3.1/../../../../arm-none-eabi/lib/thumb/v6-m/nofp\libc.a(lib_a-callocr.o)
                0x10007e98                _calloc_r
 .text.__errno  0x10007f34        0xc c:/vsarm/armcc/102021~1.10/bin/../lib/gcc/arm-none-eabi/10.3.1/../../../../arm-none-eabi/lib/thumb/v6-m/nofp\libc.a(lib_a-errno.o)
                0x10007f34                __errno
 .text.malloc   0x10007f40       0x14 c:/vsarm/armcc/102021~1.10/bin/../lib/gcc/arm-none-eabi/10.3.1/../../../../arm-none-eabi/lib/thumb/v6-m/nofp\libc.a(lib_a-malloc.o)
                0x10007f40                malloc
 .text.free     0x10007f54       0x14 c:/vsarm/armcc/102021~1.10/bin/../lib/gcc/arm-none-eabi/10.3.1/../../../../arm-none-eabi/lib/thumb/v6-m/nofp\libc.a(lib_a-malloc.o)
                0x10007f54                free
 .text._malloc_r
                0x10007f68      0x584 c:/vsarm/armcc/102021~1.10/bin/../lib/gcc/arm-none-eabi/10.3.1/../../../../arm-none-eabi/lib/thumb/v6-m/nofp\libc.a(lib_a-mallocr.o)
                0x10007f68                _malloc_r
 .text.__malloc_lock
                0x100084ec       0x10 c:/vsarm/armcc/102021~1.10/bin/../lib/gcc/arm-none-eabi/10.3.1/../../../../arm-none-eabi/lib/thumb/v6-m/nofp\libc.a(lib_a-mlock.o)
                0x100084ec                __malloc_lock
 .text.__malloc_unlock
                0x100084fc       0x10 c:/vsarm/armcc/102021~1.10/bin/../lib/gcc/arm-none-eabi/10.3.1/../../../../arm-none-eabi/lib/thumb/v6-m/nofp\libc.a(lib_a-mlock.o)
                0x100084fc                __malloc_unlock
 .text._sbrk_r  0x1000850c       0x24 c:/vsarm/armcc/102021~1.10/bin/../lib/gcc/arm-none-eabi/10.3.1/../../../../arm-none-eabi/lib/thumb/v6-m/nofp\libc.a(lib_a-sbrkr.o)
                0x1000850c                _sbrk_r
 .text.sscanf   0x10008530       0x50 c:/vsarm/armcc/102021~1.10/bin/../lib/gcc/arm-none-eabi/10.3.1/../../../../arm-none-eabi/lib/thumb/v6-m/nofp\libc.a(lib_a-sscanf.o)
                0x10008530                sscanf
 .text.__seofread
                0x10008580        0x4 c:/vsarm/armcc/102021~1.10/bin/../lib/gcc/arm-none-eabi/10.3.1/../../../../arm-none-eabi/lib/thumb/v6-m/nofp\libc.a(lib_a-stdio.o)
                0x10008580                __seofread
 .text.strlen   0x10008584       0x5c c:/vsarm/armcc/102021~1.10/bin/../lib/gcc/arm-none-eabi/10.3.1/../../../../arm-none-eabi/lib/thumb/v6-m/nofp\libc.a(lib_a-strlen-stub.o)
                0x10008584                strlen
 .text.__ssvfscanf_r
                0x100085e0     0x17a0 c:/vsarm/armcc/102021~1.10/bin/../lib/gcc/arm-none-eabi/10.3.1/../../../../arm-none-eabi/lib/thumb/v6-m/nofp\libc.a(lib_a-svfscanf.o)
                0x100085e0                __ssvfscanf_r
 .text._malloc_trim_r
                0x10009d80       0x9c c:/vsarm/armcc/102021~1.10/bin/../lib/gcc/arm-none-eabi/10.3.1/../../../../arm-none-eabi/lib/thumb/v6-m/nofp\libc.a(lib_a-freer.o)
                0x10009d80                _malloc_trim_r
 .text._free_r  0x10009e1c      0x1c4 c:/vsarm/armcc/102021~1.10/bin/../lib/gcc/arm-none-eabi/10.3.1/../../../../arm-none-eabi/lib/thumb/v6-m/nofp\libc.a(lib_a-freer.o)
                0x10009e1c                _free_r
 .text.iswspace
                0x10009fe0        0xc c:/vsarm/armcc/102021~1.10/bin/../lib/gcc/arm-none-eabi/10.3.1/../../../../arm-none-eabi/lib/thumb/v6-m/nofp\libc.a(lib_a-iswspace.o)
                0x10009fe0                iswspace
 .text.iswspace_l
                0x10009fec       0x18 c:/vsarm/armcc/102021~1.10/bin/../lib/gcc/arm-none-eabi/10.3.1/../../../../arm-none-eabi/lib/thumb/v6-m/nofp\libc.a(lib_a-iswspace_l.o)
                0x10009fec                iswspace_l
 .text.__locale_mb_cur_max
                0x1000a004       0x10 c:/vsarm/armcc/102021~1.10/bin/../lib/gcc/arm-none-eabi/10.3.1/../../../../arm-none-eabi/lib/thumb/v6-m/nofp\libc.a(lib_a-locale.o)
                0x1000a004                __locale_mb_cur_max
 .text._localeconv_r
                0x1000a014        0x8 c:/vsarm/armcc/102021~1.10/bin/../lib/gcc/arm-none-eabi/10.3.1/../../../../arm-none-eabi/lib/thumb/v6-m/nofp\libc.a(lib_a-localeconv.o)
                0x1000a014                _localeconv_r
 .text.__retarget_lock_acquire_recursive
                0x1000a01c        0x4 c:/vsarm/armcc/102021~1.10/bin/../lib/gcc/arm-none-eabi/10.3.1/../../../../arm-none-eabi/lib/thumb/v6-m/nofp\libc.a(lib_a-lock.o)
                0x1000a01c                __retarget_lock_acquire_recursive
 .text.__retarget_lock_release_recursive
                0x1000a020        0x4 c:/vsarm/armcc/102021~1.10/bin/../lib/gcc/arm-none-eabi/10.3.1/../../../../arm-none-eabi/lib/thumb/v6-m/nofp\libc.a(lib_a-lock.o)
                0x1000a020                __retarget_lock_release_recursive
 .text._mbrtowc_r
                0x1000a024       0x4c c:/vsarm/armcc/102021~1.10/bin/../lib/gcc/arm-none-eabi/10.3.1/../../../../arm-none-eabi/lib/thumb/v6-m/nofp\libc.a(lib_a-mbrtowc.o)
                0x1000a024                _mbrtowc_r
 .text.__ascii_mbtowc
                0x1000a070       0x2c c:/vsarm/armcc/102021~1.10/bin/../lib/gcc/arm-none-eabi/10.3.1/../../../../arm-none-eabi/lib/thumb/v6-m/nofp\libc.a(lib_a-mbtowc_r.o)
                0x1000a070                __ascii_mbtowc
 .text.realloc  0x1000a09c       0x18 c:/vsarm/armcc/102021~1.10/bin/../lib/gcc/arm-none-eabi/10.3.1/../../../../arm-none-eabi/lib/thumb/v6-m/nofp\libc.a(lib_a-realloc.o)
                0x1000a09c                realloc
 .text._realloc_r
                0x1000a0b4      0x354 c:/vsarm/armcc/102021~1.10/bin/../lib/gcc/arm-none-eabi/10.3.1/../../../../arm-none-eabi/lib/thumb/v6-m/nofp\libc.a(lib_a-reallocr.o)
                0x1000a0b4                _realloc_r
 .text.__sccl   0x1000a408       0x80 c:/vsarm/armcc/102021~1.10/bin/../lib/gcc/arm-none-eabi/10.3.1/../../../../arm-none-eabi/lib/thumb/v6-m/nofp\libc.a(lib_a-sccl.o)
                0x1000a408                __sccl
 .text.nanf     0x1000a488        0x8 c:/vsarm/armcc/102021~1.10/bin/../lib/gcc/arm-none-eabi/10.3.1/../../../../arm-none-eabi/lib/thumb/v6-m/nofp\libc.a(lib_a-sf_nan.o)
                0x1000a488                nanf
 .text._strtod_l
                0x1000a490      0xf78 c:/vsarm/armcc/102021~1.10/bin/../lib/gcc/arm-none-eabi/10.3.1/../../../../arm-none-eabi/lib/thumb/v6-m/nofp\libc.a(lib_a-strtod.o)
                0x1000a490                _strtod_l
 .text._strtod_r
                0x1000b408       0x10 c:/vsarm/armcc/102021~1.10/bin/../lib/gcc/arm-none-eabi/10.3.1/../../../../arm-none-eabi/lib/thumb/v6-m/nofp\libc.a(lib_a-strtod.o)
                0x1000b408                _strtod_r
 .text._strtol_l.part.0
                0x1000b418      0x144 c:/vsarm/armcc/102021~1.10/bin/../lib/gcc/arm-none-eabi/10.3.1/../../../../arm-none-eabi/lib/thumb/v6-m/nofp\libc.a(lib_a-strtol.o)
 .text._strtol_r
                0x1000b55c       0x1c c:/vsarm/armcc/102021~1.10/bin/../lib/gcc/arm-none-eabi/10.3.1/../../../../arm-none-eabi/lib/thumb/v6-m/nofp\libc.a(lib_a-strtol.o)
                0x1000b55c                _strtol_r
 .text._strtoll_l.constprop.0
                0x1000b578      0x198 c:/vsarm/armcc/102021~1.10/bin/../lib/gcc/arm-none-eabi/10.3.1/../../../../arm-none-eabi/lib/thumb/v6-m/nofp\libc.a(lib_a-strtoll.o)
 .text._strtoll_r
                0x1000b710        0x8 c:/vsarm/armcc/102021~1.10/bin/../lib/gcc/arm-none-eabi/10.3.1/../../../../arm-none-eabi/lib/thumb/v6-m/nofp\libc.a(lib_a-strtoll.o)
                0x1000b710                _strtoll_r
 .text._strtoul_l.constprop.0
                0x1000b718      0x148 c:/vsarm/armcc/102021~1.10/bin/../lib/gcc/arm-none-eabi/10.3.1/../../../../arm-none-eabi/lib/thumb/v6-m/nofp\libc.a(lib_a-strtoul.o)
 .text._strtoul_r
                0x1000b860        0x8 c:/vsarm/armcc/102021~1.10/bin/../lib/gcc/arm-none-eabi/10.3.1/../../../../arm-none-eabi/lib/thumb/v6-m/nofp\libc.a(lib_a-strtoul.o)
                0x1000b860                _strtoul_r
 .text._strtoull_l.constprop.0
                0x1000b868      0x1bc c:/vsarm/armcc/102021~1.10/bin/../lib/gcc/arm-none-eabi/10.3.1/../../../../arm-none-eabi/lib/thumb/v6-m/nofp\libc.a(lib_a-strtoull.o)
 .text._strtoull_r
                0x1000ba24        0x8 c:/vsarm/armcc/102021~1.10/bin/../lib/gcc/arm-none-eabi/10.3.1/../../../../arm-none-eabi/lib/thumb/v6-m/nofp\libc.a(lib_a-strtoull.o)
                0x1000ba24                _strtoull_r
 .text._sungetc_r
                0x1000ba2c       0x84 c:/vsarm/armcc/102021~1.10/bin/../lib/gcc/arm-none-eabi/10.3.1/../../../../arm-none-eabi/lib/thumb/v6-m/nofp\libc.a(lib_a-svfiscanf.o)
                0x1000ba2c                _sungetc_r
 .text.__ssrefill_r
                0x1000bab0       0x40 c:/vsarm/armcc/102021~1.10/bin/../lib/gcc/arm-none-eabi/10.3.1/../../../../arm-none-eabi/lib/thumb/v6-m/nofp\libc.a(lib_a-svfiscanf.o)
                0x1000bab0                __ssrefill_r
 .text._sfread_r
                0x1000baf0       0xc4 c:/vsarm/armcc/102021~1.10/bin/../lib/gcc/arm-none-eabi/10.3.1/../../../../arm-none-eabi/lib/thumb/v6-m/nofp\libc.a(lib_a-svfiscanf.o)
                0x1000baf0                _sfread_r
 .text.__submore
                0x1000bbb4       0x84 c:/vsarm/armcc/102021~1.10/bin/../lib/gcc/arm-none-eabi/10.3.1/../../../../arm-none-eabi/lib/thumb/v6-m/nofp\libc.a(lib_a-ungetc.o)
                0x1000bbb4                __submore
 .text.__ascii_wctomb
                0x1000bc38       0x1c c:/vsarm/armcc/102021~1.10/bin/../lib/gcc/arm-none-eabi/10.3.1/../../../../arm-none-eabi/lib/thumb/v6-m/nofp\libc.a(lib_a-wctomb_r.o)
                0x1000bc38                __ascii_wctomb
 .text.rshift   0x1000bc54       0xa4 c:/vsarm/armcc/102021~1.10/bin/../lib/gcc/arm-none-eabi/10.3.1/../../../../arm-none-eabi/lib/thumb/v6-m/nofp\libc.a(lib_a-gdtoa-gethex.o)
 .text.__gethex
                0x1000bcf8      0x5cc c:/vsarm/armcc/102021~1.10/bin/../lib/gcc/arm-none-eabi/10.3.1/../../../../arm-none-eabi/lib/thumb/v6-m/nofp\libc.a(lib_a-gdtoa-gethex.o)
                0x1000bcf8                __gethex
 .text.__match  0x1000c2c4       0x2c c:/vsarm/armcc/102021~1.10/bin/../lib/gcc/arm-none-eabi/10.3.1/../../../../arm-none-eabi/lib/thumb/v6-m/nofp\libc.a(lib_a-gdtoa-hexnan.o)
                0x1000c2c4                __match
 .text.__hexnan
                0x1000c2f0      0x1d0 c:/vsarm/armcc/102021~1.10/bin/../lib/gcc/arm-none-eabi/10.3.1/../../../../arm-none-eabi/lib/thumb/v6-m/nofp\libc.a(lib_a-gdtoa-hexnan.o)
                0x1000c2f0                __hexnan
 .text._Balloc  0x1000c4c0       0x50 c:/vsarm/armcc/102021~1.10/bin/../lib/gcc/arm-none-eabi/10.3.1/../../../../arm-none-eabi/lib/thumb/v6-m/nofp\libc.a(lib_a-mprec.o)
                0x1000c4c0                _Balloc
 .text._Bfree   0x1000c510       0x14 c:/vsarm/armcc/102021~1.10/bin/../lib/gcc/arm-none-eabi/10.3.1/../../../../arm-none-eabi/lib/thumb/v6-m/nofp\libc.a(lib_a-mprec.o)
                0x1000c510                _Bfree
 .text.__multadd
                0x1000c524       0xa8 c:/vsarm/armcc/102021~1.10/bin/../lib/gcc/arm-none-eabi/10.3.1/../../../../arm-none-eabi/lib/thumb/v6-m/nofp\libc.a(lib_a-mprec.o)
                0x1000c524                __multadd
 .text.__s2b    0x1000c5cc       0xb0 c:/vsarm/armcc/102021~1.10/bin/../lib/gcc/arm-none-eabi/10.3.1/../../../../arm-none-eabi/lib/thumb/v6-m/nofp\libc.a(lib_a-mprec.o)
                0x1000c5cc                __s2b
 .text.__hi0bits
                0x1000c67c       0x38 c:/vsarm/armcc/102021~1.10/bin/../lib/gcc/arm-none-eabi/10.3.1/../../../../arm-none-eabi/lib/thumb/v6-m/nofp\libc.a(lib_a-mprec.o)
                0x1000c67c                __hi0bits
 .text.__lo0bits
                0x1000c6b4       0x5c c:/vsarm/armcc/102021~1.10/bin/../lib/gcc/arm-none-eabi/10.3.1/../../../../arm-none-eabi/lib/thumb/v6-m/nofp\libc.a(lib_a-mprec.o)
                0x1000c6b4                __lo0bits
 .text.__i2b    0x1000c710       0x60 c:/vsarm/armcc/102021~1.10/bin/../lib/gcc/arm-none-eabi/10.3.1/../../../../arm-none-eabi/lib/thumb/v6-m/nofp\libc.a(lib_a-mprec.o)
                0x1000c710                __i2b
 .text.__multiply
                0x1000c770      0x1a4 c:/vsarm/armcc/102021~1.10/bin/../lib/gcc/arm-none-eabi/10.3.1/../../../../arm-none-eabi/lib/thumb/v6-m/nofp\libc.a(lib_a-mprec.o)
                0x1000c770                __multiply
 .text.__pow5mult
                0x1000c914       0xd8 c:/vsarm/armcc/102021~1.10/bin/../lib/gcc/arm-none-eabi/10.3.1/../../../../arm-none-eabi/lib/thumb/v6-m/nofp\libc.a(lib_a-mprec.o)
                0x1000c914                __pow5mult
 .text.__lshift
                0x1000c9ec       0xfc c:/vsarm/armcc/102021~1.10/bin/../lib/gcc/arm-none-eabi/10.3.1/../../../../arm-none-eabi/lib/thumb/v6-m/nofp\libc.a(lib_a-mprec.o)
                0x1000c9ec                __lshift
 .text.__mcmp   0x1000cae8       0x34 c:/vsarm/armcc/102021~1.10/bin/../lib/gcc/arm-none-eabi/10.3.1/../../../../arm-none-eabi/lib/thumb/v6-m/nofp\libc.a(lib_a-mprec.o)
                0x1000cae8                __mcmp
 .text.__mdiff  0x1000cb1c      0x18c c:/vsarm/armcc/102021~1.10/bin/../lib/gcc/arm-none-eabi/10.3.1/../../../../arm-none-eabi/lib/thumb/v6-m/nofp\libc.a(lib_a-mprec.o)
                0x1000cb1c                __mdiff
 .text.__ulp    0x1000cca8       0x48 c:/vsarm/armcc/102021~1.10/bin/../lib/gcc/arm-none-eabi/10.3.1/../../../../arm-none-eabi/lib/thumb/v6-m/nofp\libc.a(lib_a-mprec.o)
                0x1000cca8                __ulp
 .text.__b2d    0x1000ccf0       0xc8 c:/vsarm/armcc/102021~1.10/bin/../lib/gcc/arm-none-eabi/10.3.1/../../../../arm-none-eabi/lib/thumb/v6-m/nofp\libc.a(lib_a-mprec.o)
                0x1000ccf0                __b2d
 .text.__d2b    0x1000cdb8       0xd8 c:/vsarm/armcc/102021~1.10/bin/../lib/gcc/arm-none-eabi/10.3.1/../../../../arm-none-eabi/lib/thumb/v6-m/nofp\libc.a(lib_a-mprec.o)
                0x1000cdb8                __d2b
 .text.__ratio  0x1000ce90       0x68 c:/vsarm/armcc/102021~1.10/bin/../lib/gcc/arm-none-eabi/10.3.1/../../../../arm-none-eabi/lib/thumb/v6-m/nofp\libc.a(lib_a-mprec.o)
                0x1000ce90                __ratio
 .text.__copybits
                0x1000cef8       0x40 c:/vsarm/armcc/102021~1.10/bin/../lib/gcc/arm-none-eabi/10.3.1/../../../../arm-none-eabi/lib/thumb/v6-m/nofp\libc.a(lib_a-mprec.o)
                0x1000cef8                __copybits
 .text.__any_on
                0x1000cf38       0x50 c:/vsarm/armcc/102021~1.10/bin/../lib/gcc/arm-none-eabi/10.3.1/../../../../arm-none-eabi/lib/thumb/v6-m/nofp\libc.a(lib_a-mprec.o)
                0x1000cf38                __any_on
 .text.nan      0x1000cf88        0xc c:/vsarm/armcc/102021~1.10/bin/../lib/gcc/arm-none-eabi/10.3.1/../../../../arm-none-eabi/lib/thumb/v6-m/nofp\libc.a(lib_a-s_nan.o)
                0x1000cf88                nan
 .text.strncmp  0x1000cf94       0x74 c:/vsarm/armcc/102021~1.10/bin/../lib/gcc/arm-none-eabi/10.3.1/../../../../arm-none-eabi/lib/thumb/v6-m/nofp\libc.a(lib_a-strncmp.o)
                0x1000cf94                strncmp
 *(.fini)
 .fini          0x1000d008        0x4 c:/vsarm/armcc/102021~1.10/bin/../lib/gcc/arm-none-eabi/10.3.1/thumb/v6-m/nofp/crti.o
                0x1000d008                _fini
 *fill*         0x1000d00c        0x4 
 .fini.__stub   0x1000d010       0x80 linker stubs
 *crtbegin.o(.ctors)
 *crtbegin?.o(.ctors)
 *(EXCLUDE_FILE(*crtend.o *crtend?.o) .ctors)
 *(SORT_BY_NAME(.ctors.*))
 *(.ctors)
 *crtbegin.o(.dtors)
 *crtbegin?.o(.dtors)
 *(EXCLUDE_FILE(*crtend.o *crtend?.o) .dtors)
 *(SORT_BY_NAME(.dtors.*))
 *(.dtors)
 *(.eh_frame*)
 .eh_frame      0x1000d090        0x0 c:/vsarm/armcc/102021~1.10/bin/../lib/gcc/arm-none-eabi/10.3.1/thumb/v6-m/nofp/crtbegin.o
                0x1000d090                . = ALIGN (0x4)

.glue_7         0x1000d090        0x0
 .glue_7        0x1000d090        0x0 linker stubs

.glue_7t        0x1000d090        0x0
 .glue_7t       0x1000d090        0x0 linker stubs

.vfp11_veneer   0x1000d090        0x0
 .vfp11_veneer  0x1000d090        0x0 linker stubs

.v4_bx          0x1000d090        0x0
 .v4_bx         0x1000d090        0x0 linker stubs

.iplt           0x1000d090        0x0
 .iplt          0x1000d090        0x0 c:/vsarm/armcc/102021~1.10/bin/../lib/gcc/arm-none-eabi/10.3.1/thumb/v6-m/nofp/crtbegin.o

.rodata         0x1000d090      0xfc4
 *(EXCLUDE_FILE(*libm.a: *libc.a:*lib_a-mem*.o *libgcc.a:) .rodata*)
 .rodata.on_uart1_rx.str1.4
                0x1000d090        0x3 CMakeFiles/CompressionRigFirmware.dir/main.c.obj
 *fill*         0x1000d093        0x1 
 .rodata.start_test.str1.4
                0x1000d094       0x12 CMakeFiles/CompressionRigFirmware.dir/main.c.obj
 *fill*         0x1000d0a6        0x2 
 .rodata.outputValues.str1.4
                0x1000d0a8        0xf CMakeFiles/CompressionRigFirmware.dir/main.c.obj
 *fill*         0x1000d0b7        0x1 
 .rodata.commandHandler.str1.4
                0x1000d0b8       0x2d CMakeFiles/CompressionRigFirmware.dir/main.c.obj
 *fill*         0x1000d0e5        0x3 
 .rodata.commandHandler
                0x1000d0e8       0x54 CMakeFiles/CompressionRigFirmware.dir/main.c.obj
 .rodata.quadrature_encoder_program
                0x1000d13c        0x6 CMakeFiles/CompressionRigFirmware.dir/main.c.obj
 *fill*         0x1000d142        0x2 
 .rodata.quadrature_encoder_program_instructions
                0x1000d144       0x3a CMakeFiles/CompressionRigFirmware.dir/main.c.obj
 *fill*         0x1000d17e        0x2 
 .rodata.spin_lock_claim_unused.str1.4
                0x1000d180       0x1b CMakeFiles/CompressionRigFirmware.dir/C_/VSARM/sdk/pico/pico-sdk/src/rp2_common/hardware_sync/sync.c.obj
 *fill*         0x1000d19b        0x5 
 .rodata.at_the_end_of_time
                0x1000d1a0        0x8 CMakeFiles/CompressionRigFirmware.dir/C_/VSARM/sdk/pico/pico-sdk/src/common/pico_time/time.c.obj
                0x1000d1a0                at_the_end_of_time
 .rodata.hardware_alarm_claim.str1.4
                0x1000d1a8       0x22 CMakeFiles/CompressionRigFirmware.dir/C_/VSARM/sdk/pico/pico-sdk/src/rp2_common/hardware_timer/timer.c.obj
 *fill*         0x1000d1ca        0x2 
 .rodata.__assert_func.str1.4
                0x1000d1cc       0x3f CMakeFiles/CompressionRigFirmware.dir/C_/VSARM/sdk/pico/pico-sdk/src/rp2_common/pico_runtime/runtime.c.obj
                                 0x43 (size before relaxing)
 *fill*         0x1000d20b        0x1 
 .rodata.panic.str1.4
                0x1000d20c       0x10 CMakeFiles/CompressionRigFirmware.dir/C_/VSARM/sdk/pico/pico-sdk/src/rp2_common/pico_runtime/runtime.c.obj
                                 0x12 (size before relaxing)
 .rodata.hard_assertion_failure.str1.4
                0x1000d21c        0xc CMakeFiles/CompressionRigFirmware.dir/C_/VSARM/sdk/pico/pico-sdk/src/rp2_common/pico_runtime/runtime.c.obj
 .rodata._ftoa.str1.4
                0x1000d228       0x15 CMakeFiles/CompressionRigFirmware.dir/C_/VSARM/sdk/pico/pico-sdk/src/rp2_common/pico_printf/printf.c.obj
 *fill*         0x1000d23d        0x3 
 .rodata._vsnprintf
                0x1000d240      0x1e0 CMakeFiles/CompressionRigFirmware.dir/C_/VSARM/sdk/pico/pico-sdk/src/rp2_common/pico_printf/printf.c.obj
 .rodata.pow10.0
                0x1000d420       0x50 CMakeFiles/CompressionRigFirmware.dir/C_/VSARM/sdk/pico/pico-sdk/src/rp2_common/pico_printf/printf.c.obj
 .rodata.__wrap_malloc.str1.4
                0x1000d470        0xe CMakeFiles/CompressionRigFirmware.dir/C_/VSARM/sdk/pico/pico-sdk/src/rp2_common/pico_malloc/pico_malloc.c.obj
 *fill*         0x1000d47e        0x2 
 .rodata.str1.4
                0x1000d480       0x4c CMakeFiles/CompressionRigFirmware.dir/C_/VSARM/sdk/pico/pico-sdk/src/rp2_common/pico_standard_link/binary_info.c.obj
 .rodata.__bi_44
                0x1000d4cc        0xc CMakeFiles/CompressionRigFirmware.dir/C_/VSARM/sdk/pico/pico-sdk/src/rp2_common/pico_standard_link/binary_info.c.obj
 .rodata.__bi_75
                0x1000d4d8        0xc CMakeFiles/CompressionRigFirmware.dir/C_/VSARM/sdk/pico/pico-sdk/src/rp2_common/pico_standard_link/binary_info.c.obj
 .rodata.__bi_81
                0x1000d4e4        0xc CMakeFiles/CompressionRigFirmware.dir/C_/VSARM/sdk/pico/pico-sdk/src/rp2_common/pico_standard_link/binary_info.c.obj
 .rodata.crlf_str.0
                0x1000d4f0        0x2 CMakeFiles/CompressionRigFirmware.dir/C_/VSARM/sdk/pico/pico-sdk/src/rp2_common/pico_stdio/stdio.c.obj
 *fill*         0x1000d4f2        0x2 
 .rodata._resetd_driver
                0x1000d4f4       0x18 CMakeFiles/CompressionRigFirmware.dir/C_/VSARM/sdk/pico/pico-sdk/src/rp2_common/pico_stdio_usb/reset_interface.c.obj
 .rodata.str1.4
                0x1000d50c       0x13 CMakeFiles/CompressionRigFirmware.dir/C_/VSARM/sdk/pico/pico-sdk/src/rp2_common/pico_stdio_usb/stdio_usb.c.obj
 *fill*         0x1000d51f        0x1 
 .rodata.__bi_93.0
                0x1000d520        0xc CMakeFiles/CompressionRigFirmware.dir/C_/VSARM/sdk/pico/pico-sdk/src/rp2_common/pico_stdio_usb/stdio_usb.c.obj
 .rodata.str1.4
                0x1000d52c       0x2a CMakeFiles/CompressionRigFirmware.dir/C_/VSARM/sdk/pico/pico-sdk/src/rp2_common/pico_stdio_usb/stdio_usb_descriptors.c.obj
 *fill*         0x1000d556        0x2 
 .rodata.usbd_desc_cfg
                0x1000d558       0x54 CMakeFiles/CompressionRigFirmware.dir/C_/VSARM/sdk/pico/pico-sdk/src/rp2_common/pico_stdio_usb/stdio_usb_descriptors.c.obj
 .rodata.usbd_desc_device
                0x1000d5ac       0x12 CMakeFiles/CompressionRigFirmware.dir/C_/VSARM/sdk/pico/pico-sdk/src/rp2_common/pico_stdio_usb/stdio_usb_descriptors.c.obj
 *fill*         0x1000d5be        0x2 
 .rodata.usbd_desc_str
                0x1000d5c0       0x18 CMakeFiles/CompressionRigFirmware.dir/C_/VSARM/sdk/pico/pico-sdk/src/rp2_common/pico_stdio_usb/stdio_usb_descriptors.c.obj
 .rodata.dcd_rp2040_irq.str1.4
                0x1000d5d8       0x14 CMakeFiles/CompressionRigFirmware.dir/C_/VSARM/sdk/pico/pico-sdk/lib/tinyusb/src/portable/raspberrypi/rp2040/dcd_rp2040.c.obj
 .rodata._hw_endpoint_buffer_control_update32.part.0.isra.0.str1.4
                0x1000d5ec       0x1f CMakeFiles/CompressionRigFirmware.dir/C_/VSARM/sdk/pico/pico-sdk/lib/tinyusb/src/portable/raspberrypi/rp2040/rp2040_usb.c.obj
 *fill*         0x1000d60b        0x1 
 .rodata.hw_endpoint_xfer_continue.str1.4
                0x1000d60c       0x29 CMakeFiles/CompressionRigFirmware.dir/C_/VSARM/sdk/pico/pico-sdk/lib/tinyusb/src/portable/raspberrypi/rp2040/rp2040_usb.c.obj
 *fill*         0x1000d635        0x3 
 .rodata.str1.4
                0x1000d638        0x7 CMakeFiles/CompressionRigFirmware.dir/C_/VSARM/sdk/pico/pico-sdk/lib/tinyusb/src/portable/raspberrypi/rp2040/rp2040_usb.c.obj
 *fill*         0x1000d63f        0x1 
 .rodata.tud_task
                0x1000d640       0x8c CMakeFiles/CompressionRigFirmware.dir/C_/VSARM/sdk/pico/pico-sdk/lib/tinyusb/src/device/usbd.c.obj
 .rodata._usbd_driver
                0x1000d6cc       0x18 CMakeFiles/CompressionRigFirmware.dir/C_/VSARM/sdk/pico/pico-sdk/lib/tinyusb/src/device/usbd.c.obj
 .rodata.pio_add_program.str1.4
                0x1000d6e4       0x11 CMakeFiles/CompressionRigFirmware.dir/C_/VSARM/sdk/pico/pico-sdk/src/rp2_common/hardware_pio/pio.c.obj
 *fill*         0x1000d6f5        0x3 
 .rodata.__ssvfscanf_r.str1.4
                0x1000d6f8        0x5 c:/vsarm/armcc/102021~1.10/bin/../lib/gcc/arm-none-eabi/10.3.1/../../../../arm-none-eabi/lib/thumb/v6-m/nofp\libc.a(lib_a-svfscanf.o)
                                  0x9 (size before relaxing)
 *fill*         0x1000d6fd        0x3 
 .rodata.__ssvfscanf_r
                0x1000d700      0x3cc c:/vsarm/armcc/102021~1.10/bin/../lib/gcc/arm-none-eabi/10.3.1/../../../../arm-none-eabi/lib/thumb/v6-m/nofp\libc.a(lib_a-svfscanf.o)
 .rodata.basefix.0
                0x1000dacc       0x22 c:/vsarm/armcc/102021~1.10/bin/../lib/gcc/arm-none-eabi/10.3.1/../../../../arm-none-eabi/lib/thumb/v6-m/nofp\libc.a(lib_a-svfscanf.o)
 *fill*         0x1000daee        0x2 
 .rodata._ctype_
                0x1000daf0      0x101 c:/vsarm/armcc/102021~1.10/bin/../lib/gcc/arm-none-eabi/10.3.1/../../../../arm-none-eabi/lib/thumb/v6-m/nofp\libc.a(lib_a-ctype_.o)
                0x1000daf0                _ctype_
 *fill*         0x1000dbf1        0x3 
 .rodata._setlocale_r.str1.4
                0x1000dbf4        0x6 c:/vsarm/armcc/102021~1.10/bin/../lib/gcc/arm-none-eabi/10.3.1/../../../../arm-none-eabi/lib/thumb/v6-m/nofp\libc.a(lib_a-locale.o)
                                  0xd (size before relaxing)
 *fill*         0x1000dbfa        0x2 
 .rodata.str1.4
                0x1000dbfc        0x2 c:/vsarm/armcc/102021~1.10/bin/../lib/gcc/arm-none-eabi/10.3.1/../../../../arm-none-eabi/lib/thumb/v6-m/nofp\libc.a(lib_a-locale.o)
 .rodata._mbrtowc_r.str1.4
                0x1000dbfe        0x1 c:/vsarm/armcc/102021~1.10/bin/../lib/gcc/arm-none-eabi/10.3.1/../../../../arm-none-eabi/lib/thumb/v6-m/nofp\libc.a(lib_a-mbrtowc.o)
 *fill*         0x1000dbfe        0x2 
 .rodata._strtod_l.str1.4
                0x1000dc00        0xf c:/vsarm/armcc/102021~1.10/bin/../lib/gcc/arm-none-eabi/10.3.1/../../../../arm-none-eabi/lib/thumb/v6-m/nofp\libc.a(lib_a-strtod.o)
                                 0x11 (size before relaxing)
 *fill*         0x1000dc0f        0x1 
 .rodata._strtod_l
                0x1000dc10       0xd0 c:/vsarm/armcc/102021~1.10/bin/../lib/gcc/arm-none-eabi/10.3.1/../../../../arm-none-eabi/lib/thumb/v6-m/nofp\libc.a(lib_a-strtod.o)
 .rodata.fpi.1  0x1000dce0       0x14 c:/vsarm/armcc/102021~1.10/bin/../lib/gcc/arm-none-eabi/10.3.1/../../../../arm-none-eabi/lib/thumb/v6-m/nofp\libc.a(lib_a-strtod.o)
 .rodata.fpinan.0
                0x1000dcf4       0x14 c:/vsarm/armcc/102021~1.10/bin/../lib/gcc/arm-none-eabi/10.3.1/../../../../arm-none-eabi/lib/thumb/v6-m/nofp\libc.a(lib_a-strtod.o)
 .rodata.tinytens
                0x1000dd08       0x28 c:/vsarm/armcc/102021~1.10/bin/../lib/gcc/arm-none-eabi/10.3.1/../../../../arm-none-eabi/lib/thumb/v6-m/nofp\libc.a(lib_a-strtod.o)
 .rodata.__gethex.str1.4
                0x1000dd30       0x9a c:/vsarm/armcc/102021~1.10/bin/../lib/gcc/arm-none-eabi/10.3.1/../../../../arm-none-eabi/lib/thumb/v6-m/nofp\libc.a(lib_a-gdtoa-gethex.o)
 *fill*         0x1000ddca        0x2 
 .rodata.__hexdig
                0x1000ddcc      0x100 c:/vsarm/armcc/102021~1.10/bin/../lib/gcc/arm-none-eabi/10.3.1/../../../../arm-none-eabi/lib/thumb/v6-m/nofp\libc.a(lib_a-gdtoa-gethex.o)
                0x1000ddcc                __hexdig
 .rodata.str1.4
                0x1000decc        0x5 c:/vsarm/armcc/102021~1.10/bin/../lib/gcc/arm-none-eabi/10.3.1/../../../../arm-none-eabi/lib/thumb/v6-m/nofp\libc.a(lib_a-lnumeric.o)
 .rodata._C_numeric_locale
                0x1000decc        0xc c:/vsarm/armcc/102021~1.10/bin/../lib/gcc/arm-none-eabi/10.3.1/../../../../arm-none-eabi/lib/thumb/v6-m/nofp\libc.a(lib_a-lnumeric.o)
                0x1000decc                _C_numeric_locale
 .rodata.__multadd.str1.4
                0x1000ded8       0x7f c:/vsarm/armcc/102021~1.10/bin/../lib/gcc/arm-none-eabi/10.3.1/../../../../arm-none-eabi/lib/thumb/v6-m/nofp\libc.a(lib_a-mprec.o)
                                 0x93 (size before relaxing)
 *fill*         0x1000df57        0x1 
 .rodata.__mprec_bigtens
                0x1000df58       0x28 c:/vsarm/armcc/102021~1.10/bin/../lib/gcc/arm-none-eabi/10.3.1/../../../../arm-none-eabi/lib/thumb/v6-m/nofp\libc.a(lib_a-mprec.o)
                0x1000df58                __mprec_bigtens
 .rodata.__mprec_tens
                0x1000df80       0xc8 c:/vsarm/armcc/102021~1.10/bin/../lib/gcc/arm-none-eabi/10.3.1/../../../../arm-none-eabi/lib/thumb/v6-m/nofp\libc.a(lib_a-mprec.o)
                0x1000df80                __mprec_tens
 .rodata.p05.0  0x1000e048        0xc c:/vsarm/armcc/102021~1.10/bin/../lib/gcc/arm-none-eabi/10.3.1/../../../../arm-none-eabi/lib/thumb/v6-m/nofp\libc.a(lib_a-mprec.o)
                0x1000e054                . = ALIGN (0x4)
 *(SORT_BY_ALIGNMENT(SORT_BY_NAME(.flashdata*)))
                0x1000e054                . = ALIGN (0x4)

.rel.dyn        0x1000e054        0x0
 .rel.iplt      0x1000e054        0x0 c:/vsarm/armcc/102021~1.10/bin/../lib/gcc/arm-none-eabi/10.3.1/thumb/v6-m/nofp/crtbegin.o

.ARM.extab
 *(.ARM.extab* .gnu.linkonce.armextab.*)
                0x1000e054                __exidx_start = .

.ARM.exidx
 *(.ARM.exidx* .gnu.linkonce.armexidx.*)
                0x1000e054                __exidx_end = .
                0x1000e054                . = ALIGN (0x4)
                0x1000e054                __binary_info_start = .

.binary_info    0x1000e054       0x20
 *(.binary_info.keep.*)
 .binary_info.keep.__bi_ptr22
                0x1000e054        0x4 CMakeFiles/CompressionRigFirmware.dir/C_/VSARM/sdk/pico/pico-sdk/src/rp2_common/pico_standard_link/binary_info.c.obj
 .binary_info.keep.__bi_ptr30
                0x1000e058        0x4 CMakeFiles/CompressionRigFirmware.dir/C_/VSARM/sdk/pico/pico-sdk/src/rp2_common/pico_standard_link/binary_info.c.obj
 .binary_info.keep.__bi_ptr38
                0x1000e05c        0x4 CMakeFiles/CompressionRigFirmware.dir/C_/VSARM/sdk/pico/pico-sdk/src/rp2_common/pico_standard_link/binary_info.c.obj
 .binary_info.keep.__bi_ptr44
                0x1000e060        0x4 CMakeFiles/CompressionRigFirmware.dir/C_/VSARM/sdk/pico/pico-sdk/src/rp2_common/pico_standard_link/binary_info.c.obj
 .binary_info.keep.__bi_ptr50
                0x1000e064        0x4 CMakeFiles/CompressionRigFirmware.dir/C_/VSARM/sdk/pico/pico-sdk/src/rp2_common/pico_standard_link/binary_info.c.obj
 .binary_info.keep.__bi_ptr75
                0x1000e068        0x4 CMakeFiles/CompressionRigFirmware.dir/C_/VSARM/sdk/pico/pico-sdk/src/rp2_common/pico_standard_link/binary_info.c.obj
 .binary_info.keep.__bi_ptr81
                0x1000e06c        0x4 CMakeFiles/CompressionRigFirmware.dir/C_/VSARM/sdk/pico/pico-sdk/src/rp2_common/pico_standard_link/binary_info.c.obj
 *(.binary_info.*)
 .binary_info.__bi_ptr93
                0x1000e070        0x4 CMakeFiles/CompressionRigFirmware.dir/C_/VSARM/sdk/pico/pico-sdk/src/rp2_common/pico_stdio_usb/stdio_usb.c.obj
                0x1000e074                __binary_info_end = .
                0x1000e074                . = ALIGN (0x4)
                0x1000e074                __etext = .

.ram_vector_table
                0x20000000       0xc0
 *(.ram_vector_table)
 .ram_vector_table
                0x20000000       0xc0 CMakeFiles/CompressionRigFirmware.dir/C_/VSARM/sdk/pico/pico-sdk/src/rp2_common/pico_runtime/runtime.c.obj
                0x20000000                ram_vector_table

.data           0x200000c0      0xe28 load address 0x1000e074
                0x200000c0                __data_start__ = .
 *(vtable)
 *(.time_critical*)
 .time_critical.mutex_enter_blocking
                0x200000c0       0x48 CMakeFiles/CompressionRigFirmware.dir/C_/VSARM/sdk/pico/pico-sdk/src/common/pico_sync/mutex.c.obj
                0x200000c0                mutex_enter_blocking
 .time_critical.mutex_try_enter
                0x20000108       0x44 CMakeFiles/CompressionRigFirmware.dir/C_/VSARM/sdk/pico/pico-sdk/src/common/pico_sync/mutex.c.obj
                0x20000108                mutex_try_enter
 .time_critical.mutex_enter_timeout_ms
                0x2000014c       0xa0 CMakeFiles/CompressionRigFirmware.dir/C_/VSARM/sdk/pico/pico-sdk/src/common/pico_sync/mutex.c.obj
                0x2000014c                mutex_enter_timeout_ms
 .time_critical.mutex_exit
                0x200001ec       0x28 CMakeFiles/CompressionRigFirmware.dir/C_/VSARM/sdk/pico/pico-sdk/src/common/pico_sync/mutex.c.obj
                0x200001ec                mutex_exit
 .time_critical.flash_init_boot2_copyout
                0x20000214       0x30 CMakeFiles/CompressionRigFirmware.dir/C_/VSARM/sdk/pico/pico-sdk/src/rp2_common/hardware_flash/flash.c.obj
 .time_critical.flash_enable_xip_via_boot2
                0x20000244       0x10 CMakeFiles/CompressionRigFirmware.dir/C_/VSARM/sdk/pico/pico-sdk/src/rp2_common/hardware_flash/flash.c.obj
 .time_critical.flash_cs_force
                0x20000254       0x38 CMakeFiles/CompressionRigFirmware.dir/C_/VSARM/sdk/pico/pico-sdk/src/rp2_common/hardware_flash/flash.c.obj
 .time_critical.flash_do_cmd
                0x2000028c       0xc4 CMakeFiles/CompressionRigFirmware.dir/C_/VSARM/sdk/pico/pico-sdk/src/rp2_common/hardware_flash/flash.c.obj
                0x2000028c                flash_do_cmd
 *(.text*)
 .text          0x20000350        0x4 c:/vsarm/armcc/102021~1.10/bin/../lib/gcc/arm-none-eabi/10.3.1/thumb/v6-m/nofp\libgcc.a(_dvmd_tls.o)
                0x20000350                __aeabi_idiv0
                0x20000350                __aeabi_ldiv0
 .text.memmove  0x20000354       0xac c:/vsarm/armcc/102021~1.10/bin/../lib/gcc/arm-none-eabi/10.3.1/../../../../arm-none-eabi/lib/thumb/v6-m/nofp\libc.a(lib_a-memmove.o)
                0x20000354                memmove
 .text.memmove.__stub
                0x20000400       0x30 linker stubs
                0x20000430                . = ALIGN (0x4)
 *(.rodata*)
                0x20000430                . = ALIGN (0x4)
 *(.data*)
 .data.striped_spin_lock_num
                0x20000430        0x1 CMakeFiles/CompressionRigFirmware.dir/C_/VSARM/sdk/pico/pico-sdk/src/rp2_common/hardware_sync/sync.c.obj
 *fill*         0x20000431        0x3 
 .data.default_alarm_pool
                0x20000434       0x18 CMakeFiles/CompressionRigFirmware.dir/C_/VSARM/sdk/pico/pico-sdk/src/common/pico_time/time.c.obj
 .data.default_alarm_pool_heap
                0x2000044c       0x10 CMakeFiles/CompressionRigFirmware.dir/C_/VSARM/sdk/pico/pico-sdk/src/common/pico_time/time.c.obj
 .data          0x2000045c       0x48 CMakeFiles/CompressionRigFirmware.dir/C_/VSARM/sdk/pico/pico-sdk/src/rp2_common/hardware_irq/irq_handler_chain.S.obj
                0x2000045c                irq_handler_chain_slots
                0x2000048c                irq_handler_chain_first_slot
                0x20000496                irq_handler_chain_remove_tail
 *fill*         0x200004a4        0xc 
 .data.aeabi_bits_funcs
                0x200004b0       0x10 CMakeFiles/CompressionRigFirmware.dir/C_/VSARM/sdk/pico/pico-sdk/src/rp2_common/pico_bit_ops/bit_ops_aeabi.S.obj
                0x200004b0                aeabi_bits_funcs
                0x200004c0                aeabi_bits_funcs_end
 .data.aeabi_mem_funcs
                0x200004c0       0x10 CMakeFiles/CompressionRigFirmware.dir/C_/VSARM/sdk/pico/pico-sdk/src/rp2_common/pico_mem_ops/mem_ops_aeabi.S.obj
                0x200004c0                aeabi_mem_funcs
                0x200004d0                aeabi_mem_funcs_end
 .data.stdio_usb
                0x200004d0       0x14 CMakeFiles/CompressionRigFirmware.dir/C_/VSARM/sdk/pico/pico-sdk/src/rp2_common/pico_stdio_usb/stdio_usb.c.obj
                0x200004d0                stdio_usb
 .data.ep_dir_string
                0x200004e4        0x8 CMakeFiles/CompressionRigFirmware.dir/C_/VSARM/sdk/pico/pico-sdk/lib/tinyusb/src/portable/raspberrypi/rp2040/rp2040_usb.c.obj
                0x200004e4                ep_dir_string
 .data._usbd_qdef
                0x200004ec       0x24 CMakeFiles/CompressionRigFirmware.dir/C_/VSARM/sdk/pico/pico-sdk/lib/tinyusb/src/device/usbd.c.obj
                0x200004ec                _usbd_qdef
 .data._impure_ptr
                0x20000510        0x4 c:/vsarm/armcc/102021~1.10/bin/../lib/gcc/arm-none-eabi/10.3.1/../../../../arm-none-eabi/lib/thumb/v6-m/nofp\libc.a(lib_a-impure.o)
                0x20000510                _impure_ptr
 *fill*         0x20000514        0x4 
 .data.impure_data
                0x20000518      0x428 c:/vsarm/armcc/102021~1.10/bin/../lib/gcc/arm-none-eabi/10.3.1/../../../../arm-none-eabi/lib/thumb/v6-m/nofp\libc.a(lib_a-impure.o)
 .data.__malloc_av_
                0x20000940      0x408 c:/vsarm/armcc/102021~1.10/bin/../lib/gcc/arm-none-eabi/10.3.1/../../../../arm-none-eabi/lib/thumb/v6-m/nofp\libc.a(lib_a-mallocr.o)
                0x20000940                __malloc_av_
 .data.__malloc_sbrk_base
                0x20000d48        0x4 c:/vsarm/armcc/102021~1.10/bin/../lib/gcc/arm-none-eabi/10.3.1/../../../../arm-none-eabi/lib/thumb/v6-m/nofp\libc.a(lib_a-mallocr.o)
                0x20000d48                __malloc_sbrk_base
 .data.__malloc_trim_threshold
                0x20000d4c        0x4 c:/vsarm/armcc/102021~1.10/bin/../lib/gcc/arm-none-eabi/10.3.1/../../../../arm-none-eabi/lib/thumb/v6-m/nofp\libc.a(lib_a-mallocr.o)
                0x20000d4c                __malloc_trim_threshold
 .data.__global_locale
                0x20000d50      0x16c c:/vsarm/armcc/102021~1.10/bin/../lib/gcc/arm-none-eabi/10.3.1/../../../../arm-none-eabi/lib/thumb/v6-m/nofp\libc.a(lib_a-locale.o)
                0x20000d50                __global_locale
 .data.numempty