Archive member included to satisfy reference by file (symbol)

c:/vsarm/armcc/102021~1.10/bin/../lib/gcc/arm-none-eabi/10.3.1/thumb/v6-m/nofp\libgcc.a(_dvmd_tls.o)
                              CMakeFiles/CompressionRigFirmware.dir/C_/VSARM/sdk/pico/pico-sdk/src/rp2_common/pico_divider/divider.S.obj (__aeabi_idiv0)
c:/vsarm/armcc/102021~1.10/bin/../lib/gcc/arm-none-eabi/10.3.1/../../../../arm-none-eabi/lib/thumb/v6-m/nofp\libc.a(lib_a-calloc.o)
                              CMakeFiles/CompressionRigFirmware.dir/C_/VSARM/sdk/pico/pico-sdk/src/rp2_common/pico_malloc/pico_malloc.c.obj (calloc)
c:/vsarm/armcc/102021~1.10/bin/../lib/gcc/arm-none-eabi/10.3.1/../../../../arm-none-eabi/lib/thumb/v6-m/nofp\libc.a(lib_a-callocr.o)
                              c:/vsarm/armcc/102021~1.10/bin/../lib/gcc/arm-none-eabi/10.3.1/../../../../arm-none-eabi/lib/thumb/v6-m/nofp\libc.a(lib_a-calloc.o) (_calloc_r)
c:/vsarm/armcc/102021~1.10/bin/../lib/gcc/arm-none-eabi/10.3.1/../../../../arm-none-eabi/lib/thumb/v6-m/nofp\libc.a(lib_a-errno.o)
                              c:/vsarm/armcc/102021~1.10/bin/../lib/gcc/arm-none-eabi/10.3.1/../../../../arm-none-eabi/lib/thumb/v6-m/nofp\libc.a(lib_a-callocr.o) (__errno)
c:/vsarm/armcc/102021~1.10/bin/../lib/gcc/arm-none-eabi/10.3.1/../../../../arm-none-eabi/lib/thumb/v6-m/nofp\libc.a(lib_a-impure.o)
                              c:/vsarm/armcc/102021~1.10/bin/../lib/gcc/arm-none-eabi/10.3.1/../../../../arm-none-eabi/lib/thumb/v6-m/nofp\libc.a(lib_a-calloc.o) (_impure_ptr)
c:/vsarm/armcc/102021~1.10/bin/../lib/gcc/arm-none-eabi/10.3.1/../../../../arm-none-eabi/lib/thumb/v6-m/nofp\libc.a(lib_a-init.o)
                              c:/vsarm/armcc/102021~1.10/bin/../lib/gcc/arm-none-eabi/10.3.1/../../../../arm-none-eabi/lib/thumb/v6-m/nofp/crt0.o (__libc_init_array)
c:/vsarm/armcc/102021~1.10/bin/../lib/gcc/arm-none-eabi/10.3.1/../../../../arm-none-eabi/lib/thumb/v6-m/nofp\libc.a(lib_a-malloc.o)
                              CMakeFiles/CompressionRigFirmware.dir/C_/VSARM/sdk/pico/pico-sdk/src/rp2_common/pico_malloc/pico_malloc.c.obj (malloc)
c:/vsarm/armcc/102021~1.10/bin/../lib/gcc/arm-none-eabi/10.3.1/../../../../arm-none-eabi/lib/thumb/v6-m/nofp\libc.a(lib_a-mallocr.o)
                              c:/vsarm/armcc/102021~1.10/bin/../lib/gcc/arm-none-eabi/10.3.1/../../../../arm-none-eabi/lib/thumb/v6-m/nofp\libc.a(lib_a-callocr.o) (_malloc_r)
c:/vsarm/armcc/102021~1.10/bin/../lib/gcc/arm-none-eabi/10.3.1/../../../../arm-none-eabi/lib/thumb/v6-m/nofp\libc.a(lib_a-mlock.o)
                              c:/vsarm/armcc/102021~1.10/bin/../lib/gcc/arm-none-eabi/10.3.1/../../../../arm-none-eabi/lib/thumb/v6-m/nofp\libc.a(lib_a-mallocr.o) (__malloc_lock)
c:/vsarm/armcc/102021~1.10/bin/../lib/gcc/arm-none-eabi/10.3.1/../../../../arm-none-eabi/lib/thumb/v6-m/nofp\libc.a(lib_a-sbrkr.o)
                              c:/vsarm/armcc/102021~1.10/bin/../lib/gcc/arm-none-eabi/10.3.1/../../../../arm-none-eabi/lib/thumb/v6-m/nofp\libc.a(lib_a-mallocr.o) (_sbrk_r)
c:/vsarm/armcc/102021~1.10/bin/../lib/gcc/arm-none-eabi/10.3.1/../../../../arm-none-eabi/lib/thumb/v6-m/nofp\libc.a(lib_a-sscanf.o)
                              CMakeFiles/CompressionRigFirmware.dir/main.c.obj (sscanf)
c:/vsarm/armcc/102021~1.10/bin/../lib/gcc/arm-none-eabi/10.3.1/../../../../arm-none-eabi/lib/thumb/v6-m/nofp\libc.a(lib_a-stdio.o)
                              c:/vsarm/armcc/102021~1.10/bin/../lib/gcc/arm-none-eabi/10.3.1/../../../../arm-none-eabi/lib/thumb/v6-m/nofp\libc.a(lib_a-sscanf.o) (__seofread)
c:/vsarm/armcc/102021~1.10/bin/../lib/gcc/arm-none-eabi/10.3.1/../../../../arm-none-eabi/lib/thumb/v6-m/nofp\libc.a(lib_a-strlen-stub.o)
                              CMakeFiles/CompressionRigFirmware.dir/C_/VSARM/sdk/pico/pico-sdk/src/rp2_common/pico_stdio/stdio.c.obj (strlen)
c:/vsarm/armcc/102021~1.10/bin/../lib/gcc/arm-none-eabi/10.3.1/../../../../arm-none-eabi/lib/thumb/v6-m/nofp\libc.a(lib_a-svfscanf.o)
                              c:/vsarm/armcc/102021~1.10/bin/../lib/gcc/arm-none-eabi/10.3.1/../../../../arm-none-eabi/lib/thumb/v6-m/nofp\libc.a(lib_a-sscanf.o) (__ssvfscanf_r)
c:/vsarm/armcc/102021~1.10/bin/../lib/gcc/arm-none-eabi/10.3.1/../../../../arm-none-eabi/lib/thumb/v6-m/nofp\libc.a(lib_a-writer.o)
                              c:/vsarm/armcc/102021~1.10/bin/../lib/gcc/arm-none-eabi/10.3.1/../../../../arm-none-eabi/lib/thumb/v6-m/nofp\libc.a(lib_a-stdio.o) (_write_r)
c:/vsarm/armcc/102021~1.10/bin/../lib/gcc/arm-none-eabi/10.3.1/../../../../arm-none-eabi/lib/thumb/v6-m/nofp\libc.a(lib_a-closer.o)
                              c:/vsarm/armcc/102021~1.10/bin/../lib/gcc/arm-none-eabi/10.3.1/../../../../arm-none-eabi/lib/thumb/v6-m/nofp\libc.a(lib_a-stdio.o) (_close_r)
c:/vsarm/armcc/102021~1.10/bin/../lib/gcc/arm-none-eabi/10.3.1/../../../../arm-none-eabi/lib/thumb/v6-m/nofp\libc.a(lib_a-ctype_.o)
[...]
Memory Configuration

Name             Origin             Length             Attributes
FLASH            0x10000000         0x00200000         xr
RAM              0x20000000         0x00040000         xrw
SCRATCH_X        0x20040000         0x00001000         xrw
SCRATCH_Y        0x20041000         0x00001000         xrw
*default*        0x00000000         0xffffffff

Linker script and memory map

LOAD c:/vsarm/armcc/102021~1.10/bin/../lib/gcc/arm-none-eabi/10.3.1/thumb/v6-m/nofp/crti.o
LOAD c:/vsarm/armcc/102021~1.10/bin/../lib/gcc/arm-none-eabi/10.3.1/thumb/v6-m/nofp/crtbegin.o
LOAD c:/vsarm/armcc/102021~1.10/bin/../lib/gcc/arm-none-eabi/10.3.1/../../../../arm-none-eabi/lib/thumb/v6-m/nofp/crt0.o

.flash_begin    0x10000000        0x0
                0x10000000                __flash_binary_start = .

.boot2          0x10000000      0x100
                0x10000000                __boot2_start__ = .
 *(.boot2)
 .boot2         0x10000000      0x100 C:\Users\logan\AppData\Local\Temp\ccwiL8J4.o
                0x10000100                __boot2_end__ = .
                0x00000001                ASSERT (((__boot2_end__ - __boot2_start__) == 0x100), ERROR: Pico second stage bootloader must be 256 bytes in size)

.text           0x10000100     0xd2b0
                0x10000100                __logical_binary_start = .
 *(.vectors)
 .vectors       0x10000100       0xd4 CMakeFiles/CompressionRigFirmware.dir/C_/VSARM/sdk/pico/pico-sdk/src/rp2_common/pico_standard_link/crt0.S.obj
                0x10000100                __VECTOR_TABLE
                0x10000100                __vectors
                0x100001c0                isr_invalid
                0x100001c0                __default_isrs_start
                0x100001c2                isr_nmi
                0x100001c4                isr_hardfault
                0x100001c6                isr_svcall
                0x100001c8                isr_pendsv
                0x100001ca                isr_systick
                0x100001cc                isr_irq23
                0x100001cc                isr_irq18
                0x100001cc                isr_irq11
                0x100001cc                isr_irq28
                0x100001cc                isr_irq19
                0x100001cc                isr_irq0
                0x100001cc                isr_irq6
                0x100001cc                isr_irq5
                0x100001cc                isr_irq12
                0x100001cc                isr_irq22
                0x100001cc                isr_irq31
                0x100001cc                isr_irq17
                0x100001cc                isr_irq27
                0x100001cc                isr_irq30
                0x100001cc                isr_irq2
                0x100001cc                isr_irq10
                0x100001cc                isr_irq8
                0x100001cc                isr_irq24
                0x100001cc                isr_irq1
                0x100001cc                isr_irq7
                0x100001cc                isr_irq21
                0x100001cc                isr_irq20
                0x100001cc                isr_irq15
                0x100001cc                isr_irq25
                0x100001cc                isr_irq13
                0x100001cc                __unhandled_user_irq
                0x100001cc                isr_irq4
                0x100001cc                isr_irq16
                0x100001cc                isr_irq29
                0x100001cc                isr_irq26
                0x100001cc                __default_isrs_end
                0x100001cc                isr_irq3
                0x100001cc                isr_irq14
                0x100001cc                isr_irq9
                0x100001d2                unhandled_user_irq_num_in_r0
 *(.binary_info_header)
 .binary_info_header
                0x100001d4       0x14 CMakeFiles/CompressionRigFirmware.dir/C_/VSARM/sdk/pico/pico-sdk/src/rp2_common/pico_standard_link/crt0.S.obj
                0x100001e8                __binary_info_header_end = .
 *(.reset)
 .reset         0x100001e8       0xa8 CMakeFiles/CompressionRigFirmware.dir/C_/VSARM/sdk/pico/pico-sdk/src/rp2_common/pico_standard_link/crt0.S.obj
                0x100001e8                _entry_point
                0x10000266                __get_current_exception
 .reset         0x10000290       0x30 CMakeFiles/CompressionRigFirmware.dir/C_/VSARM/sdk/pico/pico-sdk/src/rp2_common/pico_standard_link/binary_info.c.obj
 *(.init)
 .init          0x100002c0        0x4 c:/vsarm/armcc/102021~1.10/bin/../lib/gcc/arm-none-eabi/10.3.1/thumb/v6-m/nofp/crti.o
                0x100002c0                _init
 *(EXCLUDE_FILE(*libm.a: *libc.a:*lib_a-mem*.o *libgcc.a:) .text*)
 .text          0x100002c4       0x48 c:/vsarm/armcc/102021~1.10/bin/../lib/gcc/arm-none-eabi/10.3.1/thumb/v6-m/nofp/crtbegin.o
 .text.on_uart1_rx
                0x1000030c       0x68 CMakeFiles/CompressionRigFirmware.dir/main.c.obj
                0x1000030c                on_uart1_rx
 .text.core1_main
                0x10000374       0x58 CMakeFiles/CompressionRigFirmware.dir/main.c.obj
                0x10000374                core1_main
 .text.get_command
                0x100003cc       0xf8 CMakeFiles/CompressionRigFirmware.dir/main.c.obj
                0x100003cc                get_command
 .text.state_machine
                0x100004c4      0x5d8 CMakeFiles/CompressionRigFirmware.dir/main.c.obj
                0x100004c4                state_machine
 .text.startup.main
                0x10000a9c      0x140 CMakeFiles/CompressionRigFirmware.dir/main.c.obj
                0x10000a9c                main
 .text.gpio_set_function
                0x10000bdc       0x30 CMakeFiles/CompressionRigFirmware.dir/C_/VSARM/sdk/pico/pico-sdk/src/rp2_common/hardware_gpio/gpio.c.obj
                0x10000bdc                gpio_set_function
 .text.gpio_set_pulls
                0x10000c0c       0x30 CMakeFiles/CompressionRigFirmware.dir/C_/VSARM/sdk/pico/pico-sdk/src/rp2_common/hardware_gpio/gpio.c.obj
                0x10000c0c                gpio_set_pulls
 .text.gpio_init
                0x10000c3c       0x3c CMakeFiles/CompressionRigFirmware.dir/C_/VSARM/sdk/pico/pico-sdk/src/rp2_common/hardware_gpio/gpio.c.obj
                0x10000c3c                gpio_init
 .text.hw_claim_lock
                0x10000c78       0x18 CMakeFiles/CompressionRigFirmware.dir/C_/VSARM/sdk/pico/pico-sdk/src/rp2_common/hardware_claim/claim.c.obj
                0x10000c78                hw_claim_lock
 .text.hw_claim_unlock
                0x10000c90       0x14 CMakeFiles/CompressionRigFirmware.dir/C_/VSARM/sdk/pico/pico-sdk/src/rp2_common/hardware_claim/claim.c.obj
                0x10000c90                hw_claim_unlock
 .text.hw_claim_or_assert
                0x10000ca4       0x44 CMakeFiles/CompressionRigFirmware.dir/C_/VSARM/sdk/pico/pico-sdk/src/rp2_common/hardware_claim/claim.c.obj
                0x10000ca4                hw_claim_or_assert
 .text.hw_claim_unused_from_range
                0x10000ce8       0x9c CMakeFiles/CompressionRigFirmware.dir/C_/VSARM/sdk/pico/pico-sdk/src/rp2_common/hardware_claim/claim.c.obj
                0x10000ce8                hw_claim_unused_from_range
 .text.running_on_fpga
                0x10000d84       0x10 CMakeFiles/CompressionRigFirmware.dir/C_/VSARM/sdk/pico/pico-sdk/src/rp2_common/pico_platform/platform.c.obj
                0x10000d84                running_on_fpga
 .text.spin_locks_reset
                0x10000d94       0x1c CMakeFiles/CompressionRigFirmware.dir/C_/VSARM/sdk/pico/pico-sdk/src/rp2_common/hardware_sync/sync.c.obj
                0x10000d94                spin_locks_reset
 .text.next_striped_spin_lock_num
                0x10000db0       0x18 CMakeFiles/CompressionRigFirmware.dir/C_/VSARM/sdk/pico/pico-sdk/src/rp2_common/hardware_sync/sync.c.obj
                0x10000db0                next_striped_spin_lock_num
 .text.spin_lock_claim_unused
                0x10000dc8       0x20 CMakeFiles/CompressionRigFirmware.dir/C_/VSARM/sdk/pico/pico-sdk/src/rp2_common/hardware_sync/sync.c.obj
                0x10000dc8                spin_lock_claim_unused
 .text.uart_init
                0x10000de8       0xe0 CMakeFiles/CompressionRigFirmware.dir/C_/VSARM/sdk/pico/pico-sdk/src/rp2_common/hardware_uart/uart.c.obj
                0x10000de8                uart_init
 .text.timer_pool_entry_comparator
                0x10000ec8       0x34 CMakeFiles/CompressionRigFirmware.dir/C_/VSARM/sdk/pico/pico-sdk/src/common/pico_time/time.c.obj
                0x10000ec8                timer_pool_entry_comparator
 .text.repeating_timer_callback
                0x10000efc       0x1c CMakeFiles/CompressionRigFirmware.dir/C_/VSARM/sdk/pico/pico-sdk/src/common/pico_time/time.c.obj
 .text.sleep_until_callback
                0x10000f18       0x30 CMakeFiles/CompressionRigFirmware.dir/C_/VSARM/sdk/pico/pico-sdk/src/common/pico_time/time.c.obj
 .text.add_alarm_under_lock.isra.0
                0x10000f48      0x100 CMakeFiles/CompressionRigFirmware.dir/C_/VSARM/sdk/pico/pico-sdk/src/common/pico_time/time.c.obj
 .text.alarm_pool_alarm_callback
                0x10001048      0x1c8 CMakeFiles/CompressionRigFirmware.dir/C_/VSARM/sdk/pico/pico-sdk/src/common/pico_time/time.c.obj
 .text.alarm_pool_add_alarm_at.constprop.0
                0x10001210      0x11c CMakeFiles/CompressionRigFirmware.dir/C_/VSARM/sdk/pico/pico-sdk/src/common/pico_time/time.c.obj
 .text.alarm_pool_init_default
                0x1000132c       0x64 CMakeFiles/CompressionRigFirmware.dir/C_/VSARM/sdk/pico/pico-sdk/src/common/pico_time/time.c.obj
                0x1000132c                alarm_pool_init_default
 .text.alarm_pool_get_default
                0x10001390        0x8 CMakeFiles/CompressionRigFirmware.dir/C_/VSARM/sdk/pico/pico-sdk/src/common/pico_time/time.c.obj
                0x10001390                alarm_pool_get_default
 .text.alarm_pool_add_alarm_at
                0x10001398      0x194 CMakeFiles/CompressionRigFirmware.dir/C_/VSARM/sdk/pico/pico-sdk/src/common/pico_time/time.c.obj
                0x10001398                alarm_pool_add_alarm_at
 .text.alarm_pool_add_repeating_timer_us
                0x1000152c      0x22c CMakeFiles/CompressionRigFirmware.dir/C_/VSARM/sdk/pico/pico-sdk/src/common/pico_time/time.c.obj
                0x1000152c                alarm_pool_add_repeating_timer_us
 .text.sleep_until
                0x10001758       0xac CMakeFiles/CompressionRigFirmware.dir/C_/VSARM/sdk/pico/pico-sdk/src/common/pico_time/time.c.obj
                0x10001758                sleep_until
 .text.sleep_ms
                0x10001804       0x38 CMakeFiles/CompressionRigFirmware.dir/C_/VSARM/sdk/pico/pico-sdk/src/common/pico_time/time.c.obj
                0x10001804                sleep_ms
 .text.best_effort_wfe_or_timeout
                0x1000183c       0xd4 CMakeFiles/CompressionRigFirmware.dir/C_/VSARM/sdk/pico/pico-sdk/src/common/pico_time/time.c.obj
                0x1000183c                best_effort_wfe_or_timeout
 .text.hardware_alarm_irq_handler
                0x10001910       0xb8 CMakeFiles/CompressionRigFirmware.dir/C_/VSARM/sdk/pico/pico-sdk/src/rp2_common/hardware_timer/timer.c.obj
 .text.hardware_alarm_claim
                0x100019c8       0x18 CMakeFiles/CompressionRigFirmware.dir/C_/VSARM/sdk/pico/pico-sdk/src/rp2_common/hardware_timer/timer.c.obj
                0x100019c8                hardware_alarm_claim
 .text.time_us_64
                0x100019e0       0x14 CMakeFiles/CompressionRigFirmware.dir/C_/VSARM/sdk/pico/pico-sdk/src/rp2_common/hardware_timer/timer.c.obj
                0x100019e0                time_us_64
 .text.busy_wait_us
                0x100019f4       0x54 CMakeFiles/CompressionRigFirmware.dir/C_/VSARM/sdk/pico/pico-sdk/src/rp2_common/hardware_timer/timer.c.obj
                0x100019f4                busy_wait_us
 .text.busy_wait_until
                0x10001a48       0x20 CMakeFiles/CompressionRigFirmware.dir/C_/VSARM/sdk/pico/pico-sdk/src/rp2_common/hardware_timer/timer.c.obj
                0x10001a48                busy_wait_until
 .text.hardware_alarm_set_callback
                0x10001a68       0x8c CMakeFiles/CompressionRigFirmware.dir/C_/VSARM/sdk/pico/pico-sdk/src/rp2_common/hardware_timer/timer.c.obj
                0x10001a68                hardware_alarm_set_callback
 .text.hardware_alarm_set_target
                0x10001af4       0xe0 CMakeFiles/CompressionRigFirmware.dir/C_/VSARM/sdk/pico/pico-sdk/src/rp2_common/hardware_timer/timer.c.obj
                0x10001af4                hardware_alarm_set_target
 .text.hardware_alarm_cancel
                0x10001bd4       0x3c CMakeFiles/CompressionRigFirmware.dir/C_/VSARM/sdk/pico/pico-sdk/src/rp2_common/hardware_timer/timer.c.obj
                0x10001bd4                hardware_alarm_cancel
 .text.lock_init
                0x10001c10       0x10 CMakeFiles/CompressionRigFirmware.dir/C_/VSARM/sdk/pico/pico-sdk/src/common/pico_sync/lock_core.c.obj
                0x10001c10                lock_init
 .text.mutex_init
                0x10001c20       0x1c CMakeFiles/CompressionRigFirmware.dir/C_/VSARM/sdk/pico/pico-sdk/src/common/pico_sync/mutex.c.obj
                0x10001c20                mutex_init
 .text.recursive_mutex_init
                0x10001c3c       0x1c CMakeFiles/CompressionRigFirmware.dir/C_/VSARM/sdk/pico/pico-sdk/src/common/pico_sync/mutex.c.obj
                0x10001c3c                recursive_mutex_init
 .text.critical_section_init
                0x10001c58       0x20 CMakeFiles/CompressionRigFirmware.dir/C_/VSARM/sdk/pico/pico-sdk/src/common/pico_sync/critical_section.c.obj
                0x10001c58                critical_section_init
 .text.ph_merge_nodes
                0x10001c78       0x68 CMakeFiles/CompressionRigFirmware.dir/C_/VSARM/sdk/pico/pico-sdk/src/common/pico_util/pheap.c.obj
 .text.ph_post_alloc_init
                0x10001ce0       0x3c CMakeFiles/CompressionRigFirmware.dir/C_/VSARM/sdk/pico/pico-sdk/src/common/pico_util/pheap.c.obj
                0x10001ce0                ph_post_alloc_init
 .text.ph_merge_two_pass
                0x10001d1c       0x90 CMakeFiles/CompressionRigFirmware.dir/C_/VSARM/sdk/pico/pico-sdk/src/common/pico_util/pheap.c.obj
                0x10001d1c                ph_merge_two_pass
 .text.ph_remove_any_head
                0x10001dac       0xf8 CMakeFiles/CompressionRigFirmware.dir/C_/VSARM/sdk/pico/pico-sdk/src/common/pico_util/pheap.c.obj
 .text.ph_remove_head
                0x10001ea4       0xfc CMakeFiles/CompressionRigFirmware.dir/C_/VSARM/sdk/pico/pico-sdk/src/common/pico_util/pheap.c.obj
                0x10001ea4                ph_remove_head
 .text.ph_remove_and_free_node
                0x10001fa0       0x7c CMakeFiles/CompressionRigFirmware.dir/C_/VSARM/sdk/pico/pico-sdk/src/common/pico_util/pheap.c.obj
                0x10001fa0                ph_remove_and_free_node
 .text.runtime_init
                0x1000201c       0xf0 CMakeFiles/CompressionRigFirmware.dir/C_/VSARM/sdk/pico/pico-sdk/src/rp2_common/pico_runtime/runtime.c.obj
                0x1000201c                runtime_init
 .text._sbrk    0x1000210c       0x34 CMakeFiles/CompressionRigFirmware.dir/C_/VSARM/sdk/pico/pico-sdk/src/rp2_common/pico_runtime/runtime.c.obj
                0x1000210c                _sbrk
 .text.exit     0x10002140        0x4 CMakeFiles/CompressionRigFirmware.dir/C_/VSARM/sdk/pico/pico-sdk/src/rp2_common/pico_runtime/runtime.c.obj
                0x10002140                exit
 .text.__assert_func
                0x10002144       0x34 CMakeFiles/CompressionRigFirmware.dir/C_/VSARM/sdk/pico/pico-sdk/src/rp2_common/pico_runtime/runtime.c.obj
                0x10002144                __assert_func
 .text.panic    0x10002178       0x30 CMakeFiles/CompressionRigFirmware.dir/C_/VSARM/sdk/pico/pico-sdk/src/rp2_common/pico_runtime/runtime.c.obj
                0x10002178                panic
 .text.hard_assertion_failure
                0x100021a8        0xc CMakeFiles/CompressionRigFirmware.dir/C_/VSARM/sdk/pico/pico-sdk/src/rp2_common/pico_runtime/runtime.c.obj
                0x100021a8                hard_assertion_failure
 .text.clocks_init
                0x100021b4      0x2bc CMakeFiles/CompressionRigFirmware.dir/C_/VSARM/sdk/pico/pico-sdk/src/rp2_common/hardware_clocks/clocks.c.obj
                0x100021b4                clocks_init
 .text.clock_get_hz
                0x10002470        0xc CMakeFiles/CompressionRigFirmware.dir/C_/VSARM/sdk/pico/pico-sdk/src/rp2_common/hardware_clocks/clocks.c.obj
                0x10002470                clock_get_hz
 .text.irq_set_enabled
                0x1000247c       0x24 CMakeFiles/CompressionRigFirmware.dir/C_/VSARM/sdk/pico/pico-sdk/src/rp2_common/hardware_irq/irq.c.obj
                0x1000247c                irq_set_enabled
 .text.irq_is_enabled
                0x100024a0       0x18 CMakeFiles/CompressionRigFirmware.dir/C_/VSARM/sdk/pico/pico-sdk/src/rp2_common/hardware_irq/irq.c.obj
                0x100024a0                irq_is_enabled
 .text.irq_set_pending
                0x100024b8       0x10 CMakeFiles/CompressionRigFirmware.dir/C_/VSARM/sdk/pico/pico-sdk/src/rp2_common/hardware_irq/irq.c.obj
                0x100024b8                irq_set_pending
 .text.irq_get_vtable_handler
                0x100024c8       0x10 CMakeFiles/CompressionRigFirmware.dir/C_/VSARM/sdk/pico/pico-sdk/src/rp2_common/hardware_irq/irq.c.obj
                0x100024c8                irq_get_vtable_handler
 .text.irq_set_exclusive_handler
                0x100024d8       0x54 CMakeFiles/CompressionRigFirmware.dir/C_/VSARM/sdk/pico/pico-sdk/src/rp2_common/hardware_irq/irq.c.obj
                0x100024d8                irq_set_exclusive_handler
 .text.irq_remove_handler
                0x1000252c      0x1b4 CMakeFiles/CompressionRigFirmware.dir/C_/VSARM/sdk/pico/pico-sdk/src/rp2_common/hardware_irq/irq.c.obj
                0x1000252c                irq_remove_handler
 .text.irq_add_tail_to_free_list
                0x100026e0       0xb4 CMakeFiles/CompressionRigFirmware.dir/C_/VSARM/sdk/pico/pico-sdk/src/rp2_common/hardware_irq/irq.c.obj
                0x100026e0                irq_add_tail_to_free_list
 .text.irq_init_priorities
                0x10002794       0x24 CMakeFiles/CompressionRigFirmware.dir/C_/VSARM/sdk/pico/pico-sdk/src/rp2_common/hardware_irq/irq.c.obj
                0x10002794                irq_init_priorities
 .text.pll_init
                0x100027b8       0xa8 CMakeFiles/CompressionRigFirmware.dir/C_/VSARM/sdk/pico/pico-sdk/src/rp2_common/hardware_pll/pll.c.obj
                0x100027b8                pll_init
 .text.watchdog_start_tick
                0x10002860       0x10 CMakeFiles/CompressionRigFirmware.dir/C_/VSARM/sdk/pico/pico-sdk/src/rp2_common/hardware_watchdog/watchdog.c.obj
                0x10002860                watchdog_start_tick
 .text.watchdog_reboot
                0x10002870       0x98 CMakeFiles/CompressionRigFirmware.dir/C_/VSARM/sdk/pico/pico-sdk/src/rp2_common/hardware_watchdog/watchdog.c.obj
                0x10002870                watchdog_reboot
 .text.xosc_init
                0x10002908       0x28 CMakeFiles/CompressionRigFirmware.dir/C_/VSARM/sdk/pico/pico-sdk/src/rp2_common/hardware_xosc/xosc.c.obj
                0x10002908                xosc_init
 .text._out_buffer
                0x10002930        0x8 CMakeFiles/CompressionRigFirmware.dir/C_/VSARM/sdk/pico/pico-sdk/src/rp2_common/pico_printf/printf.c.obj
 .text._out_null
                0x10002938        0x4 CMakeFiles/CompressionRigFirmware.dir/C_/VSARM/sdk/pico/pico-sdk/src/rp2_common/pico_printf/printf.c.obj
 .text._out_rev
                0x1000293c       0x9c CMakeFiles/CompressionRigFirmware.dir/C_/VSARM/sdk/pico/pico-sdk/src/rp2_common/pico_printf/printf.c.obj
 .text._ntoa_format
                0x100029d8      0x1cc CMakeFiles/CompressionRigFirmware.dir/C_/VSARM/sdk/pico/pico-sdk/src/rp2_common/pico_printf/printf.c.obj
 .text._out_char
                0x10002ba4       0x10 CMakeFiles/CompressionRigFirmware.dir/C_/VSARM/sdk/pico/pico-sdk/src/rp2_common/pico_printf/printf.c.obj
 .text._out_fct
                0x10002bb4       0x10 CMakeFiles/CompressionRigFirmware.dir/C_/VSARM/sdk/pico/pico-sdk/src/rp2_common/pico_printf/printf.c.obj
 .text._etoa    0x10002bc4      0x44c CMakeFiles/CompressionRigFirmware.dir/C_/VSARM/sdk/pico/pico-sdk/src/rp2_common/pico_printf/printf.c.obj
 .text._ftoa    0x10003010      0x398 CMakeFiles/CompressionRigFirmware.dir/C_/VSARM/sdk/pico/pico-sdk/src/rp2_common/pico_printf/printf.c.obj
 .text._vsnprintf
                0x100033a8      0xb04 CMakeFiles/CompressionRigFirmware.dir/C_/VSARM/sdk/pico/pico-sdk/src/rp2_common/pico_printf/printf.c.obj
 .text.__wrap_sprintf
                0x10003eac       0x28 CMakeFiles/CompressionRigFirmware.dir/C_/VSARM/sdk/pico/pico-sdk/src/rp2_common/pico_printf/printf.c.obj
                0x10003eac                __wrap_sprintf
 .text.vfctprintf
                0x10003ed4       0x20 CMakeFiles/CompressionRigFirmware.dir/C_/VSARM/sdk/pico/pico-sdk/src/rp2_common/pico_printf/printf.c.obj
                0x10003ed4                vfctprintf
 .text.weak_raw_printf
                0x10003ef4       0x40 CMakeFiles/CompressionRigFirmware.dir/C_/VSARM/sdk/pico/pico-sdk/src/rp2_common/pico_printf/printf.c.obj
                0x10003ef4                weak_raw_printf
 .text.weak_raw_vprintf
                0x10003f34       0x30 CMakeFiles/CompressionRigFirmware.dir/C_/VSARM/sdk/pico/pico-sdk/src/rp2_common/pico_printf/printf.c.obj
                0x10003f34                weak_raw_vprintf
 .text          0x10003f64       0x10 CMakeFiles/CompressionRigFirmware.dir/C_/VSARM/sdk/pico/pico-sdk/src/rp2_common/pico_bit_ops/bit_ops_aeabi.S.obj
 .text.rom_func_lookup
                0x10003f74       0x10 CMakeFiles/CompressionRigFirmware.dir/C_/VSARM/sdk/pico/pico-sdk/src/rp2_common/pico_bootrom/bootrom.c.obj
                0x10003f74                rom_func_lookup
 .text.rom_data_lookup
                0x10003f84       0x10 CMakeFiles/CompressionRigFirmware.dir/C_/VSARM/sdk/pico/pico-sdk/src/rp2_common/pico_bootrom/bootrom.c.obj
                0x10003f84                rom_data_lookup
 .text.rom_funcs_lookup
                0x10003f94       0x44 CMakeFiles/CompressionRigFirmware.dir/C_/VSARM/sdk/pico/pico-sdk/src/rp2_common/pico_bootrom/bootrom.c.obj
                0x10003f94                rom_funcs_lookup
 .text.__wrap___aeabi_idiv
                0x10003fd8       0x50 CMakeFiles/CompressionRigFirmware.dir/C_/VSARM/sdk/pico/pico-sdk/src/rp2_common/pico_divider/divider.S.obj
                0x10003fd8                __wrap___aeabi_idivmod
                0x10003fd8                divmod_s32s32
                0x10003fd8                div_s32s32
                0x10003fd8                __wrap___aeabi_idiv
                0x10003fe0                divmod_s32s32_unsafe
                0x1000400c                divmod_s32s32_savestate
 .text.__wrap___aeabi_uidiv
                0x10004028       0x4c CMakeFiles/CompressionRigFirmware.dir/C_/VSARM/sdk/pico/pico-sdk/src/rp2_common/pico_divider/divider.S.obj
                0x10004028                __wrap___aeabi_uidiv
                0x10004028                __wrap___aeabi_uidivmod
                0x10004028                div_u32u32
                0x10004028                divmod_u32u32
                0x10004030                divmod_u32u32_unsafe
                0x10004058                divmod_u32u32_savestate
 .text.__wrap___aeabi_ldiv
                0x10004074      0x434 CMakeFiles/CompressionRigFirmware.dir/C_/VSARM/sdk/pico/pico-sdk/src/rp2_common/pico_divider/divider.S.obj
                0x10004074                div_s64s64
                0x10004074                divmod_s64s64
                0x10004074                __wrap___aeabi_ldivmod
                0x100040ac                divmod_u64u64
                0x100040ac                div_u64u64
                0x100040ac                __wrap___aeabi_uldivmod
                0x100040bc                divmod_u64u64_savestate
                0x100040e4                divmod_s64s64_unsafe
                0x1000416c                divmod_u64u64_unsafe
 .text.__wrap___aeabi_darithmetic
                0x100044a8       0x80 CMakeFiles/CompressionRigFirmware.dir/C_/VSARM/sdk/pico/pico-sdk/src/rp2_common/pico_double/double_aeabi.S.obj
                0x100044a8                __wrap___aeabi_drsub
                0x100044ae                __wrap___aeabi_dsub
                0x100044c0                __wrap___aeabi_dadd
                0x100044d2                __wrap___aeabi_ddiv
                0x1000450e                __wrap___aeabi_dmul
 .text.__wrap___aeabi_cdcmple
                0x10004528       0x6c CMakeFiles/CompressionRigFirmware.dir/C_/VSARM/sdk/pico/pico-sdk/src/rp2_common/pico_double/double_aeabi.S.obj
                0x10004528                __wrap___aeabi_cdrcmple
                0x10004538                __wrap___aeabi_cdcmpeq
                0x10004538                __wrap___aeabi_cdcmple
 .text.__wrap___aeabi_dcmpeq
                0x10004594       0x10 CMakeFiles/CompressionRigFirmware.dir/C_/VSARM/sdk/pico/pico-sdk/src/rp2_common/pico_double/double_aeabi.S.obj
                0x10004594                __wrap___aeabi_dcmpeq
 .text.__wrap___aeabi_dcmplt
                0x100045a4        0xc CMakeFiles/CompressionRigFirmware.dir/C_/VSARM/sdk/pico/pico-sdk/src/rp2_common/pico_double/double_aeabi.S.obj
                0x100045a4                __wrap___aeabi_dcmplt
 .text.__wrap___aeabi_dcmple
                0x100045b0       0x10 CMakeFiles/CompressionRigFirmware.dir/C_/VSARM/sdk/pico/pico-sdk/src/rp2_common/pico_double/double_aeabi.S.obj
                0x100045b0                __wrap___aeabi_dcmple
 .text.__wrap___aeabi_dcmpge
                0x100045c0       0x10 CMakeFiles/CompressionRigFirmware.dir/C_/VSARM/sdk/pico/pico-sdk/src/rp2_common/pico_double/double_aeabi.S.obj
                0x100045c0                __wrap___aeabi_dcmpge
 .text.__wrap___aeabi_dcmpgt
                0x100045d0        0xa CMakeFiles/CompressionRigFirmware.dir/C_/VSARM/sdk/pico/pico-sdk/src/rp2_common/pico_double/double_aeabi.S.obj
                0x100045d0                __wrap___aeabi_dcmpgt
 .text.__wrap___aeabi_dcmpun
                0x100045da       0x1c CMakeFiles/CompressionRigFirmware.dir/C_/VSARM/sdk/pico/pico-sdk/src/rp2_common/pico_double/double_aeabi.S.obj
                0x100045da                __wrap___aeabi_dcmpun
 *fill*         0x100045f6        0x2 
 .text.__wrap___aeabi_i2d
                0x100045f8       0x38 CMakeFiles/CompressionRigFirmware.dir/C_/VSARM/sdk/pico/pico-sdk/src/rp2_common/pico_double/double_aeabi.S.obj
                0x100045f8                __wrap___aeabi_ui2d
                0x10004600                __wrap___aeabi_i2d
 .text.__wrap___aeabi_d2iz
                0x10004630       0x48 CMakeFiles/CompressionRigFirmware.dir/C_/VSARM/sdk/pico/pico-sdk/src/rp2_common/pico_double/double_aeabi.S.obj
                0x10004630                double2int_z
                0x10004630                __wrap___aeabi_d2iz
 .text.__wrap___aeabi_d2uiz
                0x10004678       0x18 CMakeFiles/CompressionRigFirmware.dir/C_/VSARM/sdk/pico/pico-sdk/src/rp2_common/pico_double/double_aeabi.S.obj
                0x10004678                __wrap___aeabi_d2uiz
                0x10004678                double2uint
 .text.__wrap___aeabi_l2d
                0x10004690       0x18 CMakeFiles/CompressionRigFirmware.dir/C_/VSARM/sdk/pico/pico-sdk/src/rp2_common/pico_double/double_aeabi.S.obj
                0x10004690                __wrap___aeabi_l2d
 .text.__wrap___aeabi_d2lz
                0x100046a8       0x26 CMakeFiles/CompressionRigFirmware.dir/C_/VSARM/sdk/pico/pico-sdk/src/rp2_common/pico_double/double_aeabi.S.obj
                0x100046a8                double2int64_z
                0x100046a8                __wrap___aeabi_d2lz
 *fill*         0x100046ce        0x2 
 .text.double2int64
                0x100046d0       0x18 CMakeFiles/CompressionRigFirmware.dir/C_/VSARM/sdk/pico/pico-sdk/src/rp2_common/pico_double/double_aeabi.S.obj
                0x100046d0                double2int64
 .text.double2ufix64
                0x100046e8       0x18 CMakeFiles/CompressionRigFirmware.dir/C_/VSARM/sdk/pico/pico-sdk/src/rp2_common/pico_double/double_aeabi.S.obj
                0x100046e8                double2ufix64
 .text.__wrap___aeabi_d2f
                0x10004700       0x18 CMakeFiles/CompressionRigFirmware.dir/C_/VSARM/sdk/pico/pico-sdk/src/rp2_common/pico_double/double_aeabi.S.obj
                0x10004700                __wrap___aeabi_d2f
 .text.__aeabi_double_init
                0x10004718       0x94 CMakeFiles/CompressionRigFirmware.dir/C_/VSARM/sdk/pico/pico-sdk/src/rp2_common/pico_double/double_init_rom.c.obj
                0x10004718                __aeabi_double_init
 .text.double_table_shim_on_use_helper
                0x100047ac       0x2c CMakeFiles/CompressionRigFirmware.dir/C_/VSARM/sdk/pico/pico-sdk/src/rp2_common/pico_double/double_v1_rom_shim.S.obj
                0x100047ac                double_table_shim_on_use_helper
 .text.__wrap___aeabi_dsub
                0x100047d8       0x10 CMakeFiles/CompressionRigFirmware.dir/C_/VSARM/sdk/pico/pico-sdk/src/rp2_common/pico_double/double_v1_rom_shim.S.obj
                0x100047d8                drsub_shim
                0x100047de                dsub_shim
 .text.dadd_shim
                0x100047e8      0x15c CMakeFiles/CompressionRigFirmware.dir/C_/VSARM/sdk/pico/pico-sdk/src/rp2_common/pico_double/double_v1_rom_shim.S.obj
                0x100047e8                dadd_shim
 .text.dmul_shim
                0x10004944      0x15c CMakeFiles/CompressionRigFirmware.dir/C_/VSARM/sdk/pico/pico-sdk/src/rp2_common/pico_double/double_v1_rom_shim.S.obj
                0x10004944                dmul_shim
 .text.ddiv_shim
                0x10004aa0      0x1b0 CMakeFiles/CompressionRigFirmware.dir/C_/VSARM/sdk/pico/pico-sdk/src/rp2_common/pico_double/double_v1_rom_shim.S.obj
                0x10004aa0                ddiv_shim
 .text.double2uint_shim
                0x10004c50        0xe CMakeFiles/CompressionRigFirmware.dir/C_/VSARM/sdk/pico/pico-sdk/src/rp2_common/pico_double/double_v1_rom_shim.S.obj
                0x10004c50                double2uint_shim
                0x10004c52                double2ufix_shim
 .text.double2int64_shim
                0x10004c5e       0x1a CMakeFiles/CompressionRigFirmware.dir/C_/VSARM/sdk/pico/pico-sdk/src/rp2_common/pico_double/double_v1_rom_shim.S.obj
                0x10004c5e                double2int64_shim
                0x10004c60                double2fix64_shim
 .text.double2uint64_shim
                0x10004c78       0x70 CMakeFiles/CompressionRigFirmware.dir/C_/VSARM/sdk/pico/pico-sdk/src/rp2_common/pico_double/double_v1_rom_shim.S.obj
                0x10004c78                double2uint64_shim
                0x10004c7a                double2ufix64_shim
                0x10004c9a                d2fix_a
 .text.double2float_shim
                0x10004ce8       0x5c CMakeFiles/CompressionRigFirmware.dir/C_/VSARM/sdk/pico/pico-sdk/src/rp2_common/pico_double/double_v1_rom_shim.S.obj
                0x10004ce8                double2float_shim
 .text.x2double_shims
                0x10004d44       0x90 CMakeFiles/CompressionRigFirmware.dir/C_/VSARM/sdk/pico/pico-sdk/src/rp2_common/pico_double/double_v1_rom_shim.S.obj
                0x10004d44                uint2double_shim
                0x10004d46                ufix2double_shim
                0x10004d4c                int2double_shim
                0x10004d4e                fix2double_shim
                0x10004d54                uint642double_shim
                0x10004d56                ufix642double_shim
                0x10004d5c                int642double_shim
                0x10004d5e                fix642double_shim
 .text.dunpacks
                0x10004dd4       0x3c CMakeFiles/CompressionRigFirmware.dir/C_/VSARM/sdk/pico/pico-sdk/src/rp2_common/pico_double/double_v1_rom_shim.S.obj
                0x10004dd4                dunpacks
 .text.__aeabi_lmul
                0x10004e10       0x32 CMakeFiles/CompressionRigFirmware.dir/C_/VSARM/sdk/pico/pico-sdk/src/rp2_common/pico_int64_ops/pico_int64_ops_aeabi.S.obj
                0x10004e10                __wrap___aeabi_lmul
 *fill*         0x10004e42        0x2 
 .text.__wrap___aeabi_farithmetic
                0x10004e44       0x48 CMakeFiles/CompressionRigFirmware.dir/C_/VSARM/sdk/pico/pico-sdk/src/rp2_common/pico_float/float_aeabi.S.obj
                0x10004e44                __wrap___aeabi_frsub
                0x10004e4a                __wrap___aeabi_fsub
                0x10004e50                __wrap___aeabi_fadd
                0x10004e56                __wrap___aeabi_fdiv
                0x10004e7e                __wrap___aeabi_fmul
 .text.__wrap___aeabi_cfcmple
                0x10004e8c       0x50 CMakeFiles/CompressionRigFirmware.dir/C_/VSARM/sdk/pico/pico-sdk/src/rp2_common/pico_float/float_aeabi.S.obj
                0x10004e8c                __wrap___aeabi_cfrcmple
                0x10004e98                __wrap___aeabi_cfcmple
                0x10004e98                __wrap___aeabi_cfcmpeq
 .text.__wrap___aeabi_fcmplt
                0x10004edc        0xc CMakeFiles/CompressionRigFirmware.dir/C_/VSARM/sdk/pico/pico-sdk/src/rp2_common/pico_float/float_aeabi.S.obj
                0x10004edc                __wrap___aeabi_fcmplt
 .text.__wrap___aeabi_fcmpge
                0x10004ee8       0x10 CMakeFiles/CompressionRigFirmware.dir/C_/VSARM/sdk/pico/pico-sdk/src/rp2_common/pico_float/float_aeabi.S.obj
                0x10004ee8                __wrap___aeabi_fcmpge
 .text.__wrap___aeabi_f2d
                0x10004ef8       0x14 CMakeFiles/CompressionRigFirmware.dir/C_/VSARM/sdk/pico/pico-sdk/src/rp2_common/pico_float/float_aeabi.S.obj
                0x10004ef8                __wrap___aeabi_f2d
 .text.__aeabi_float_init
                0x10004f0c       0x64 CMakeFiles/CompressionRigFirmware.dir/C_/VSARM/sdk/pico/pico-sdk/src/rp2_common/pico_float/float_init_rom.c.obj
                0x10004f0c                __aeabi_float_init
 .text.float_table_shim_on_use_helper
                0x10004f70       0x2c CMakeFiles/CompressionRigFirmware.dir/C_/VSARM/sdk/pico/pico-sdk/src/rp2_common/pico_float/float_v1_rom_shim.S.obj
                0x10004f70                float_table_shim_on_use_helper
 .text.float2double_shim
                0x10004f9c       0x30 CMakeFiles/CompressionRigFirmware.dir/C_/VSARM/sdk/pico/pico-sdk/src/rp2_common/pico_float/float_v1_rom_shim.S.obj
                0x10004f9c                float2double_shim
 .text.__wrap_malloc
                0x10004fcc       0x3c CMakeFiles/CompressionRigFirmware.dir/C_/VSARM/sdk/pico/pico-sdk/src/rp2_common/pico_malloc/pico_malloc.c.obj
                0x10004fcc                __wrap_malloc
 .text.__wrap_free
                0x10005008       0x20 CMakeFiles/CompressionRigFirmware.dir/C_/VSARM/sdk/pico/pico-sdk/src/rp2_common/pico_malloc/pico_malloc.c.obj
                0x10005008                __wrap_free
 .text          0x10005028       0x10 CMakeFiles/CompressionRigFirmware.dir/C_/VSARM/sdk/pico/pico-sdk/src/rp2_common/pico_mem_ops/mem_ops_aeabi.S.obj
                0x10005028                __aeabi_mem_init
 .text.memset   0x10005038        0xc CMakeFiles/CompressionRigFirmware.dir/C_/VSARM/sdk/pico/pico-sdk/src/rp2_common/pico_mem_ops/mem_ops_aeabi.S.obj
                0x10005038                __wrap_memset
 .text.memcpy   0x10005044        0xc CMakeFiles/CompressionRigFirmware.dir/C_/VSARM/sdk/pico/pico-sdk/src/rp2_common/pico_mem_ops/mem_ops_aeabi.S.obj
                0x10005044                __wrap_memcpy
                0x10005044                __wrap___aeabi_memcpy
 .text.stdio_out_chars_no_crlf
                0x10005050       0x10 CMakeFiles/CompressionRigFirmware.dir/C_/VSARM/sdk/pico/pico-sdk/src/rp2_common/pico_stdio/stdio.c.obj
 .text.stdio_out_chars_crlf
                0x10005060       0xb4 CMakeFiles/CompressionRigFirmware.dir/C_/VSARM/sdk/pico/pico-sdk/src/rp2_common/pico_stdio/stdio.c.obj
 .text.stdio_buffered_printer
                0x10005114       0x64 CMakeFiles/CompressionRigFirmware.dir/C_/VSARM/sdk/pico/pico-sdk/src/rp2_common/pico_stdio/stdio.c.obj
 .text.stdio_put_string.isra.0
                0x10005178       0xfc CMakeFiles/CompressionRigFirmware.dir/C_/VSARM/sdk/pico/pico-sdk/src/rp2_common/pico_stdio/stdio.c.obj
 .text.__wrap_putchar
                0x10005274       0xa0 CMakeFiles/CompressionRigFirmware.dir/C_/VSARM/sdk/pico/pico-sdk/src/rp2_common/pico_stdio/stdio.c.obj
                0x10005274                __wrap_putchar
 .text.__wrap_puts
                0x10005314       0x3c CMakeFiles/CompressionRigFirmware.dir/C_/VSARM/sdk/pico/pico-sdk/src/rp2_common/pico_stdio/stdio.c.obj
                0x10005314                __wrap_puts
 .text.stdio_set_driver_enabled
                0x10005350       0x3c CMakeFiles/CompressionRigFirmware.dir/C_/VSARM/sdk/pico/pico-sdk/src/rp2_common/pico_stdio/stdio.c.obj
                0x10005350                stdio_set_driver_enabled
 .text.__wrap_vprintf
                0x1000538c       0xd8 CMakeFiles/CompressionRigFirmware.dir/C_/VSARM/sdk/pico/pico-sdk/src/rp2_common/pico_stdio/stdio.c.obj
                0x1000538c                __wrap_vprintf
 .text.__wrap_printf
                0x10005464       0x18 CMakeFiles/CompressionRigFirmware.dir/C_/VSARM/sdk/pico/pico-sdk/src/rp2_common/pico_stdio/stdio.c.obj
                0x10005464                __wrap_printf
 .text.stdio_init_all
                0x1000547c        0x8 CMakeFiles/CompressionRigFirmware.dir/C_/VSARM/sdk/pico/pico-sdk/src/rp2_common/pico_stdio/stdio.c.obj
                0x1000547c                stdio_init_all
 .text.__wrap_getchar
                0x10005484       0x74 CMakeFiles/CompressionRigFirmware.dir/C_/VSARM/sdk/pico/pico-sdk/src/rp2_common/pico_stdio/stdio.c.obj
                0x10005484                __wrap_getchar
 .text.getchar_timeout_us
                0x100054f8       0xa0 CMakeFiles/CompressionRigFirmware.dir/C_/VSARM/sdk/pico/pico-sdk/src/rp2_common/pico_stdio/stdio.c.obj
                0x100054f8                getchar_timeout_us
 .text.resetd_init
                0x10005598        0x4 CMakeFiles/CompressionRigFirmware.dir/C_/VSARM/sdk/pico/pico-sdk/src/rp2_common/pico_stdio_usb/reset_interface.c.obj
 .text.resetd_reset
                0x1000559c        0xc CMakeFiles/CompressionRigFirmware.dir/C_/VSARM/sdk/pico/pico-sdk/src/rp2_common/pico_stdio_usb/reset_interface.c.obj
 .text.resetd_open
                0x100055a8       0x28 CMakeFiles/CompressionRigFirmware.dir/C_/VSARM/sdk/pico/pico-sdk/src/rp2_common/pico_stdio_usb/reset_interface.c.obj
 .text.resetd_xfer_cb
                0x100055d0        0x4 CMakeFiles/CompressionRigFirmware.dir/C_/VSARM/sdk/pico/pico-sdk/src/rp2_common/pico_stdio_usb/reset_interface.c.obj
 .text.resetd_control_xfer_cb
                0x100055d4       0x64 CMakeFiles/CompressionRigFirmware.dir/C_/VSARM/sdk/pico/pico-sdk/src/rp2_common/pico_stdio_usb/reset_interface.c.obj
 .text.usbd_app_driver_get_cb
                0x10005638        0xc CMakeFiles/CompressionRigFirmware.dir/C_/VSARM/sdk/pico/pico-sdk/src/rp2_common/pico_stdio_usb/reset_interface.c.obj
                0x10005638                usbd_app_driver_get_cb
 .text.tud_cdc_line_coding_cb
                0x10005644       0x34 CMakeFiles/CompressionRigFirmware.dir/C_/VSARM/sdk/pico/pico-sdk/src/rp2_common/pico_stdio_usb/reset_interface.c.obj
                0x10005644                tud_cdc_line_coding_cb
 .text.stdio_usb_in_chars
                0x10005678       0x68 CMakeFiles/CompressionRigFirmware.dir/C_/VSARM/sdk/pico/pico-sdk/src/rp2_common/pico_stdio_usb/stdio_usb.c.obj
                0x10005678                stdio_usb_in_chars
 .text.stdio_usb_out_chars
                0x100056e0       0xe4 CMakeFiles/CompressionRigFirmware.dir/C_/VSARM/sdk/pico/pico-sdk/src/rp2_common/pico_stdio_usb/stdio_usb.c.obj
 .text.timer_task
                0x100057c4       0x10 CMakeFiles/CompressionRigFirmware.dir/C_/VSARM/sdk/pico/pico-sdk/src/rp2_common/pico_stdio_usb/stdio_usb.c.obj
 .text.low_priority_worker_irq
                0x100057d4       0x24 CMakeFiles/CompressionRigFirmware.dir/C_/VSARM/sdk/pico/pico-sdk/src/rp2_common/pico_stdio_usb/stdio_usb.c.obj
 .text.stdio_usb_init
                0x100057f8       0x90 CMakeFiles/CompressionRigFirmware.dir/C_/VSARM/sdk/pico/pico-sdk/src/rp2_common/pico_stdio_usb/stdio_usb.c.obj
                0x100057f8                stdio_usb_init
 .text.stdio_usb_connected
                0x10005888        0xc CMakeFiles/CompressionRigFirmware.dir/C_/VSARM/sdk/pico/pico-sdk/src/rp2_common/pico_stdio_usb/stdio_usb.c.obj
                0x10005888                stdio_usb_connected
 .text.tud_descriptor_device_cb
                0x10005894        0x8 CMakeFiles/CompressionRigFirmware.dir/C_/VSARM/sdk/pico/pico-sdk/src/rp2_common/pico_stdio_usb/stdio_usb_descriptors.c.obj
                0x10005894                tud_descriptor_device_cb
 .text.tud_descriptor_configuration_cb
                0x1000589c        0x8 CMakeFiles/CompressionRigFirmware.dir/C_/VSARM/sdk/pico/pico-sdk/src/rp2_common/pico_stdio_usb/stdio_usb_descriptors.c.obj
                0x1000589c                tud_descriptor_configuration_cb
 .text.tud_descriptor_string_cb
                0x100058a4       0x74 CMakeFiles/CompressionRigFirmware.dir/C_/VSARM/sdk/pico/pico-sdk/src/rp2_common/pico_stdio_usb/stdio_usb_descriptors.c.obj
                0x100058a4                tud_descriptor_string_cb
 .text.dcd_rp2040_irq
                0x10005918      0x21c CMakeFiles/CompressionRigFirmware.dir/C_/VSARM/sdk/pico/pico-sdk/lib/tinyusb/src/portable/raspberrypi/rp2040/dcd_rp2040.c.obj
 .text.dcd_int_enable
                0x10005b34        0xc CMakeFiles/CompressionRigFirmware.dir/C_/VSARM/sdk/pico/pico-sdk/lib/tinyusb/src/portable/raspberrypi/rp2040/dcd_rp2040.c.obj
                0x10005b34                dcd_int_enable
 .text.dcd_set_address
                0x10005b40       0x14 CMakeFiles/CompressionRigFirmware.dir/C_/VSARM/sdk/pico/pico-sdk/lib/tinyusb/src/portable/raspberrypi/rp2040/dcd_rp2040.c.obj
                0x10005b40                dcd_set_address
 .text.dcd_connect
                0x10005b54       0x10 CMakeFiles/CompressionRigFirmware.dir/C_/VSARM/sdk/pico/pico-sdk/lib/tinyusb/src/portable/raspberrypi/rp2040/dcd_rp2040.c.obj
                0x10005b54                dcd_connect
 .text.dcd_init
                0x10005b64      0x144 CMakeFiles/CompressionRigFirmware.dir/C_/VSARM/sdk/pico/pico-sdk/lib/tinyusb/src/portable/raspberrypi/rp2040/dcd_rp2040.c.obj
                0x10005b64                dcd_init
 .text.dcd_edpt0_status_complete
                0x10005ca8       0x1c CMakeFiles/CompressionRigFirmware.dir/C_/VSARM/sdk/pico/pico-sdk/lib/tinyusb/src/portable/raspberrypi/rp2040/dcd_rp2040.c.obj
                0x10005ca8                dcd_edpt0_status_complete
 .text.dcd_edpt_open
                0x10005cc4       0xf0 CMakeFiles/CompressionRigFirmware.dir/C_/VSARM/sdk/pico/pico-sdk/lib/tinyusb/src/portable/raspberrypi/rp2040/dcd_rp2040.c.obj
                0x10005cc4                dcd_edpt_open
 .text.dcd_edpt_close_all
                0x10005db4       0xbc CMakeFiles/CompressionRigFirmware.dir/C_/VSARM/sdk/pico/pico-sdk/lib/tinyusb/src/portable/raspberrypi/rp2040/dcd_rp2040.c.obj
                0x10005db4                dcd_edpt_close_all
 .text.dcd_edpt_xfer
                0x10005e70       0x24 CMakeFiles/CompressionRigFirmware.dir/C_/VSARM/sdk/pico/pico-sdk/lib/tinyusb/src/portable/raspberrypi/rp2040/dcd_rp2040.c.obj
                0x10005e70                dcd_edpt_xfer
 .text.dcd_edpt_stall
                0x10005e94       0x38 CMakeFiles/CompressionRigFirmware.dir/C_/VSARM/sdk/pico/pico-sdk/lib/tinyusb/src/portable/raspberrypi/rp2040/dcd_rp2040.c.obj
                0x10005e94                dcd_edpt_stall
 .text.dcd_edpt_clear_stall
                0x10005ecc       0x30 CMakeFiles/CompressionRigFirmware.dir/C_/VSARM/sdk/pico/pico-sdk/lib/tinyusb/src/portable/raspberrypi/rp2040/dcd_rp2040.c.obj
                0x10005ecc                dcd_edpt_clear_stall
 .text._hw_endpoint_buffer_control_update32.part.0.isra.0
                0x10005efc       0x1c CMakeFiles/CompressionRigFirmware.dir/C_/VSARM/sdk/pico/pico-sdk/lib/tinyusb/src/portable/raspberrypi/rp2040/rp2040_usb.c.obj
 .text.rp2040_usb_init
                0x10005f18       0x4c CMakeFiles/CompressionRigFirmware.dir/C_/VSARM/sdk/pico/pico-sdk/lib/tinyusb/src/portable/raspberrypi/rp2040/rp2040_usb.c.obj
                0x10005f18                rp2040_usb_init
 .text.hw_endpoint_reset_transfer
                0x10005f64        0xc CMakeFiles/CompressionRigFirmware.dir/C_/VSARM/sdk/pico/pico-sdk/lib/tinyusb/src/portable/raspberrypi/rp2040/rp2040_usb.c.obj
                0x10005f64                hw_endpoint_reset_transfer
 .text._hw_endpoint_buffer_control_update32
                0x10005f70       0x44 CMakeFiles/CompressionRigFirmware.dir/C_/VSARM/sdk/pico/pico-sdk/lib/tinyusb/src/portable/raspberrypi/rp2040/rp2040_usb.c.obj
                0x10005f70                _hw_endpoint_buffer_control_update32
 .text.hw_endpoint_xfer_start
                0x10005fb4      0x138 CMakeFiles/CompressionRigFirmware.dir/C_/VSARM/sdk/pico/pico-sdk/lib/tinyusb/src/portable/raspberrypi/rp2040/rp2040_usb.c.obj
                0x10005fb4                hw_endpoint_xfer_start
 .text.hw_endpoint_xfer_continue
                0x100060ec      0x1e4 CMakeFiles/CompressionRigFirmware.dir/C_/VSARM/sdk/pico/pico-sdk/lib/tinyusb/src/portable/raspberrypi/rp2040/rp2040_usb.c.obj
                0x100060ec                hw_endpoint_xfer_continue
 .text.tud_mounted
                0x100062d0       0x10 CMakeFiles/CompressionRigFirmware.dir/C_/VSARM/sdk/pico/pico-sdk/lib/tinyusb/src/device/usbd.c.obj
                0x100062d0                tud_mounted
 .text.tud_suspended
                0x100062e0       0x10 CMakeFiles/CompressionRigFirmware.dir/C_/VSARM/sdk/pico/pico-sdk/lib/tinyusb/src/device/usbd.c.obj
                0x100062e0                tud_suspended
 .text.tud_inited
                0x100062f0        0xc CMakeFiles/CompressionRigFirmware.dir/C_/VSARM/sdk/pico/pico-sdk/lib/tinyusb/src/device/usbd.c.obj
                0x100062f0                tud_inited
 .text.tud_init
                0x100062fc       0xd8 CMakeFiles/CompressionRigFirmware.dir/C_/VSARM/sdk/pico/pico-sdk/lib/tinyusb/src/device/usbd.c.obj
                0x100062fc                tud_init
 .text.tud_task
                0x100063d4      0x8ec CMakeFiles/CompressionRigFirmware.dir/C_/VSARM/sdk/pico/pico-sdk/lib/tinyusb/src/device/usbd.c.obj
                0x100063d4                tud_task
 .text.dcd_event_bus_signal
                0x10006cc0      0x120 CMakeFiles/CompressionRigFirmware.dir/C_/VSARM/sdk/pico/pico-sdk/lib/tinyusb/src/device/usbd.c.obj
                0x10006cc0                dcd_event_bus_signal
 .text.dcd_event_bus_reset
                0x10006de0       0x54 CMakeFiles/CompressionRigFirmware.dir/C_/VSARM/sdk/pico/pico-sdk/lib/tinyusb/src/device/usbd.c.obj
                0x10006de0                dcd_event_bus_reset
 .text.dcd_event_setup_received
                0x10006e34       0x50 CMakeFiles/CompressionRigFirmware.dir/C_/VSARM/sdk/pico/pico-sdk/lib/tinyusb/src/device/usbd.c.obj
                0x10006e34                dcd_event_setup_received
 .text.dcd_event_xfer_complete
                0x10006e84       0x68 CMakeFiles/CompressionRigFirmware.dir/C_/VSARM/sdk/pico/pico-sdk/lib/tinyusb/src/device/usbd.c.obj
                0x10006e84                dcd_event_xfer_complete
 .text.usbd_open_edpt_pair
                0x10006eec       0x80 CMakeFiles/CompressionRigFirmware.dir/C_/VSARM/sdk/pico/pico-sdk/lib/tinyusb/src/device/usbd.c.obj
                0x10006eec                usbd_open_edpt_pair
 .text.usbd_edpt_open
                0x10006f6c       0x30 CMakeFiles/CompressionRigFirmware.dir/C_/VSARM/sdk/pico/pico-sdk/lib/tinyusb/src/device/usbd.c.obj
                0x10006f6c                usbd_edpt_open
 .text.usbd_edpt_claim
                0x10006f9c       0x64 CMakeFiles/CompressionRigFirmware.dir/C_/VSARM/sdk/pico/pico-sdk/lib/tinyusb/src/device/usbd.c.obj
                0x10006f9c                usbd_edpt_claim
 .text.usbd_edpt_release
                0x10007000       0x4c CMakeFiles/CompressionRigFirmware.dir/C_/VSARM/sdk/pico/pico-sdk/lib/tinyusb/src/device/usbd.c.obj
                0x10007000                usbd_edpt_release
 .text.usbd_edpt_xfer
                0x1000704c       0x48 CMakeFiles/CompressionRigFirmware.dir/C_/VSARM/sdk/pico/pico-sdk/lib/tinyusb/src/device/usbd.c.obj
                0x1000704c                usbd_edpt_xfer
 .text.tud_control_status
                0x10007094       0x30 CMakeFiles/CompressionRigFirmware.dir/C_/VSARM/sdk/pico/pico-sdk/lib/tinyusb/src/device/usbd_control.c.obj
                0x10007094                tud_control_status
 .text.tud_control_xfer
                0x100070c4       0xbc CMakeFiles/CompressionRigFirmware.dir/C_/VSARM/sdk/pico/pico-sdk/lib/tinyusb/src/device/usbd_control.c.obj
                0x100070c4                tud_control_xfer
 .text.usbd_control_reset
                0x10007180       0x14 CMakeFiles/CompressionRigFirmware.dir/C_/VSARM/sdk/pico/pico-sdk/lib/tinyusb/src/device/usbd_control.c.obj
                0x10007180                usbd_control_reset
 .text.usbd_control_set_complete_callback
                0x10007194        0xc CMakeFiles/CompressionRigFirmware.dir/C_/VSARM/sdk/pico/pico-sdk/lib/tinyusb/src/device/usbd_control.c.obj
                0x10007194                usbd_control_set_complete_callback
 .text.usbd_control_set_request
                0x100071a0       0x1c CMakeFiles/CompressionRigFirmware.dir/C_/VSARM/sdk/pico/pico-sdk/lib/tinyusb/src/device/usbd_control.c.obj
                0x100071a0                usbd_control_set_request
 .text.usbd_control_xfer_cb
                0x100071bc       0xfc CMakeFiles/CompressionRigFirmware.dir/C_/VSARM/sdk/pico/pico-sdk/lib/tinyusb/src/device/usbd_control.c.obj
                0x100071bc                usbd_control_xfer_cb
 .text.tud_cdc_n_connected
                0x100072b8       0x30 CMakeFiles/CompressionRigFirmware.dir/C_/VSARM/sdk/pico/pico-sdk/lib/tinyusb/src/class/cdc/cdc_device.c.obj
                0x100072b8                tud_cdc_n_connected
 .text.tud_cdc_n_available
                0x100072e8       0x18 CMakeFiles/CompressionRigFirmware.dir/C_/VSARM/sdk/pico/pico-sdk/lib/tinyusb/src/class/cdc/cdc_device.c.obj
                0x100072e8                tud_cdc_n_available
 .text.tud_cdc_n_read
                0x10007300       0x70 CMakeFiles/CompressionRigFirmware.dir/C_/VSARM/sdk/pico/pico-sdk/lib/tinyusb/src/class/cdc/cdc_device.c.obj
                0x10007300                tud_cdc_n_read
 .text.tud_cdc_n_write_flush
                0x10007370       0x78 CMakeFiles/CompressionRigFirmware.dir/C_/VSARM/sdk/pico/pico-sdk/lib/tinyusb/src/class/cdc/cdc_device.c.obj
                0x10007370                tud_cdc_n_write_flush
 .text.tud_cdc_n_write
                0x100073e8       0x34 CMakeFiles/CompressionRigFirmware.dir/C_/VSARM/sdk/pico/pico-sdk/lib/tinyusb/src/class/cdc/cdc_device.c.obj
                0x100073e8                tud_cdc_n_write
 .text.tud_cdc_n_write_available
                0x1000741c       0x18 CMakeFiles/CompressionRigFirmware.dir/C_/VSARM/sdk/pico/pico-sdk/lib/tinyusb/src/class/cdc/cdc_device.c.obj
                0x1000741c                tud_cdc_n_write_available
 .text.cdcd_init
                0x10007434       0x7c CMakeFiles/CompressionRigFirmware.dir/C_/VSARM/sdk/pico/pico-sdk/lib/tinyusb/src/class/cdc/cdc_device.c.obj
                0x10007434                cdcd_init
 .text.cdcd_reset
                0x100074b0       0x2c CMakeFiles/CompressionRigFirmware.dir/C_/VSARM/sdk/pico/pico-sdk/lib/tinyusb/src/class/cdc/cdc_device.c.obj
                0x100074b0                cdcd_reset
 .text.cdcd_open
                0x100074dc       0xe4 CMakeFiles/CompressionRigFirmware.dir/C_/VSARM/sdk/pico/pico-sdk/lib/tinyusb/src/class/cdc/cdc_device.c.obj
                0x100074dc                cdcd_open
 .text.cdcd_control_xfer_cb
                0x100075c0       0xe4 CMakeFiles/CompressionRigFirmware.dir/C_/VSARM/sdk/pico/pico-sdk/lib/tinyusb/src/class/cdc/cdc_device.c.obj
                0x100075c0                cdcd_control_xfer_cb
 .text.cdcd_xfer_cb
                0x100076a4      0x148 CMakeFiles/CompressionRigFirmware.dir/C_/VSARM/sdk/pico/pico-sdk/lib/tinyusb/src/class/cdc/cdc_device.c.obj
                0x100076a4                cdcd_xfer_cb
 .text.tusb_init
                0x100077ec        0xc CMakeFiles/CompressionRigFirmware.dir/C_/VSARM/sdk/pico/pico-sdk/lib/tinyusb/src/tusb.c.obj
                0x100077ec                tusb_init
 .text.tusb_inited
                0x100077f8        0x8 CMakeFiles/CompressionRigFirmware.dir/C_/VSARM/sdk/pico/pico-sdk/lib/tinyusb/src/tusb.c.obj
                0x100077f8                tusb_inited
 .text.tu_edpt_validate
                0x10007800       0x78 CMakeFiles/CompressionRigFirmware.dir/C_/VSARM/sdk/pico/pico-sdk/lib/tinyusb/src/tusb.c.obj
                0x10007800                tu_edpt_validate
 .text.tu_edpt_bind_driver
                0x10007878       0x2c CMakeFiles/CompressionRigFirmware.dir/C_/VSARM/sdk/pico/pico-sdk/lib/tinyusb/src/tusb.c.obj
                0x10007878                tu_edpt_bind_driver
 .text.tu_fifo_config
                0x100078a4       0x78 CMakeFiles/CompressionRigFirmware.dir/C_/VSARM/sdk/pico/pico-sdk/lib/tinyusb/src/common/tusb_fifo.c.obj
                0x100078a4                tu_fifo_config
 .text.tu_fifo_count
                0x1000791c       0x20 CMakeFiles/CompressionRigFirmware.dir/C_/VSARM/sdk/pico/pico-sdk/lib/tinyusb/src/common/tusb_fifo.c.obj
                0x1000791c                tu_fifo_count
 .text.tu_fifo_empty
                0x1000793c       0x10 CMakeFiles/CompressionRigFirmware.dir/C_/VSARM/sdk/pico/pico-sdk/lib/tinyusb/src/common/tusb_fifo.c.obj
                0x1000793c                tu_fifo_empty
 .text.tu_fifo_remaining
                0x1000794c       0x1c CMakeFiles/CompressionRigFirmware.dir/C_/VSARM/sdk/pico/pico-sdk/lib/tinyusb/src/common/tusb_fifo.c.obj
                0x1000794c                tu_fifo_remaining
 .text.tu_fifo_read
                0x10007968       0x9c CMakeFiles/CompressionRigFirmware.dir/C_/VSARM/sdk/pico/pico-sdk/lib/tinyusb/src/common/tusb_fifo.c.obj
                0x10007968                tu_fifo_read
 .text.tu_fifo_read_n
                0x10007a04      0x100 CMakeFiles/CompressionRigFirmware.dir/C_/VSARM/sdk/pico/pico-sdk/lib/tinyusb/src/common/tusb_fifo.c.obj
                0x10007a04                tu_fifo_read_n
 .text.tu_fifo_write
                0x10007b04       0x7c CMakeFiles/CompressionRigFirmware.dir/C_/VSARM/sdk/pico/pico-sdk/lib/tinyusb/src/common/tusb_fifo.c.obj
                0x10007b04                tu_fifo_write
 .text.tu_fifo_write_n
                0x10007b80      0x100 CMakeFiles/CompressionRigFirmware.dir/C_/VSARM/sdk/pico/pico-sdk/lib/tinyusb/src/common/tusb_fifo.c.obj
                0x10007b80                tu_fifo_write_n
 .text.tu_fifo_clear
                0x10007c80       0x4c CMakeFiles/CompressionRigFirmware.dir/C_/VSARM/sdk/pico/pico-sdk/lib/tinyusb/src/common/tusb_fifo.c.obj
                0x10007c80                tu_fifo_clear
 .text.tu_fifo_set_overwritable
                0x10007ccc       0x3c CMakeFiles/CompressionRigFirmware.dir/C_/VSARM/sdk/pico/pico-sdk/lib/tinyusb/src/common/tusb_fifo.c.obj
                0x10007ccc                tu_fifo_set_overwritable
 .text.startup._retrieve_unique_id_on_boot
                0x10007d08       0x10 CMakeFiles/CompressionRigFirmware.dir/C_/VSARM/sdk/pico/pico-sdk/src/rp2_common/pico_unique_id/unique_id.c.obj
 .text.pico_get_unique_board_id_string
                0x10007d18      0x1a8 CMakeFiles/CompressionRigFirmware.dir/C_/VSARM/sdk/pico/pico-sdk/src/rp2_common/pico_unique_id/unique_id.c.obj
                0x10007d18                pico_get_unique_board_id_string
 .text.flash_get_unique_id
                0x10007ec0       0x40 CMakeFiles/CompressionRigFirmware.dir/C_/VSARM/sdk/pico/pico-sdk/src/rp2_common/hardware_flash/flash.c.obj
                0x10007ec0                flash_get_unique_id
 .text.core1_trampoline
                0x10007f00        0x4 CMakeFiles/CompressionRigFirmware.dir/C_/VSARM/sdk/pico/pico-sdk/src/rp2_common/pico_multicore/multicore.c.obj
 .text.core1_wrapper
                0x10007f04        0xc CMakeFiles/CompressionRigFirmware.dir/C_/VSARM/sdk/pico/pico-sdk/src/rp2_common/pico_multicore/multicore.c.obj
                0x10007f04                core1_wrapper
 .text.multicore_launch_core1_raw
                0x10007f10       0x84 CMakeFiles/CompressionRigFirmware.dir/C_/VSARM/sdk/pico/pico-sdk/src/rp2_common/pico_multicore/multicore.c.obj
                0x10007f10                multicore_launch_core1_raw
 .text.multicore_launch_core1
                0x10007f94       0x4c CMakeFiles/CompressionRigFirmware.dir/C_/VSARM/sdk/pico/pico-sdk/src/rp2_common/pico_multicore/multicore.c.obj
                0x10007f94                multicore_launch_core1
 .text.pio_add_program
                0x10007fe0       0xc8 CMakeFiles/CompressionRigFirmware.dir/C_/VSARM/sdk/pico/pico-sdk/src/rp2_common/hardware_pio/pio.c.obj
                0x10007fe0                pio_add_program
 .text.pio_sm_set_consecutive_pindirs
                0x100080a8       0x84 CMakeFiles/CompressionRigFirmware.dir/C_/VSARM/sdk/pico/pico-sdk/src/rp2_common/hardware_pio/pio.c.obj
                0x100080a8                pio_sm_set_consecutive_pindirs
 .text.pio_sm_init
                0x1000812c       0x90 CMakeFiles/CompressionRigFirmware.dir/C_/VSARM/sdk/pico/pico-sdk/src/rp2_common/hardware_pio/pio.c.obj
                0x1000812c                pio_sm_init
 .text._calloc_r
                0x100081bc       0x9c c:/vsarm/armcc/102021~1.10/bin/../lib/gcc/arm-none-eabi/10.3.1/../../../../arm-none-eabi/lib/thumb/v6-m/nofp\libc.a(lib_a-callocr.o)
                0x100081bc                _calloc_r
 .text.__errno  0x10008258        0xc c:/vsarm/armcc/102021~1.10/bin/../lib/gcc/arm-none-eabi/10.3.1/../../../../arm-none-eabi/lib/thumb/v6-m/nofp\libc.a(lib_a-errno.o)
                0x10008258                __errno
 .text.malloc   0x10008264       0x14 c:/vsarm/armcc/102021~1.10/bin/../lib/gcc/arm-none-eabi/10.3.1/../../../../arm-none-eabi/lib/thumb/v6-m/nofp\libc.a(lib_a-malloc.o)
                0x10008264                malloc
 .text.free     0x10008278       0x14 c:/vsarm/armcc/102021~1.10/bin/../lib/gcc/arm-none-eabi/10.3.1/../../../../arm-none-eabi/lib/thumb/v6-m/nofp\libc.a(lib_a-malloc.o)
                0x10008278                free
 .text._malloc_r
                0x1000828c      0x584 c:/vsarm/armcc/102021~1.10/bin/../lib/gcc/arm-none-eabi/10.3.1/../../../../arm-none-eabi/lib/thumb/v6-m/nofp\libc.a(lib_a-mallocr.o)
                0x1000828c                _malloc_r
 .text.__malloc_lock
                0x10008810       0x10 c:/vsarm/armcc/102021~1.10/bin/../lib/gcc/arm-none-eabi/10.3.1/../../../../arm-none-eabi/lib/thumb/v6-m/nofp\libc.a(lib_a-mlock.o)
                0x10008810                __malloc_lock
 .text.__malloc_unlock
                0x10008820       0x10 c:/vsarm/armcc/102021~1.10/bin/../lib/gcc/arm-none-eabi/10.3.1/../../../../arm-none-eabi/lib/thumb/v6-m/nofp\libc.a(lib_a-mlock.o)
                0x10008820                __malloc_unlock
 .text._sbrk_r  0x10008830       0x24 c:/vsarm/armcc/102021~1.10/bin/../lib/gcc/arm-none-eabi/10.3.1/../../../../arm-none-eabi/lib/thumb/v6-m/nofp\libc.a(lib_a-sbrkr.o)
                0x10008830                _sbrk_r
 .text.sscanf   0x10008854       0x50 c:/vsarm/armcc/102021~1.10/bin/../lib/gcc/arm-none-eabi/10.3.1/../../../../arm-none-eabi/lib/thumb/v6-m/nofp\libc.a(lib_a-sscanf.o)
                0x10008854                sscanf
 .text.__seofread
                0x100088a4        0x4 c:/vsarm/armcc/102021~1.10/bin/../lib/gcc/arm-none-eabi/10.3.1/../../../../arm-none-eabi/lib/thumb/v6-m/nofp\libc.a(lib_a-stdio.o)
                0x100088a4                __seofread
 .text.strlen   0x100088a8       0x5c c:/vsarm/armcc/102021~1.10/bin/../lib/gcc/arm-none-eabi/10.3.1/../../../../arm-none-eabi/lib/thumb/v6-m/nofp\libc.a(lib_a-strlen-stub.o)
                0x100088a8                strlen
 .text.__ssvfscanf_r
                0x10008904     0x17a0 c:/vsarm/armcc/102021~1.10/bin/../lib/gcc/arm-none-eabi/10.3.1/../../../../arm-none-eabi/lib/thumb/v6-m/nofp\libc.a(lib_a-svfscanf.o)
                0x10008904                __ssvfscanf_r
 .text._malloc_trim_r
                0x1000a0a4       0x9c c:/vsarm/armcc/102021~1.10/bin/../lib/gcc/arm-none-eabi/10.3.1/../../../../arm-none-eabi/lib/thumb/v6-m/nofp\libc.a(lib_a-freer.o)
                0x1000a0a4                _malloc_trim_r
 .text._free_r  0x1000a140      0x1c4 c:/vsarm/armcc/102021~1.10/bin/../lib/gcc/arm-none-eabi/10.3.1/../../../../arm-none-eabi/lib/thumb/v6-m/nofp\libc.a(lib_a-freer.o)
                0x1000a140                _free_r
 .text.iswspace
                0x1000a304        0xc c:/vsarm/armcc/102021~1.10/bin/../lib/gcc/arm-none-eabi/10.3.1/../../../../arm-none-eabi/lib/thumb/v6-m/nofp\libc.a(lib_a-iswspace.o)
                0x1000a304                iswspace
 .text.iswspace_l
                0x1000a310       0x18 c:/vsarm/armcc/102021~1.10/bin/../lib/gcc/arm-none-eabi/10.3.1/../../../../arm-none-eabi/lib/thumb/v6-m/nofp\libc.a(lib_a-iswspace_l.o)
                0x1000a310                iswspace_l
 .text.__locale_mb_cur_max
                0x1000a328       0x10 c:/vsarm/armcc/102021~1.10/bin/../lib/gcc/arm-none-eabi/10.3.1/../../../../arm-none-eabi/lib/thumb/v6-m/nofp\libc.a(lib_a-locale.o)
                0x1000a328                __locale_mb_cur_max
 .text._localeconv_r
                0x1000a338        0x8 c:/vsarm/armcc/102021~1.10/bin/../lib/gcc/arm-none-eabi/10.3.1/../../../../arm-none-eabi/lib/thumb/v6-m/nofp\libc.a(lib_a-localeconv.o)
                0x1000a338                _localeconv_r
 .text.__retarget_lock_acquire_recursive
                0x1000a340        0x4 c:/vsarm/armcc/102021~1.10/bin/../lib/gcc/arm-none-eabi/10.3.1/../../../../arm-none-eabi/lib/thumb/v6-m/nofp\libc.a(lib_a-lock.o)
                0x1000a340                __retarget_lock_acquire_recursive
 .text.__retarget_lock_release_recursive
                0x1000a344        0x4 c:/vsarm/armcc/102021~1.10/bin/../lib/gcc/arm-none-eabi/10.3.1/../../../../arm-none-eabi/lib/thumb/v6-m/nofp\libc.a(lib_a-lock.o)
                0x1000a344                __retarget_lock_release_recursive
 .text._mbrtowc_r
                0x1000a348       0x4c c:/vsarm/armcc/102021~1.10/bin/../lib/gcc/arm-none-eabi/10.3.1/../../../../arm-none-eabi/lib/thumb/v6-m/nofp\libc.a(lib_a-mbrtowc.o)
                0x1000a348                _mbrtowc_r
 .text.__ascii_mbtowc
                0x1000a394       0x2c c:/vsarm/armcc/102021~1.10/bin/../lib/gcc/arm-none-eabi/10.3.1/../../../../arm-none-eabi/lib/thumb/v6-m/nofp\libc.a(lib_a-mbtowc_r.o)
                0x1000a394                __ascii_mbtowc
 .text.realloc  0x1000a3c0       0x18 c:/vsarm/armcc/102021~1.10/bin/../lib/gcc/arm-none-eabi/10.3.1/../../../../arm-none-eabi/lib/thumb/v6-m/nofp\libc.a(lib_a-realloc.o)
                0x1000a3c0                realloc
 .text._realloc_r
                0x1000a3d8      0x354 c:/vsarm/armcc/102021~1.10/bin/../lib/gcc/arm-none-eabi/10.3.1/../../../../arm-none-eabi/lib/thumb/v6-m/nofp\libc.a(lib_a-reallocr.o)
                0x1000a3d8                _realloc_r
 .text.__sccl   0x1000a72c       0x80 c:/vsarm/armcc/102021~1.10/bin/../lib/gcc/arm-none-eabi/10.3.1/../../../../arm-none-eabi/lib/thumb/v6-m/nofp\libc.a(lib_a-sccl.o)
                0x1000a72c                __sccl
 .text.nanf     0x1000a7ac        0x8 c:/vsarm/armcc/102021~1.10/bin/../lib/gcc/arm-none-eabi/10.3.1/../../../../arm-none-eabi/lib/thumb/v6-m/nofp\libc.a(lib_a-sf_nan.o)
                0x1000a7ac                nanf
 .text._strtod_l
                0x1000a7b4      0xf78 c:/vsarm/armcc/102021~1.10/bin/../lib/gcc/arm-none-eabi/10.3.1/../../../../arm-none-eabi/lib/thumb/v6-m/nofp\libc.a(lib_a-strtod.o)
                0x1000a7b4                _strtod_l
 .text._strtod_r
                0x1000b72c       0x10 c:/vsarm/armcc/102021~1.10/bin/../lib/gcc/arm-none-eabi/10.3.1/../../../../arm-none-eabi/lib/thumb/v6-m/nofp\libc.a(lib_a-strtod.o)
                0x1000b72c                _strtod_r
 .text._strtol_l.part.0
                0x1000b73c      0x144 c:/vsarm/armcc/102021~1.10/bin/../lib/gcc/arm-none-eabi/10.3.1/../../../../arm-none-eabi/lib/thumb/v6-m/nofp\libc.a(lib_a-strtol.o)
 .text._strtol_r
                0x1000b880       0x1c c:/vsarm/armcc/102021~1.10/bin/../lib/gcc/arm-none-eabi/10.3.1/../../../../arm-none-eabi/lib/thumb/v6-m/nofp\libc.a(lib_a-strtol.o)
                0x1000b880                _strtol_r
 .text._strtoll_l.constprop.0
                0x1000b89c      0x198 c:/vsarm/armcc/102021~1.10/bin/../lib/gcc/arm-none-eabi/10.3.1/../../../../arm-none-eabi/lib/thumb/v6-m/nofp\libc.a(lib_a-strtoll.o)
 .text._strtoll_r
                0x1000ba34        0x8 c:/vsarm/armcc/102021~1.10/bin/../lib/gcc/arm-none-eabi/10.3.1/../../../../arm-none-eabi/lib/thumb/v6-m/nofp\libc.a(lib_a-strtoll.o)
                0x1000ba34                _strtoll_r
 .text._strtoul_l.constprop.0
                0x1000ba3c      0x148 c:/vsarm/armcc/102021~1.10/bin/../lib/gcc/arm-none-eabi/10.3.1/../../../../arm-none-eabi/lib/thumb/v6-m/nofp\libc.a(lib_a-strtoul.o)
 .text._strtoul_r
                0x1000bb84        0x8 c:/vsarm/armcc/102021~1.10/bin/../lib/gcc/arm-none-eabi/10.3.1/../../../../arm-none-eabi/lib/thumb/v6-m/nofp\libc.a(lib_a-strtoul.o)
                0x1000bb84                _strtoul_r
 .text._strtoull_l.constprop.0
                0x1000bb8c      0x1bc c:/vsarm/armcc/102021~1.10/bin/../lib/gcc/arm-none-eabi/10.3.1/../../../../arm-none-eabi/lib/thumb/v6-m/nofp\libc.a(lib_a-strtoull.o)
 .text._strtoull_r
                0x1000bd48        0x8 c:/vsarm/armcc/102021~1.10/bin/../lib/gcc/arm-none-eabi/10.3.1/../../../../arm-none-eabi/lib/thumb/v6-m/nofp\libc.a(lib_a-strtoull.o)
                0x1000bd48                _strtoull_r
 .text._sungetc_r
                0x1000bd50       0x84 c:/vsarm/armcc/102021~1.10/bin/../lib/gcc/arm-none-eabi/10.3.1/../../../../arm-none-eabi/lib/thumb/v6-m/nofp\libc.a(lib_a-svfiscanf.o)
                0x1000bd50                _sungetc_r
 .text.__ssrefill_r
                0x1000bdd4       0x40 c:/vsarm/armcc/102021~1.10/bin/../lib/gcc/arm-none-eabi/10.3.1/../../../../arm-none-eabi/lib/thumb/v6-m/nofp\libc.a(lib_a-svfiscanf.o)
                0x1000bdd4                __ssrefill_r
 .text._sfread_r
                0x1000be14       0xc4 c:/vsarm/armcc/102021~1.10/bin/../lib/gcc/arm-none-eabi/10.3.1/../../../../arm-none-eabi/lib/thumb/v6-m/nofp\libc.a(lib_a-svfiscanf.o)
                0x1000be14                _sfread_r
 .text.__submore
                0x1000bed8       0x84 c:/vsarm/armcc/102021~1.10/bin/../lib/gcc/arm-none-eabi/10.3.1/../../../../arm-none-eabi/lib/thumb/v6-m/nofp\libc.a(lib_a-ungetc.o)
                0x1000bed8                __submore
 .text.__ascii_wctomb
                0x1000bf5c       0x1c c:/vsarm/armcc/102021~1.10/bin/../lib/gcc/arm-none-eabi/10.3.1/../../../../arm-none-eabi/lib/thumb/v6-m/nofp\libc.a(lib_a-wctomb_r.o)
                0x1000bf5c                __ascii_wctomb
 .text.rshift   0x1000bf78       0xa4 c:/vsarm/armcc/102021~1.10/bin/../lib/gcc/arm-none-eabi/10.3.1/../../../../arm-none-eabi/lib/thumb/v6-m/nofp\libc.a(lib_a-gdtoa-gethex.o)
 .text.__gethex
                0x1000c01c      0x5cc c:/vsarm/armcc/102021~1.10/bin/../lib/gcc/arm-none-eabi/10.3.1/../../../../arm-none-eabi/lib/thumb/v6-m/nofp\libc.a(lib_a-gdtoa-gethex.o)
                0x1000c01c                __gethex
 .text.__match  0x1000c5e8       0x2c c:/vsarm/armcc/102021~1.10/bin/../lib/gcc/arm-none-eabi/10.3.1/../../../../arm-none-eabi/lib/thumb/v6-m/nofp\libc.a(lib_a-gdtoa-hexnan.o)
                0x1000c5e8                __match
 .text.__hexnan
                0x1000c614      0x1d0 c:/vsarm/armcc/102021~1.10/bin/../lib/gcc/arm-none-eabi/10.3.1/../../../../arm-none-eabi/lib/thumb/v6-m/nofp\libc.a(lib_a-gdtoa-hexnan.o)
                0x1000c614                __hexnan
 .text._Balloc  0x1000c7e4       0x50 c:/vsarm/armcc/102021~1.10/bin/../lib/gcc/arm-none-eabi/10.3.1/../../../../arm-none-eabi/lib/thumb/v6-m/nofp\libc.a(lib_a-mprec.o)
                0x1000c7e4                _Balloc
 .text._Bfree   0x1000c834       0x14 c:/vsarm/armcc/102021~1.10/bin/../lib/gcc/arm-none-eabi/10.3.1/../../../../arm-none-eabi/lib/thumb/v6-m/nofp\libc.a(lib_a-mprec.o)
                0x1000c834                _Bfree
 .text.__multadd
                0x1000c848       0xa8 c:/vsarm/armcc/102021~1.10/bin/../lib/gcc/arm-none-eabi/10.3.1/../../../../arm-none-eabi/lib/thumb/v6-m/nofp\libc.a(lib_a-mprec.o)
                0x1000c848                __multadd
 .text.__s2b    0x1000c8f0       0xb0 c:/vsarm/armcc/102021~1.10/bin/../lib/gcc/arm-none-eabi/10.3.1/../../../../arm-none-eabi/lib/thumb/v6-m/nofp\libc.a(lib_a-mprec.o)
                0x1000c8f0                __s2b
 .text.__hi0bits
                0x1000c9a0       0x38 c:/vsarm/armcc/102021~1.10/bin/../lib/gcc/arm-none-eabi/10.3.1/../../../../arm-none-eabi/lib/thumb/v6-m/nofp\libc.a(lib_a-mprec.o)
                0x1000c9a0                __hi0bits
 .text.__lo0bits
                0x1000c9d8       0x5c c:/vsarm/armcc/102021~1.10/bin/../lib/gcc/arm-none-eabi/10.3.1/../../../../arm-none-eabi/lib/thumb/v6-m/nofp\libc.a(lib_a-mprec.o)
                0x1000c9d8                __lo0bits
 .text.__i2b    0x1000ca34       0x60 c:/vsarm/armcc/102021~1.10/bin/../lib/gcc/arm-none-eabi/10.3.1/../../../../arm-none-eabi/lib/thumb/v6-m/nofp\libc.a(lib_a-mprec.o)
                0x1000ca34                __i2b
 .text.__multiply
                0x1000ca94      0x1a4 c:/vsarm/armcc/102021~1.10/bin/../lib/gcc/arm-none-eabi/10.3.1/../../../../arm-none-eabi/lib/thumb/v6-m/nofp\libc.a(lib_a-mprec.o)
                0x1000ca94                __multiply
 .text.__pow5mult
                0x1000cc38       0xd8 c:/vsarm/armcc/102021~1.10/bin/../lib/gcc/arm-none-eabi/10.3.1/../../../../arm-none-eabi/lib/thumb/v6-m/nofp\libc.a(lib_a-mprec.o)
                0x1000cc38                __pow5mult
 .text.__lshift
                0x1000cd10       0xfc c:/vsarm/armcc/102021~1.10/bin/../lib/gcc/arm-none-eabi/10.3.1/../../../../arm-none-eabi/lib/thumb/v6-m/nofp\libc.a(lib_a-mprec.o)
                0x1000cd10                __lshift
 .text.__mcmp   0x1000ce0c       0x34 c:/vsarm/armcc/102021~1.10/bin/../lib/gcc/arm-none-eabi/10.3.1/../../../../arm-none-eabi/lib/thumb/v6-m/nofp\libc.a(lib_a-mprec.o)
                0x1000ce0c                __mcmp
 .text.__mdiff  0x1000ce40      0x18c c:/vsarm/armcc/102021~1.10/bin/../lib/gcc/arm-none-eabi/10.3.1/../../../../arm-none-eabi/lib/thumb/v6-m/nofp\libc.a(lib_a-mprec.o)
                0x1000ce40                __mdiff
 .text.__ulp    0x1000cfcc       0x48 c:/vsarm/armcc/102021~1.10/bin/../lib/gcc/arm-none-eabi/10.3.1/../../../../arm-none-eabi/lib/thumb/v6-m/nofp\libc.a(lib_a-mprec.o)
                0x1000cfcc                __ulp
 .text.__b2d    0x1000d014       0xc8 c:/vsarm/armcc/102021~1.10/bin/../lib/gcc/arm-none-eabi/10.3.1/../../../../arm-none-eabi/lib/thumb/v6-m/nofp\libc.a(lib_a-mprec.o)
                0x1000d014                __b2d
 .text.__d2b    0x1000d0dc       0xd8 c:/vsarm/armcc/102021~1.10/bin/../lib/gcc/arm-none-eabi/10.3.1/../../../../arm-none-eabi/lib/thumb/v6-m/nofp\libc.a(lib_a-mprec.o)
                0x1000d0dc                __d2b
 .text.__ratio  0x1000d1b4       0x68 c:/vsarm/armcc/102021~1.10/bin/../lib/gcc/arm-none-eabi/10.3.1/../../../../arm-none-eabi/lib/thumb/v6-m/nofp\libc.a(lib_a-mprec.o)
                0x1000d1b4                __ratio
 .text.__copybits
                0x1000d21c       0x40 c:/vsarm/armcc/102021~1.10/bin/../lib/gcc/arm-none-eabi/10.3.1/../../../../arm-none-eabi/lib/thumb/v6-m/nofp\libc.a(lib_a-mprec.o)
                0x1000d21c                __copybits
 .text.__any_on
                0x1000d25c       0x50 c:/vsarm/armcc/102021~1.10/bin/../lib/gcc/arm-none-eabi/10.3.1/../../../../arm-none-eabi/lib/thumb/v6-m/nofp\libc.a(lib_a-mprec.o)
                0x1000d25c                __any_on
 .text.nan      0x1000d2ac        0xc c:/vsarm/armcc/102021~1.10/bin/../lib/gcc/arm-none-eabi/10.3.1/../../../../arm-none-eabi/lib/thumb/v6-m/nofp\libc.a(lib_a-s_nan.o)
                0x1000d2ac                nan
 .text.strncmp  0x1000d2b8       0x74 c:/vsarm/armcc/102021~1.10/bin/../lib/gcc/arm-none-eabi/10.3.1/../../../../arm-none-eabi/lib/thumb/v6-m/nofp\libc.a(lib_a-strncmp.o)
                0x1000d2b8                strncmp
 *(.fini)
 .fini          0x1000d32c        0x4 c:/vsarm/armcc/102021~1.10/bin/../lib/gcc/arm-none-eabi/10.3.1/thumb/v6-m/nofp/crti.o
                0x1000d32c                _fini
 .fini.__stub   0x1000d330       0x80 linker stubs
 *crtbegin.o(.ctors)
 *crtbegin?.o(.ctors)
 *(EXCLUDE_FILE(*crtend.o *crtend?.o) .ctors)
 *(SORT_BY_NAME(.ctors.*))
 *(.ctors)
 *crtbegin.o(.dtors)
 *crtbegin?.o(.dtors)
 *(EXCLUDE_FILE(*crtend.o *crtend?.o) .dtors)
 *(SORT_BY_NAME(.dtors.*))
 *(.dtors)
 *(.eh_frame*)
 .eh_frame      0x1000d3b0        0x0 c:/vsarm/armcc/102021~1.10/bin/../lib/gcc/arm-none-eabi/10.3.1/thumb/v6-m/nofp/crtbegin.o
                0x1000d3b0                . = ALIGN (0x4)

.glue_7         0x1000d3b0        0x0
 .glue_7        0x1000d3b0        0x0 linker stubs

.glue_7t        0x1000d3b0        0x0
 .glue_7t       0x1000d3b0        0x0 linker stubs

.vfp11_veneer   0x1000d3b0        0x0
 .vfp11_veneer  0x1000d3b0        0x0 linker stubs

.v4_bx          0x1000d3b0        0x0
 .v4_bx         0x1000d3b0        0x0 linker stubs

.iplt           0x1000d3b0        0x0
 .iplt          0x1000d3b0        0x0 c:/vsarm/armcc/102021~1.10/bin/../lib/gcc/arm-none-eabi/10.3.1/thumb/v6-m/nofp/crtbegin.o

.rodata         0x1000d3b0      0xfec
 *(EXCLUDE_FILE(*libm.a: *libc.a:*lib_a-mem*.o *libgcc.a:) .rodata*)
 .rodata.on_uart1_rx.str1.4
                0x1000d3b0        0x3 CMakeFiles/CompressionRigFirmware.dir/main.c.obj
 *fill*         0x1000d3b3        0x1 
 .rodata.get_command.str1.4
                0x1000d3b4        0x9 CMakeFiles/CompressionRigFirmware.dir/main.c.obj
 *fill*         0x1000d3bd        0x3 
 .rodata.get_command
                0x1000d3c0       0x50 CMakeFiles/CompressionRigFirmware.dir/main.c.obj
 .rodata.state_machine.str1.4
                0x1000d410       0x51 CMakeFiles/CompressionRigFirmware.dir/main.c.obj
 *fill*         0x1000d461        0x3 
 .rodata.state_machine
                0x1000d464       0x24 CMakeFiles/CompressionRigFirmware.dir/main.c.obj
 .rodata.quadrature_encoder_program
                0x1000d488        0x6 CMakeFiles/CompressionRigFirmware.dir/main.c.obj
 *fill*         0x1000d48e        0x2 
 .rodata.quadrature_encoder_program_instructions
                0x1000d490       0x3a CMakeFiles/CompressionRigFirmware.dir/main.c.obj
 *fill*         0x1000d4ca        0x2 
 .rodata.spin_lock_claim_unused.str1.4
                0x1000d4cc       0x1b CMakeFiles/CompressionRigFirmware.dir/C_/VSARM/sdk/pico/pico-sdk/src/rp2_common/hardware_sync/sync.c.obj
 *fill*         0x1000d4e7        0x1 
 .rodata.at_the_end_of_time
                0x1000d4e8        0x8 CMakeFiles/CompressionRigFirmware.dir/C_/VSARM/sdk/pico/pico-sdk/src/common/pico_time/time.c.obj
                0x1000d4e8                at_the_end_of_time
 .rodata.hardware_alarm_claim.str1.4
                0x1000d4f0       0x22 CMakeFiles/CompressionRigFirmware.dir/C_/VSARM/sdk/pico/pico-sdk/src/rp2_common/hardware_timer/timer.c.obj
 *fill*         0x1000d512        0x2 
 .rodata.__assert_func.str1.4
                0x1000d514       0x3f CMakeFiles/CompressionRigFirmware.dir/C_/VSARM/sdk/pico/pico-sdk/src/rp2_common/pico_runtime/runtime.c.obj
                                 0x43 (size before relaxing)
 *fill*         0x1000d553        0x1 
 .rodata.panic.str1.4
                0x1000d554       0x10 CMakeFiles/CompressionRigFirmware.dir/C_/VSARM/sdk/pico/pico-sdk/src/rp2_common/pico_runtime/runtime.c.obj
                                 0x12 (size before relaxing)
 .rodata.hard_assertion_failure.str1.4
                0x1000d564        0xc CMakeFiles/CompressionRigFirmware.dir/C_/VSARM/sdk/pico/pico-sdk/src/rp2_common/pico_runtime/runtime.c.obj
 .rodata._ftoa.str1.4
                0x1000d570       0x15 CMakeFiles/CompressionRigFirmware.dir/C_/VSARM/sdk/pico/pico-sdk/src/rp2_common/pico_printf/printf.c.obj
 *fill*         0x1000d585        0x3 
 .rodata._vsnprintf
                0x1000d588      0x1e0 CMakeFiles/CompressionRigFirmware.dir/C_/VSARM/sdk/pico/pico-sdk/src/rp2_common/pico_printf/printf.c.obj
 .rodata.pow10.0
                0x1000d768       0x50 CMakeFiles/CompressionRigFirmware.dir/C_/VSARM/sdk/pico/pico-sdk/src/rp2_common/pico_printf/printf.c.obj
 .rodata.__wrap_malloc.str1.4
                0x1000d7b8        0xe CMakeFiles/CompressionRigFirmware.dir/C_/VSARM/sdk/pico/pico-sdk/src/rp2_common/pico_malloc/pico_malloc.c.obj
 *fill*         0x1000d7c6        0x2 
 .rodata.str1.4
                0x1000d7c8       0x4c CMakeFiles/CompressionRigFirmware.dir/C_/VSARM/sdk/pico/pico-sdk/src/rp2_common/pico_standard_link/binary_info.c.obj
 .rodata.__bi_44
                0x1000d814        0xc CMakeFiles/CompressionRigFirmware.dir/C_/VSARM/sdk/pico/pico-sdk/src/rp2_common/pico_standard_link/binary_info.c.obj
 .rodata.__bi_75
                0x1000d820        0xc CMakeFiles/CompressionRigFirmware.dir/C_/VSARM/sdk/pico/pico-sdk/src/rp2_common/pico_standard_link/binary_info.c.obj
 .rodata.__bi_81
                0x1000d82c        0xc CMakeFiles/CompressionRigFirmware.dir/C_/VSARM/sdk/pico/pico-sdk/src/rp2_common/pico_standard_link/binary_info.c.obj
 .rodata.crlf_str.0
                0x1000d838        0x2 CMakeFiles/CompressionRigFirmware.dir/C_/VSARM/sdk/pico/pico-sdk/src/rp2_common/pico_stdio/stdio.c.obj
 *fill*         0x1000d83a        0x2 
 .rodata._resetd_driver
                0x1000d83c       0x18 CMakeFiles/CompressionRigFirmware.dir/C_/VSARM/sdk/pico/pico-sdk/src/rp2_common/pico_stdio_usb/reset_interface.c.obj
 .rodata.str1.4
                0x1000d854       0x13 CMakeFiles/CompressionRigFirmware.dir/C_/VSARM/sdk/pico/pico-sdk/src/rp2_common/pico_stdio_usb/stdio_usb.c.obj
 *fill*         0x1000d867        0x1 
 .rodata.__bi_93.0
                0x1000d868        0xc CMakeFiles/CompressionRigFirmware.dir/C_/VSARM/sdk/pico/pico-sdk/src/rp2_common/pico_stdio_usb/stdio_usb.c.obj
 .rodata.str1.4
                0x1000d874       0x2a CMakeFiles/CompressionRigFirmware.dir/C_/VSARM/sdk/pico/pico-sdk/src/rp2_common/pico_stdio_usb/stdio_usb_descriptors.c.obj
 *fill*         0x1000d89e        0x2 
 .rodata.usbd_desc_cfg
                0x1000d8a0       0x54 CMakeFiles/CompressionRigFirmware.dir/C_/VSARM/sdk/pico/pico-sdk/src/rp2_common/pico_stdio_usb/stdio_usb_descriptors.c.obj
 .rodata.usbd_desc_device
                0x1000d8f4       0x12 CMakeFiles/CompressionRigFirmware.dir/C_/VSARM/sdk/pico/pico-sdk/src/rp2_common/pico_stdio_usb/stdio_usb_descriptors.c.obj
 *fill*         0x1000d906        0x2 
 .rodata.usbd_desc_str
                0x1000d908       0x18 CMakeFiles/CompressionRigFirmware.dir/C_/VSARM/sdk/pico/pico-sdk/src/rp2_common/pico_stdio_usb/stdio_usb_descriptors.c.obj
 .rodata.dcd_rp2040_irq.str1.4
                0x1000d920       0x14 CMakeFiles/CompressionRigFirmware.dir/C_/VSARM/sdk/pico/pico-sdk/lib/tinyusb/src/portable/raspberrypi/rp2040/dcd_rp2040.c.obj
 .rodata._hw_endpoint_buffer_control_update32.part.0.isra.0.str1.4
                0x1000d934       0x1f CMakeFiles/CompressionRigFirmware.dir/C_/VSARM/sdk/pico/pico-sdk/lib/tinyusb/src/portable/raspberrypi/rp2040/rp2040_usb.c.obj
 *fill*         0x1000d953        0x1 
 .rodata.hw_endpoint_xfer_continue.str1.4
                0x1000d954       0x29 CMakeFiles/CompressionRigFirmware.dir/C_/VSARM/sdk/pico/pico-sdk/lib/tinyusb/src/portable/raspberrypi/rp2040/rp2040_usb.c.obj
 *fill*         0x1000d97d        0x3 
 .rodata.str1.4
                0x1000d980        0x7 CMakeFiles/CompressionRigFirmware.dir/C_/VSARM/sdk/pico/pico-sdk/lib/tinyusb/src/portable/raspberrypi/rp2040/rp2040_usb.c.obj
 *fill*         0x1000d987        0x1 
 .rodata.tud_task
                0x1000d988       0x8c CMakeFiles/CompressionRigFirmware.dir/C_/VSARM/sdk/pico/pico-sdk/lib/tinyusb/src/device/usbd.c.obj
 .rodata._usbd_driver
                0x1000da14       0x18 CMakeFiles/CompressionRigFirmware.dir/C_/VSARM/sdk/pico/pico-sdk/lib/tinyusb/src/device/usbd.c.obj
 .rodata.pio_add_program.str1.4
                0x1000da2c       0x11 CMakeFiles/CompressionRigFirmware.dir/C_/VSARM/sdk/pico/pico-sdk/src/rp2_common/hardware_pio/pio.c.obj
 *fill*         0x1000da3d        0x3 
 .rodata.__ssvfscanf_r.str1.4
                0x1000da40        0x5 c:/vsarm/armcc/102021~1.10/bin/../lib/gcc/arm-none-eabi/10.3.1/../../../../arm-none-eabi/lib/thumb/v6-m/nofp\libc.a(lib_a-svfscanf.o)
                                  0x9 (size before relaxing)
 *fill*         0x1000da45        0x3 
 .rodata.__ssvfscanf_r
                0x1000da48      0x3cc c:/vsarm/armcc/102021~1.10/bin/../lib/gcc/arm-none-eabi/10.3.1/../../../../arm-none-eabi/lib/thumb/v6-m/nofp\libc.a(lib_a-svfscanf.o)
 .rodata.basefix.0
                0x1000de14       0x22 c:/vsarm/armcc/102021~1.10/bin/../lib/gcc/arm-none-eabi/10.3.1/../../../../arm-none-eabi/lib/thumb/v6-m/nofp\libc.a(lib_a-svfscanf.o)
 *fill*         0x1000de36        0x2 
 .rodata._ctype_
                0x1000de38      0x101 c:/vsarm/armcc/102021~1.10/bin/../lib/gcc/arm-none-eabi/10.3.1/../../../../arm-none-eabi/lib/thumb/v6-m/nofp\libc.a(lib_a-ctype_.o)
                0x1000de38                _ctype_
 *fill*         0x1000df39        0x3 
 .rodata._setlocale_r.str1.4
                0x1000df3c        0x6 c:/vsarm/armcc/102021~1.10/bin/../lib/gcc/arm-none-eabi/10.3.1/../../../../arm-none-eabi/lib/thumb/v6-m/nofp\libc.a(lib_a-locale.o)
                                  0xd (size before relaxing)
 *fill*         0x1000df42        0x2 
 .rodata.str1.4
                0x1000df44        0x2 c:/vsarm/armcc/102021~1.10/bin/../lib/gcc/arm-none-eabi/10.3.1/../../../../arm-none-eabi/lib/thumb/v6-m/nofp\libc.a(lib_a-locale.o)
 .rodata._mbrtowc_r.str1.4
                0x1000df46        0x1 c:/vsarm/armcc/102021~1.10/bin/../lib/gcc/arm-none-eabi/10.3.1/../../../../arm-none-eabi/lib/thumb/v6-m/nofp\libc.a(lib_a-mbrtowc.o)
 *fill*         0x1000df46        0x2 
 .rodata._strtod_l.str1.4
                0x1000df48        0xf c:/vsarm/armcc/102021~1.10/bin/../lib/gcc/arm-none-eabi/10.3.1/../../../../arm-none-eabi/lib/thumb/v6-m/nofp\libc.a(lib_a-strtod.o)
                                 0x11 (size before relaxing)
 *fill*         0x1000df57        0x1 
 .rodata._strtod_l
                0x1000df58       0xd0 c:/vsarm/armcc/102021~1.10/bin/../lib/gcc/arm-none-eabi/10.3.1/../../../../arm-none-eabi/lib/thumb/v6-m/nofp\libc.a(lib_a-strtod.o)
 .rodata.fpi.1  0x1000e028       0x14 c:/vsarm/armcc/102021~1.10/bin/../lib/gcc/arm-none-eabi/10.3.1/../../../../arm-none-eabi/lib/thumb/v6-m/nofp\libc.a(lib_a-strtod.o)
 .rodata.fpinan.0
                0x1000e03c       0x14 c:/vsarm/armcc/102021~1.10/bin/../lib/gcc/arm-none-eabi/10.3.1/../../../../arm-none-eabi/lib/thumb/v6-m/nofp\libc.a(lib_a-strtod.o)
 .rodata.tinytens
                0x1000e050       0x28 c:/vsarm/armcc/102021~1.10/bin/../lib/gcc/arm-none-eabi/10.3.1/../../../../arm-none-eabi/lib/thumb/v6-m/nofp\libc.a(lib_a-strtod.o)
 .rodata.__gethex.str1.4
                0x1000e078       0x9a c:/vsarm/armcc/102021~1.10/bin/../lib/gcc/arm-none-eabi/10.3.1/../../../../arm-none-eabi/lib/thumb/v6-m/nofp\libc.a(lib_a-gdtoa-gethex.o)
 *fill*         0x1000e112        0x2 
 .rodata.__hexdig
                0x1000e114      0x100 c:/vsarm/armcc/102021~1.10/bin/../lib/gcc/arm-none-eabi/10.3.1/../../../../arm-none-eabi/lib/thumb/v6-m/nofp\libc.a(lib_a-gdtoa-gethex.o)
                0x1000e114                __hexdig
 .rodata.str1.4
                0x1000e214        0x5 c:/vsarm/armcc/102021~1.10/bin/../lib/gcc/arm-none-eabi/10.3.1/../../../../arm-none-eabi/lib/thumb/v6-m/nofp\libc.a(lib_a-lnumeric.o)
 .rodata._C_numeric_locale
                0x1000e214        0xc c:/vsarm/armcc/102021~1.10/bin/../lib/gcc/arm-none-eabi/10.3.1/../../../../arm-none-eabi/lib/thumb/v6-m/nofp\libc.a(lib_a-lnumeric.o)
                0x1000e214                _C_numeric_locale
 .rodata.__multadd.str1.4
                0x1000e220       0x7f c:/vsarm/armcc/102021~1.10/bin/../lib/gcc/arm-none-eabi/10.3.1/../../../../arm-none-eabi/lib/thumb/v6-m/nofp\libc.a(lib_a-mprec.o)
                                 0x93 (size before relaxing)
 *fill*         0x1000e29f        0x1 
 .rodata.__mprec_bigtens
                0x1000e2a0       0x28 c:/vsarm/armcc/102021~1.10/bin/../lib/gcc/arm-none-eabi/10.3.1/../../../../arm-none-eabi/lib/thumb/v6-m/nofp\libc.a(lib_a-mprec.o)
                0x1000e2a0                __mprec_bigtens
 .rodata.__mprec_tens
                0x1000e2c8       0xc8 c:/vsarm/armcc/102021~1.10/bin/../lib/gcc/arm-none-eabi/10.3.1/../../../../arm-none-eabi/lib/thumb/v6-m/nofp\libc.a(lib_a-mprec.o)
                0x1000e2c8                __mprec_tens
 .rodata.p05.0  0x1000e390        0xc c:/vsarm/armcc/102021~1.10/bin/../lib/gcc/arm-none-eabi/10.3.1/../../../../arm-none-eabi/lib/thumb/v6-m/nofp\libc.a(lib_a-mprec.o)
                0x1000e39c                . = ALIGN (0x4)
 *(SORT_BY_ALIGNMENT(SORT_BY_NAME(.flashdata*)))
                0x1000e39c                . = ALIGN (0x4)

.rel.dyn        0x1000e39c        0x0
 .rel.iplt      0x1000e39c        0x0 c:/vsarm/armcc/102021~1.10/bin/../lib/gcc/arm-none-eabi/10.3.1/thumb/v6-m/nofp/crtbegin.o

.ARM.extab
 *(.ARM.extab* .gnu.linkonce.armextab.*)
                0x1000e39c                __exidx_start = .

.ARM.exidx
 *(.ARM.exidx* .gnu.linkonce.armexidx.*)
                0x1000e39c                __exidx_end = .
                0x1000e39c                . = ALIGN (0x4)
                0x1000e39c                __binary_info_start = .

.binary_info    0x1000e39c       0x20
 *(.binary_info.keep.*)
 .binary_info.keep.__bi_ptr22
                0x1000e39c        0x4 CMakeFiles/CompressionRigFirmware.dir/C_/VSARM/sdk/pico/pico-sdk/src/rp2_common/pico_standard_link/binary_info.c.obj
 .binary_info.keep.__bi_ptr30
                0x1000e3a0        0x4 CMakeFiles/CompressionRigFirmware.dir/C_/VSARM/sdk/pico/pico-sdk/src/rp2_common/pico_standard_link/binary_info.c.obj
 .binary_info.keep.__bi_ptr38
                0x1000e3a4        0x4 CMakeFiles/CompressionRigFirmware.dir/C_/VSARM/sdk/pico/pico-sdk/src/rp2_common/pico_standard_link/binary_info.c.obj
 .binary_info.keep.__bi_ptr44
                0x1000e3a8        0x4 CMakeFiles/CompressionRigFirmware.dir/C_/VSARM/sdk/pico/pico-sdk/src/rp2_common/pico_standard_link/binary_info.c.obj
 .binary_info.keep.__bi_ptr50
                0x1000e3ac        0x4 CMakeFiles/CompressionRigFirmware.dir/C_/VSARM/sdk/pico/pico-sdk/src/rp2_common/pico_standard_link/binary_info.c.obj
 .binary_info.keep.__bi_ptr75
                0x1000e3b0        0x4 CMakeFiles/CompressionRigFirmware.dir/C_/VSARM/sdk/pico/pico-sdk/src/rp2_common/pico_standard_link/binary_info.c.obj
 .binary_info.keep.__bi_ptr81
                0x1000e3b4        0x4 CMakeFiles/CompressionRigFirmware.dir/C_/VSARM/sdk/pico/pico-sdk/src/rp2_common/pico_standard_link/binary_info.c.obj
 *(.binary_info.*)
 .binary_info.__bi_ptr93
                0x1000e3b8        0x4 CMakeFiles/CompressionRigFirmware.dir/C_/VSARM/sdk/pico/pico-sdk/src/rp2_common/pico_stdio_usb/stdio_usb.c.obj
                0x1000e3bc                __binary_info_end = .
                0x1000e3bc                . = ALIGN (0x4)
                0x1000e3bc                __etext = .

.ram_vector_table
                0x20000000       0xc0
 *(.ram_vector_table)
 .ram_vector_table
                0x20000000       0xc0 CMakeFiles/CompressionRigFirmware.dir/C_/VSARM/sdk/pico/pico-sdk/src/rp2_common/pico_runtime/runtime.c.obj
                0x20000000                ram_vector_table

.data           0x200000c0      0xe28 load address 0x1000e3bc
                0x200000c0                __data_start__ = .
 *(vtable)
 *(.time_critical*)
 .time_critical.mutex_enter_blocking
                0x200000c0       0x48 CMakeFiles/CompressionRigFirmware.dir/C_/VSARM/sdk/pico/pico-sdk/src/common/pico_sync/mutex.c.obj
                0x200000c0                mutex_enter_blocking
 .time_critical.mutex_try_enter
                0x20000108       0x44 CMakeFiles/CompressionRigFirmware.dir/C_/VSARM/sdk/pico/pico-sdk/src/common/pico_sync/mutex.c.obj
                0x20000108                mutex_try_enter
 .time_critical.mutex_enter_timeout_ms
                0x2000014c       0xa0 CMakeFiles/CompressionRigFirmware.dir/C_/VSARM/sdk/pico/pico-sdk/src/common/pico_sync/mutex.c.obj
                0x2000014c                mutex_enter_timeout_ms
 .time_critical.mutex_exit
                0x200001ec       0x28 CMakeFiles/CompressionRigFirmware.dir/C_/VSARM/sdk/pico/pico-sdk/src/common/pico_sync/mutex.c.obj
                0x200001ec                mutex_exit
 .time_critical.flash_init_boot2_copyout
                0x20000214       0x30 CMakeFiles/CompressionRigFirmware.dir/C_/VSARM/sdk/pico/pico-sdk/src/rp2_common/hardware_flash/flash.c.obj
 .time_critical.flash_enable_xip_via_boot2
                0x20000244       0x10 CMakeFiles/CompressionRigFirmware.dir/C_/VSARM/sdk/pico/pico-sdk/src/rp2_common/hardware_flash/flash.c.obj
 .time_critical.flash_cs_force
                0x20000254       0x38 CMakeFiles/CompressionRigFirmware.dir/C_/VSARM/sdk/pico/pico-sdk/src/rp2_common/hardware_flash/flash.c.obj
 .time_critical.flash_do_cmd
                0x2000028c       0xc4 CMakeFiles/CompressionRigFirmware.dir/C_/VSARM/sdk/pico/pico-sdk/src/rp2_common/hardware_flash/flash.c.obj
                0x2000028c                flash_do_cmd
 *(.text*)
 .text          0x20000350        0x4 c:/vsarm/armcc/102021~1.10/bin/../lib/gcc/arm-none-eabi/10.3.1/thumb/v6-m/nofp\libgcc.a(_dvmd_tls.o)
                0x20000350                __aeabi_idiv0
                0x20000350                __aeabi_ldiv0
 .text.memmove  0x20000354       0xac c:/vsarm/armcc/102021~1.10/bin/../lib/gcc/arm-none-eabi/10.3.1/../../../../arm-none-eabi/lib/thumb/v6-m/nofp\libc.a(lib_a-memmove.o)
                0x20000354                memmove
 .text.memmove.__stub
                0x20000400       0x30 linker stubs
                0x20000430                . = ALIGN (0x4)
 *(.rodata*)
                0x20000430                . = ALIGN (0x4)
 *(.data*)
 .data.striped_spin_lock_num
                0x20000430        0x1 CMakeFiles/CompressionRigFirmware.dir/C_/VSARM/sdk/pico/pico-sdk/src/rp2_common/hardware_sync/sync.c.obj
 *fill*         0x20000431        0x3 
 .data.default_alarm_pool
                0x20000434       0x18 CMakeFiles/CompressionRigFirmware.dir/C_/VSARM/sdk/pico/pico-sdk/src/common/pico_time/time.c.obj
 .data.default_alarm_pool_heap
                0x2000044c       0x10 CMakeFiles/CompressionRigFirmware.dir/C_/VSARM/sdk/pico/pico-sdk/src/common/pico_time/time.c.obj
 .data          0x2000045c       0x48 CMakeFiles/CompressionRigFirmware.dir/C_/VSARM/sdk/pico/pico-sdk/src/rp2_common/hardware_irq/irq_handler_chain.S.obj
                0x2000045c                irq_handler_chain_slots
                0x2000048c                irq_handler_chain_first_slot
                0x20000496                irq_handler_chain_remove_tail
 *fill*         0x200004a4        0xc 
 .data.aeabi_bits_funcs
                0x200004b0       0x10 CMakeFiles/CompressionRigFirmware.dir/C_/VSARM/sdk/pico/pico-sdk/src/rp2_common/pico_bit_ops/bit_ops_aeabi.S.obj
                0x200004b0                aeabi_bits_funcs
                0x200004c0                aeabi_bits_funcs_end
 .data.aeabi_mem_funcs
                0x200004c0       0x10 CMakeFiles/CompressionRigFirmware.dir/C_/VSARM/sdk/pico/pico-sdk/src/rp2_common/pico_mem_ops/mem_ops_aeabi.S.obj
                0x200004c0                aeabi_mem_funcs
                0x200004d0                aeabi_mem_funcs_end
 .data.stdio_usb
                0x200004d0       0x14 CMakeFiles/CompressionRigFirmware.dir/C_/VSARM/sdk/pico/pico-sdk/src/rp2_common/pico_stdio_usb/stdio_usb.c.obj
                0x200004d0                stdio_usb
 .data.ep_dir_string
                0x200004e4        0x8 CMakeFiles/CompressionRigFirmware.dir/C_/VSARM/sdk/pico/pico-sdk/lib/tinyusb/src/portable/raspberrypi/rp2040/rp2040_usb.c.obj
                0x200004e4                ep_dir_string
 .data._usbd_qdef
                0x200004ec       0x24 CMakeFiles/CompressionRigFirmware.dir/C_/VSARM/sdk/pico/pico-sdk/lib/tinyusb/src/device/usbd.c.obj
                0x200004ec                _usbd_qdef
 .data._impure_ptr
                0x20000510        0x4 c:/vsarm/armcc/102021~1.10/bin/../lib/gcc/arm-none-eabi/10.3.1/../../../../arm-none-eabi/lib/thumb/v6-m/nofp\libc.a(lib_a-impure.o)
                0x20000510                _impure_ptr
 *fill*         0x20000514        0x4 
 .data.impure_data
                0x20000518      0x428 c:/vsarm/armcc/102021~1.10/bin/../lib/gcc/arm-none-eabi/10.3.1/../../../../arm-none-eabi/lib/thumb/v6-m/nofp\libc.a(lib_a-impure.o)
 .data.__malloc_av_
                0x20000940      0x408 c:/vsarm/armcc/102021~1.10/bin/../lib/gcc/arm-none-eabi/10.3.1/../../../../arm-none-eabi/lib/thumb/v6-m/nofp\libc.a(lib_a-mallocr.o)
                0x20000940                __malloc_av_
 .data.__malloc_sbrk_base
                0x20000d48        0x4 c:/vsarm/armcc/102021~1.10/bin/../lib/gcc/arm-none-eabi/10.3.1/../../../../arm-none-eabi/lib/thumb/v6-m/nofp\libc.a(lib_a-mallocr.o)
                0x20000d48                __malloc_sbrk_base
 .data.__malloc_trim_threshold